
[1m[46m RUN [49m[22m [36mv4.0.18 [39m[90m/home/coder/dev/admin-panel[39m

 [32m✓[39m supabase/functions/midtrans-webhook/__tests__/index.test.ts[2m > [22mmidtrans-webhook pre-signature safety[2m > [22mreturns 401 for invalid signatures without writing any database rows[32m 15[2mms[22m[39m
 [32m✓[39m supabase/functions/midtrans-webhook/__tests__/index.test.ts[2m > [22mmidtrans-webhook pre-signature safety[2m > [22mreturns 503 when config is unavailable before signature validation without writing rows[32m 3[2mms[22m[39m
 [32m✓[39m supabase/functions/midtrans-webhook/__tests__/index.test.ts[2m > [22mmidtrans-webhook pre-signature safety[2m > [22mreturns 401 for invalid signatures on bound legacy transactions without writing rows[32m 4[2mms[22m[39m
 [32m✓[39m supabase/functions/midtrans-webhook/__tests__/index.test.ts[2m > [22mmidtrans-webhook Task 4 log redaction[2m > [22mredacts invalid JSON parse details from logs while preserving the 400 response[32m 3[2mms[22m[39m
 [32m✓[39m supabase/functions/midtrans-webhook/__tests__/index.test.ts[2m > [22mmidtrans-webhook Task 4 log redaction[2m > [22mclassifies malformed payload 400 responses without logging raw request fields[32m 3[2mms[22m[39m
 [32m✓[39m supabase/functions/midtrans-webhook/__tests__/index.test.ts[2m > [22mmidtrans-webhook Task 4 log redaction[2m > [22mredacts raw notification persistence errors from logs and responses[32m 6[2mms[22m[39m
 [32m✓[39m supabase/functions/midtrans-webhook/__tests__/index.test.ts[2m > [22mmidtrans-webhook Task 4 log redaction[2m > [22mredacts status verification provider failures from logs and retry response[33m 904[2mms[22m[39m
 [32m✓[39m supabase/functions/midtrans-webhook/__tests__/index.test.ts[2m > [22mmidtrans-webhook Task 4 log redaction[2m > [22mredacts transition RPC errors from logs and retry response[32m 3[2mms[22m[39m
 [32m✓[39m supabase/functions/midtrans-webhook/__tests__/index.test.ts[2m > [22mmidtrans-webhook Task 4 log redaction[2m > [22mredacts unexpected outer catch errors from logs and generic response[32m 2[2mms[22m[39m
 [32m✓[39m supabase/functions/midtrans-webhook/__tests__/index.test.ts[2m > [22mmidtrans-webhook transition currency validation[2m > [22mdoes not verify or transition a success-like raw notification when Midtrans status is still pending[32m 5[2mms[22m[39m
 [32m✓[39m supabase/functions/midtrans-webhook/__tests__/index.test.ts[2m > [22mmidtrans-webhook transition currency validation[2m > [22mdoes not downgrade an already verified orphan notification when status verification fails[33m 905[2mms[22m[39m
 [32m✓[39m supabase/functions/midtrans-webhook/__tests__/index.test.ts[2m > [22mmidtrans-webhook transition currency validation[2m > [22mdoes not downgrade an already verified canonical payment when status verification fails[33m 907[2mms[22m[39m
 [32m✓[39m supabase/functions/midtrans-webhook/__tests__/index.test.ts[2m > [22mmidtrans-webhook transition currency validation[2m > [22mmarks a corroborated orphan notification verified before returning an order lookup retry[33m 906[2mms[22m[39m
 [32m✓[39m supabase/functions/midtrans-webhook/__tests__/index.test.ts[2m > [22mmidtrans-webhook transition currency validation[2m > [22mrejects verified and payload USD for an IDR order before transition or side effects[32m 6[2mms[22m[39m
 [32m✓[39m supabase/functions/midtrans-webhook/__tests__/index.test.ts[2m > [22mmidtrans-webhook settlement side-effect queueing[2m > [22mqueues and triggers fulfillment once for an applied settlement transition while preserving the verified raw marker[32m 16[2mms[22m[39m
 [32m✓[39m supabase/functions/midtrans-webhook/__tests__/index.test.ts[2m > [22mmidtrans-webhook settlement side-effect queueing[2m > [22maccepts a duplicate completed settlement no-op without triggering fulfillment[32m 4[2mms[22m[39m
 [32m✓[39m supabase/functions/midtrans-webhook/__tests__/index.test.ts[2m > [22mmidtrans-webhook settlement side-effect queueing[2m > [22mcan resume an existing incomplete no-op settlement task without creating a new transition[32m 5[2mms[22m[39m
 [32m✓[39m supabase/functions/midtrans-webhook/__tests__/index.test.ts[2m > [22mmidtrans-webhook settlement side-effect queueing[2m > [22mdoes not queue settlement effects for capture challenge[32m 3[2mms[22m[39m
 [32m✓[39m supabase/functions/midtrans-webhook/__tests__/index.test.ts[2m > [22mmidtrans-webhook settlement side-effect queueing[2m > [22mrejects raw and verified amount disagreement before transition or side-effect queueing[32m 5[2mms[22m[39m
 [32m✓[39m supabase/functions/midtrans-webhook/__tests__/index.test.ts[2m > [22mmidtrans-webhook settlement side-effect queueing[2m > [22mkeeps canonical payment amount immutable while auditing a signed amount mismatch[32m 2[2mms[22m[39m
 [32m✓[39m src/pages/__tests__/dashboard.test.tsx[2m > [22mDashboard[2m > [22mrenders translated order status labels in recent orders[32m 188[2mms[22m[39m
 [32m✓[39m src/pages/__tests__/dashboard.test.tsx[2m > [22mDashboard[2m > [22mlabels dashboard tables and keeps non-essential recent order columns responsive[33m 437[2mms[22m[39m
 [32m✓[39m src/pages/__tests__/dashboard.test.tsx[2m > [22mDashboard[2m > [22mdoes not duplicate accessible text when an order ID is already short[32m 74[2mms[22m[39m
 [32m✓[39m src/pages/__tests__/dashboard.test.tsx[2m > [22mDashboard[2m > [22mkeeps KPI cards honest while metric values are loading[32m 44[2mms[22m[39m
 [32m✓[39m src/pages/__tests__/dashboard.test.tsx[2m > [22mDashboard[2m > [22mqueries low-stock SKUs with an exact active product count[32m 30[2mms[22m[39m
 [32m✓[39m src/pages/__tests__/dashboard.test.tsx[2m > [22mDashboard[2m > [22mqueries operational metrics from the aggregate RPC resource[32m 50[2mms[22m[39m
 [32m✓[39m src/pages/__tests__/dashboard.test.tsx[2m > [22mDashboard[2m > [22mupdates operational metric filters when a new granularity is selected[33m 341[2mms[22m[39m
 [32m✓[39m src/pages/__tests__/dashboard.test.tsx[2m > [22mDashboard[2m > [22mkeeps headline KPI cards on the fixed 30-day window when trend granularity changes[32m 90[2mms[22m[39m
 [32m✓[39m src/pages/__tests__/dashboard.test.tsx[2m > [22mDashboard[2m > [22mswitches back to day trend reusing KPI data without stale weekly rows[32m 254[2mms[22m[39m
 [32m✓[39m src/pages/__tests__/dashboard.test.tsx[2m > [22mDashboard[2m > [22mrenders dashboard KPI values from operational totals and exact low-stock count[32m 162[2mms[22m[39m
 [32m✓[39m src/pages/__tests__/dashboard.test.tsx[2m > [22mDashboard[2m > [22mlets the fulfillment-risk KPI fill the attention panel at extra-large widths[32m 41[2mms[22m[39m
 [32m✓[39m src/pages/__tests__/dashboard.test.tsx[2m > [22mDashboard[2m > [22mrenders zero-denominator KPI values without NaN or Infinity[32m 47[2mms[22m[39m
 [32m✓[39m src/pages/__tests__/dashboard.test.tsx[2m > [22mDashboard[2m > [22moperational alerts[2m > [22mrenders a no-risk state when KPI risks are clear and queries succeed[32m 75[2mms[22m[39m
 [32m✓[39m src/pages/__tests__/dashboard.test.tsx[2m > [22mDashboard[2m > [22moperational alerts[2m > [22mrenders a neutral loading alert instead of no-risk while risk queries are pending[32m 64[2mms[22m[39m
 [32m✓[39m src/pages/__tests__/dashboard.test.tsx[2m > [22mDashboard[2m > [22moperational alerts[2m > [22mrenders a generic metrics-error alert without raw thrown details[32m 65[2mms[22m[39m
 [32m✓[39m src/pages/__tests__/dashboard.test.tsx[2m > [22mDashboard[2m > [22moperational alerts[2m > [22mretries dashboard summary metrics from the error alert[32m 77[2mms[22m[39m
 [32m✓[39m src/pages/__tests__/dashboard.test.tsx[2m > [22mDashboard[2m > [22moperational alerts[2m > [22mretries the active trend query when a selected non-daily period fails[32m 136[2mms[22m[39m
 [32m✓[39m src/pages/__tests__/dashboard.test.tsx[2m > [22mDashboard[2m > [22moperational alerts[2m > [22mshows table error states instead of healthy empty copy when dashboard tables fail[32m 52[2mms[22m[39m
 [32m✓[39m src/pages/__tests__/dashboard.test.tsx[2m > [22mDashboard[2m > [22moperational alerts[2m > [22mrenders a paid-not-delivered warning when paid orders exceed delivered orders[32m 81[2mms[22m[39m
 [32m✓[39m src/pages/__tests__/dashboard.test.tsx[2m > [22mDashboard[2m > [22moperational alerts[2m > [22mrenders a low-stock data error when the stock query fails[32m 48[2mms[22m[39m
 [32m✓[39m src/pages/__tests__/dashboard.test.tsx[2m > [22mDashboard[2m > [22moperational alerts[2m > [22mrenders a low-stock warning when active SKU count is above zero[32m 38[2mms[22m[39m
 [32m✓[39m src/pages/__tests__/dashboard.test.tsx[2m > [22mDashboard[2m > [22moperational alerts[2m > [22mpreserves recent order and low-stock query contracts plus View All navigation[32m 108[2mms[22m[39m
 [32m✓[39m src/pages/__tests__/dashboard.test.tsx[2m > [22mDashboard[2m > [22mrenders populated order trends with labels and the translated summary[32m 56[2mms[22m[39m
 [32m✓[39m src/pages/__tests__/dashboard.test.tsx[2m > [22mDashboard[2m > [22mrenders the order trend loading state while the aggregate query is pending[32m 20[2mms[22m[39m
 [32m✓[39m src/pages/__tests__/dashboard.test.tsx[2m > [22mDashboard[2m > [22mrenders the order trend empty state when no aggregate rows are returned[32m 21[2mms[22m[39m
 [32m✓[39m src/pages/__tests__/dashboard.test.tsx[2m > [22mDashboard[2m > [22mrenders the order trend empty state when aggregate rows only have malformed bucket starts[32m 15[2mms[22m[39m
 [32m✓[39m src/pages/__tests__/dashboard.test.tsx[2m > [22mDashboard[2m > [22mrenders the order trend error state without exposing failed query details[32m 59[2mms[22m[39m
 [32m✓[39m src/pages/__tests__/dashboard.test.tsx[2m > [22mDashboard[2m > [22mrenders zero-value aggregate rows as a chart with the zero summary instead of Empty[32m 64[2mms[22m[39m
 [32m✓[39m src/pages/__tests__/dashboard.test.tsx[2m > [22mDashboard[2m > [22mkeeps existing dashboard cards, tables, and navigation actions available[32m 101[2mms[22m[39m
 [32m✓[39m src/pages/__tests__/forms.test.tsx[2m > [22mform pages[2m > [22mrenders product create and edit forms with image upload wiring[32m 163[2mms[22m[39m
 [32m✓[39m src/pages/__tests__/forms.test.tsx[2m > [22mform pages[2m > [22mauto-generates product create SKU while SKU is untouched[32m 20[2mms[22m[39m
 [32m✓[39m src/pages/__tests__/forms.test.tsx[2m > [22mform pages[2m > [22mstops product create SKU auto-generation after the SKU field is touched[32m 21[2mms[22m[39m
 [32m✓[39m src/pages/__tests__/forms.test.tsx[2m > [22mform pages[2m > [22mnormalizes manual product create SKU on blur[32m 21[2mms[22m[39m
 [32m✓[39m src/pages/__tests__/forms.test.tsx[2m > [22mform pages[2m > [22mnormalizes manual product create SKU before submit[32m 65[2mms[22m[39m
 [32m✓[39m src/pages/__tests__/forms.test.tsx[2m > [22mform pages[2m > [22msets a field error and prevents submit for duplicate product create SKU[32m 77[2mms[22m[39m
 [32m✓[39m src/pages/__tests__/forms.test.tsx[2m > [22mform pages[2m > [22msets a field error and prevents submit for invalid product create SKU[32m 36[2mms[22m[39m
 [32m✓[39m src/pages/__tests__/forms.test.tsx[2m > [22mform pages[2m > [22mchecks duplicate product edit SKU through admin_products excluding the current product[32m 76[2mms[22m[39m
 [32m✓[39m src/pages/__tests__/forms.test.tsx[2m > [22mform pages[2m > [22mdoes not overwrite product edit SKU when name or category changes[32m 14[2mms[22m[39m
 [32m✓[39m src/pages/__tests__/forms.test.tsx[2m > [22mform pages[2m > [22mnormalizes manual product edit SKU on blur[32m 16[2mms[22m[39m
 [32m✓[39m src/pages/__tests__/forms.test.tsx[2m > [22mform pages[2m > [22mrejects duplicate product edit SKU from another product[32m 66[2mms[22m[39m
 [32m✓[39m src/pages/__tests__/forms.test.tsx[2m > [22mform pages[2m > [22mrenders product description with edit modal flow[33m 595[2mms[22m[39m
 [32m✓[39m src/pages/__tests__/forms.test.tsx[2m > [22mform pages[2m > [22mrenders category create and edit forms with logo upload[32m 6[2mms[22m[39m
 [32m✓[39m src/pages/__tests__/forms.test.tsx[2m > [22mform pages[2m > [22mrenders domain Settings tabs with localized labels[33m 370[2mms[22m[39m
 [32m✓[39m src/pages/__tests__/forms.test.tsx[2m > [22mform pages[2m > [22mscopes the public settings save affordance to the Store Profile tab[33m 330[2mms[22m[39m
 [32m✓[39m src/pages/__tests__/forms.test.tsx[2m > [22mform pages[2m > [22mrenders settings page with shipping picker controls outside the public settings form path[33m 342[2mms[22m[39m
 [32m✓[39m src/pages/__tests__/forms.test.tsx[2m > [22mform pages[2m > [22mpayment settings renders sanitized Midtrans controls and requests only payment summary keys[32m 201[2mms[22m[39m
 [32m✓[39m src/pages/__tests__/forms.test.tsx[2m > [22mform pages[2m > [22mpayment settings shows a safe empty state when payment summary rows are absent[32m 142[2mms[22m[39m
 [32m✓[39m src/pages/__tests__/forms.test.tsx[2m > [22mform pages[2m > [22mnormalizes deployed legacy summary arrays into settings rows[32m 2[2mms[22m[39m
 [32m✓[39m src/pages/__tests__/forms.test.tsx[2m > [22mform pages[2m > [22mpayment settings rotates the Midtrans server key with a hidden reason and clears the replacement input[32m 177[2mms[22m[39m
 [32m✓[39m src/pages/__tests__/forms.test.tsx[2m > [22mform pages[2m > [22mpayment settings saves Midtrans mode as a boolean without source metadata[32m 210[2mms[22m[39m
 [32m✓[39m src/pages/__tests__/forms.test.tsx[2m > [22mform pages[2m > [22mpayment settings does not save production mode when confirmation is cancelled[32m 126[2mms[22m[39m
 [32m✓[39m src/pages/__tests__/forms.test.tsx[2m > [22mform pages[2m > [22mshipping runtime renders concise integration-backed controls without duplicate public settings editors[32m 189[2mms[22m[39m
 [32m✓[39m src/pages/__tests__/forms.test.tsx[2m > [22mform pages[2m > [22mshipping runtime shows safe Biteship health alert for incomplete runtime config[32m 133[2mms[22m[39m
 [32m✓[39m src/pages/__tests__/forms.test.tsx[2m > [22mform pages[2m > [22mshipping runtime updates use integration config actions and avoid the public settings save path[33m 873[2mms[22m[39m
 [32m✓[39m src/pages/__tests__/forms.test.tsx[2m > [22mform pages[2m > [22mkeeps shipping runtime config keys in the client contract and shipping panel source[32m 1[2mms[22m[39m
 [32m✓[39m src/pages/__tests__/forms.test.tsx[2m > [22mform pages[2m > [22mdefines one primary Settings owner for every runtime integration config key[32m 3[2mms[22m[39m
 [32m✓[39m src/pages/__tests__/forms.test.tsx[2m > [22mform pages[2m > [22mAudit Konfigurasi manually loads all owner audit keys after clicking Muat audit[32m 86[2mms[22m[39m
 [32m✓[39m src/pages/__tests__/forms.test.tsx[2m > [22mform pages[2m > [22mAudit Konfigurasi loads owner-specific keys and explicit key filters only[32m 42[2mms[22m[39m
 [32m✓[39m src/pages/__tests__/forms.test.tsx[2m > [22mform pages[2m > [22mAudit Konfigurasi loads only payment owner keys[32m 34[2mms[22m[39m
 [32m✓[39m src/pages/__tests__/forms.test.tsx[2m > [22mform pages[2m > [22mAudit Konfigurasi loads only technical owner keys[32m 39[2mms[22m[39m
 [32m✓[39m src/pages/__tests__/forms.test.tsx[2m > [22mform pages[2m > [22mAudit Konfigurasi loads only the explicit Midtrans server key[32m 25[2mms[22m[39m
 [32m✓[39m src/pages/__tests__/forms.test.tsx[2m > [22mform pages[2m > [22mAudit Konfigurasi filters actions after fetch and before the final limit[32m 40[2mms[22m[39m
 [32m✓[39m src/pages/__tests__/forms.test.tsx[2m > [22mform pages[2m > [22mAudit Konfigurasi sorts visible rows newest first[32m 45[2mms[22m[39m
 [32m✓[39m src/pages/__tests__/forms.test.tsx[2m > [22mform pages[2m > [22mAudit Konfigurasi displays no more rows than the selected limit[33m 373[2mms[22m[39m
 [32m✓[39m src/pages/__tests__/forms.test.tsx[2m > [22mform pages[2m > [22mAudit Konfigurasi renders missing values as dashes and uses only masked old and new values[32m 50[2mms[22m[39m
 [32m✓[39m src/pages/__tests__/forms.test.tsx[2m > [22mform pages[2m > [22mAudit Konfigurasi renders unknown action labels as safe text[32m 48[2mms[22m[39m
 [32m✓[39m src/pages/__tests__/forms.test.tsx[2m > [22mform pages[2m > [22mAudit Konfigurasi clears an incompatible payment key when owner switches to shipping[32m 35[2mms[22m[39m
 [32m✓[39m src/pages/__tests__/forms.test.tsx[2m > [22mform pages[2m > [22mAudit Konfigurasi discards partial rows and shows a generic error when any key fails[32m 37[2mms[22m[39m
 [32m✓[39m src/pages/__tests__/forms.test.tsx[2m > [22mform pages[2m > [22mprovides primitive rows that hide raw metadata until details are requested[32m 46[2mms[22m[39m
 [32m✓[39m src/pages/__tests__/forms.test.tsx[2m > [22mform pages[2m > [22mcreates blank secret replacement drafts instead of hydrating masked or plaintext values[32m 11[2mms[22m[39m
 [32m✓[39m src/pages/__tests__/forms.test.tsx[2m > [22mform pages[2m > [22mdisables secret replacement saves when requested[32m 11[2mms[22m[39m
 [32m✓[39m src/pages/__tests__/forms.test.tsx[2m > [22mform pages[2m > [22madvanced section does not render moved domain edit controls[32m 95[2mms[22m[39m
 [32m✓[39m src/pages/__tests__/forms.test.tsx[2m > [22mform pages[2m > [22madvanced technical settings rotates the Expo push token with a hidden reason[32m 196[2mms[22m[39m
 [32m✓[39m src/pages/__tests__/forms.test.tsx[2m > [22mform pages[2m > [22madvanced technical settings sends CORS origins updates as arrays[32m 104[2mms[22m[39m
 [32m✓[39m src/pages/__tests__/forms.test.tsx[2m > [22mform pages[2m > [22madvanced technical settings shows safe loading and gateway errors without raw response internals[32m 37[2mms[22m[39m
 [32m✓[39m src/pages/__tests__/forms.test.tsx[2m > [22mform pages[2m > [22mrenders nothing for profile without identity and shows password mismatch feedback when loaded[32m 39[2mms[22m[39m
 [32m✓[39m src/pages/__tests__/order-show.test.tsx[2m > [22mOrderShow[2m > [22mrenders order details, initializes the form, and syncs tracking[33m 957[2mms[22m[39m
 [32m✓[39m src/pages/__tests__/order-show.test.tsx[2m > [22mOrderShow[2m > [22mblocks unpaid fulfillment and tracking actions while preserving cancellation[32m 266[2mms[22m[39m
 [32m✓[39m src/pages/__tests__/order-show.test.tsx[2m > [22mOrderShow[2m > [22mkeeps long order and shipping identifiers readable in narrow detail layouts[32m 203[2mms[22m[39m
 [32m✓[39m src/pages/__tests__/order-show.test.tsx[2m > [22mOrderShow[2m > [22mdoes not render copy controls for blank external IDs or waybills[32m 108[2mms[22m[39m
 [32m✓[39m src/pages/__tests__/order-show.test.tsx[2m > [22mOrderShow[2m > [22mrenders a clear error alert when the primary order load fails[32m 13[2mms[22m[39m
 [32m✓[39m src/pages/__tests__/order-show.test.tsx[2m > [22mOrderShow[2m > [22mannounces activity loading with visible status text[32m 67[2mms[22m[39m
 [32m✓[39m src/pages/__tests__/order-show.test.tsx[2m > [22mOrderShow[2m > [22mrenders order item SKU snapshots with an explicit fallback for legacy rows[32m 53[2mms[22m[39m
 [32m✓[39m src/pages/__tests__/order-show.test.tsx[2m > [22mOrderShow[2m > [22mrenders localized empty product and activity error states[32m 145[2mms[22m[39m
 [32m✓[39m src/pages/__tests__/order-show.test.tsx[2m > [22mOrderShow[2m > [22mhides sync action for terminal biteship orders[32m 229[2mms[22m[39m
 [31m×[39m src/pages/__tests__/order-show.test.tsx[2m > [22mOrderShow[2m > [22mrenders a biteship warning when the latest sync reports an exception state[32m 115[2mms[22m[39m
[31m   → Unable to find an element with the text: orders.biteshipAlertTitle. This could be because the text is broken up by multiple elements. In this case, you can provide a function for your text matcher to make your matcher more flexible.

Ignored nodes: comments, script, style
[36m<body>[31m
  [36m<div>[31m
    [36m<div>[31m
      [36m<div[31m
        [33mstyle[31m=[32m"display: flex; flex-direction: column; gap: 24px;"[31m
      [36m>[31m
        [36m<div>[31m
          [36m<div>[31m
            [36m<div[31m
              [33mstyle[31m=[32m"display: flex; flex-direction: column; gap: 24px;"[31m
            [36m>[31m
              [36m<div>[31m
                [36m<div>[31m
                  [36m<h2>[31m
                    [0morders.productList[0m
                  [36m</h2>[31m
                [36m</div>[31m
                [36m<div[31m
                  [33maria-label[31m=[32m"orders.tables.productItemsAriaLabel"[31m
                [36m>[31m
                  [36m<div[31m
                    [33mdata-scroll-x[31m=[32m"max-content"[31m
                    [33mdata-testid[31m=[32m"order-items-table"[31m
                  [36m>[31m
                    [36m<div>[31m
                      [0morders.empty.productItems[0m
                    [36m</div>[31m
                    [36m<div>[31m
                      [36m<div>[31m
                        [0morders.fields.product[0m
                      [36m</div>[31m
                    [36m</div>[31m
                    [36m<div>[31m
                      [36m<div>[31m
                        [0morders.fields.sku[0m
                      [36m</div>[31m
                    [36m</div>[31m
                    [36m<div>[31m
                      [36m<div>[31m
                        [0morders.fields.quantity[0m
                      [36m</div>[31m
                    [36m</div>[31m
                    [36m<div>[31m
                      [36m<div>[31m
                        [0morders.fields.unitPrice[0m
                      [36m</div>[31m
                    [36m</div>[31m
                    [36m<div>[31m
                      [36m<div>[31m
                        [0morders.fields.subtotal[0m
                      [36m</div>[31m
                    [36m</div>[31m
                  [36m</div>[31m
                [36m</div>[31m
              [36m</div>[31m
              [36m<div[31m
                [33mstyle[31m=[32m"display: grid; grid-template-columns: repeat(auto-fit, minmax(min(100%, 768px), 1fr)); gap: 24px; align-items: start;"[31m
              [36m>[31m
                [36m<div>[31m
                  [36m<div>[31m
                    [36m<h2>[31m
                      [0morders.buyerAndShipping[0m
                    [36m</h2>[31m
                  [36m</div>[31m
                  [36m<div[31m
                    [33mstyle[31m=[32m"display: grid; gap: 16px;"[31m
                  [36m>[31m
                    [36m<div[31m
                      [33mstyle[31m=[32m"display: grid; gap: 4px; min-width: 0px; max-width: 100%;"[31m
                    [36m>[31m
                      [36m<span[31m
                        [33mstyle[31m=[32m"color: rgb(153, 153, 153); font-size: 12px; line-height: 1.5;"[31m
                      [36m>[31m
                        [0morders.fields.customerName[0m
                      [36m</span>[31m
                      [36m<div[31m
                        [33mstyle[31m=[32m"min-width: 0px; max-width: 100%; overflow-wrap: break-word; word-break: normal;"[31m
                      [36m>[31m
                        [36m<span[31m
                          [33mstyle[31m=[32m"display: inline-flex; align-items: center; max-width: 100%; min-width: 0px; padding-block: 4px; overflow-wrap: break-word; word-break: normal; white-space: normal;"[31m
                        [36m>[31m
                          [0m-[0m
                        [36m</span>[31m
                      [36m</div>[31m
                    [36m</div>[31m
                    [36m<div[31m
                      [33mstyle[31m=[32m"display: grid; gap: 4px; min-width: 0px; max-width: 100%;"[31m
                    [36m>[31m
                      [36m<span[31m
                        [33mstyle[31m=[32m"color: rgb(153, 153, 153); font-size: 12px; line-height: 1.5;"[31m
                      [36m>[31m
                        [0morders.fields.customerEmail[0m
                      [36m</span>[31m
                      [36m<div[31m
                        [33mstyle[31m=[32m"min-width: 0px; max-width: 100%; overflow-wrap: break-word; word-break: normal;"[31m
                      [36m>[31m
                        [36m<span[31m
                          [33mstyle[31m=[32m"display: inline-flex; align-items: center; max-width: 100%; min-width: 0px; padding-block: 4px; overflow-wrap: break-word; word-break: normal; white-space: normal;"[31m
                        [36m>[31m
                          [0m-[0m
                        [36m</span>[31m
                      [36m</div>[31m
                    [36m</div>[31m
                    [36m<div[31m
                      [33mstyle[31m=[32m"display: grid; gap: 4px; min-width: 0px; max-width: 100%;"[31m
                    [36m>[31m
                      [36m<span[31m
                        [33mstyle[31m=[32m"color: rgb(153, 153, 153); font-size: 12px; line-height: 1.5;"[31m
                      [36m>[31m
                        [0morders.fields.customerPhone[0m
                      [36m</span>[31m
                      [36m<div[31m
                        [33mstyle[31m=[32m"min-width: 0px; max-width: 100%; overflow-wrap: break-word; word-break: normal;"[31m
                      [36m>[31m
                        [36m<span[31m
                          [33mstyle[31m=[32m"display: inline-flex; align-items: center; max-width: 100%; min-width: 0px; padding-block: 4px; overflow-wrap: break-word; word-break: normal; white-space: normal;"[31m
                        [36m>[31m
                          [0m-[0m
                        [36m</span>[31m
                      [36m</div>[31m
                    [36m</div>[31m
                    [36m<div[31m
                      [33mstyle[31m=[32m"display: grid; gap: 4px; min-width: 0px; max-width: 100%;"[31m
                    [36m>[31m
                      [36m<span[31m
                        [33mstyle[31m=[32m"color: rgb(153, 153, 153); font-size: 12px; line-height: 1.5;"[31m
                      [36m>[31m
                        [0morders.fields.receiverName[0m
                      [36m</span>[31m
                      [36m<div[31m
                        [33mstyle[31m=[32m"min-width: 0px; max-width: 100%; overflow-wrap: break-word; word-break: normal;"[31m
                      [36m>[31m
                        [36m<span[31m
                          [33mstyle[31m=[32m"display: inline-flex; align-items: center; max-width: 100%; min-width: 0px; padding-block: 4px; overflow-wrap: break-word; word-break: normal; white-space:...[39m
 [32m✓[39m src/pages/__tests__/order-show.test.tsx[2m > [22mOrderShow[2m > [22mdoes not keep showing an old biteship warning after a newer healthy sync[32m 61[2mms[22m[39m
 [32m✓[39m src/pages/__tests__/order-show.test.tsx[2m > [22mOrderShow[2m > [22mshows only next-step status options for shipped orders[32m 109[2mms[22m[39m
 [32m✓[39m src/pages/__tests__/order-show.test.tsx[2m > [22mOrderShow[2m > [22mkeeps Biteship-managed shipped orders sync-driven by hiding manual downstream status options[32m 159[2mms[22m[39m
 [32m✓[39m src/pages/__tests__/order-show.test.tsx[2m > [22mOrderShow[2m > [22mkeeps Biteship-managed in_transit orders sync-driven by hiding manual delivery transition[32m 257[2mms[22m[39m
 [32m✓[39m src/pages/__tests__/order-show.test.tsx[2m > [22mOrderShow[2m > [22mhides manual waybill entry by default for Biteship-managed awaiting_shipment orders[32m 71[2mms[22m[39m
 [32m✓[39m src/pages/__tests__/order-show.test.tsx[2m > [22mOrderShow[2m > [22mshows manual waybill override controls after enabling override mode[32m 149[2mms[22m[39m
 [32m✓[39m src/pages/__tests__/order-show.test.tsx[2m > [22mOrderShow[2m > [22msubmits a manual override payload for Biteship-managed shipped transitions[32m 169[2mms[22m[39m
 [32m✓[39m src/pages/auth/__tests__/login.test.tsx[2m > [22mLogin[2m > [22mforces MFA redirect to win over the Refine return-to query[33m 2031[2mms[22m[39m
 [32m✓[39m src/pages/auth/__tests__/login.test.tsx[2m > [22mLogin[2m > [22mhonors the return-to query when MFA is not required[33m 332[2mms[22m[39m
 [32m✓[39m src/pages/auth/__tests__/login.test.tsx[2m > [22mLogin[2m > [22mlinks to the forgot password route[32m 266[2mms[22m[39m
 [32m✓[39m supabase/functions/_shared/__tests__/webhook-side-effects.test.ts[2m > [22mtriggerWebhookSideEffectProcessor[2m > [22mredacts non-OK processor response bodies[32m 6[2mms[22m[39m
 [32m✓[39m supabase/functions/_shared/__tests__/webhook-side-effects.test.ts[2m > [22mtriggerWebhookSideEffectProcessor[2m > [22mredacts processor trigger fetch errors[32m 2[2mms[22m[39m
 [32m✓[39m supabase/functions/_shared/__tests__/webhook-side-effects.test.ts[2m > [22mprocessWebhookSideEffectTask cart cleanup[2m > [22mqueues initial settlement side effects only after an applied transition[32m 4[2mms[22m[39m
 [32m✓[39m supabase/functions/_shared/__tests__/webhook-side-effects.test.ts[2m > [22mprocessWebhookSideEffectTask cart cleanup[2m > [22mdoes not recreate settlement side effects for a duplicate no-op after completion[32m 1[2mms[22m[39m
 [32m✓[39m supabase/functions/_shared/__tests__/webhook-side-effects.test.ts[2m > [22mprocessWebhookSideEffectTask cart cleanup[2m > [22mresumes an existing incomplete no-op task without re-adding finished stock or shipment work[32m 1[2mms[22m[39m
 [32m✓[39m supabase/functions/_shared/__tests__/webhook-side-effects.test.ts[2m > [22mprocessWebhookSideEffectTask cart cleanup[2m > [22mdoes not queue settlement side effects for capture challenge payment state[32m 1[2mms[22m[39m
 [32m✓[39m supabase/functions/_shared/__tests__/webhook-side-effects.test.ts[2m > [22mprocessWebhookSideEffectTask cart cleanup[2m > [22mcreates a Biteship config snapshot before queueing settlement fulfillment[32m 3[2mms[22m[39m
 [32m✓[39m supabase/functions/_shared/__tests__/webhook-side-effects.test.ts[2m > [22mprocessWebhookSideEffectTask cart cleanup[2m > [22mblocks Biteship creation retryably when the required snapshot is missing[32m 2[2mms[22m[39m
 [32m✓[39m supabase/functions/_shared/__tests__/webhook-side-effects.test.ts[2m > [22mprocessWebhookSideEffectTask cart cleanup[2m > [22mpasses the runtime API key and stored snapshot into Biteship creation and shipment persistence[32m 2[2mms[22m[39m
 [32m✓[39m supabase/functions/_shared/__tests__/webhook-side-effects.test.ts[2m > [22mprocessWebhookSideEffectTask cart cleanup[2m > [22mkeeps Biteship retry budgets below processor and Edge runtime headroom[32m 1[2mms[22m[39m
 [32m✓[39m supabase/functions/_shared/__tests__/webhook-side-effects.test.ts[2m > [22mprocessWebhookSideEffectTask cart cleanup[2m > [22mretries transient Biteship provider failures within the configured budget[32m 4[2mms[22m[39m
 [32m✓[39m supabase/functions/_shared/__tests__/webhook-side-effects.test.ts[2m > [22mprocessWebhookSideEffectTask cart cleanup[2m > [22mdoes not retry non-retryable Biteship validation failures[32m 2[2mms[22m[39m
 [32m✓[39m supabase/functions/_shared/__tests__/webhook-side-effects.test.ts[2m > [22mprocessWebhookSideEffectTask cart cleanup[2m > [22mfails slow Biteship providers safely and records retry state[32m 4[2mms[22m[39m
 [32m✓[39m supabase/functions/_shared/__tests__/webhook-side-effects.test.ts[2m > [22mprocessWebhookSideEffectTask cart cleanup[2m > [22mredacts Biteship provider failures from worker results, persisted task errors, and logs[32m 252[2mms[22m[39m
 [32m✓[39m supabase/functions/_shared/__tests__/webhook-side-effects.test.ts[2m > [22mprocessWebhookSideEffectTask cart cleanup[2m > [22mredacts stock RPC errors from worker results, persisted task errors, and logs[33m 759[2mms[22m[39m
 [32m✓[39m supabase/functions/_shared/__tests__/webhook-side-effects.test.ts[2m > [22mprocessWebhookSideEffectTask cart cleanup[2m > [22mredacts pending Biteship shipment persistence failures and keeps pending result retryable[32m 1[2mms[22m[39m
 [32m✓[39m supabase/functions/_shared/__tests__/webhook-side-effects.test.ts[2m > [22mprocessWebhookSideEffectTask cart cleanup[2m > [22mredacts pending Biteship result save failures through the outer catch path[32m 3[2mms[22m[39m
 [32m✓[39m supabase/functions/_shared/__tests__/webhook-side-effects.test.ts[2m > [22mprocessWebhookSideEffectTask cart cleanup[2m > [22mredacts final Biteship shipment persistence failures and preserves retry state[32m 1[2mms[22m[39m
 [32m✓[39m supabase/functions/_shared/__tests__/webhook-side-effects.test.ts[2m > [22mprocessWebhookSideEffectTask cart cleanup[2m > [22mredacts raw outer catch errors from worker results and persisted task errors[32m 3[2mms[22m[39m
 [32m✓[39m supabase/functions/_shared/__tests__/webhook-side-effects.test.ts[2m > [22mprocessWebhookSideEffectTask cart cleanup[2m > [22mfails Biteship fulfillment closed when runtime API key config is missing[32m 1[2mms[22m[39m
 [32m✓[39m supabase/functions/_shared/__tests__/webhook-side-effects.test.ts[2m > [22mprocessWebhookSideEffectTask cart cleanup[2m > [22mdeletes only selected order-linked cart item IDs and leaves unselected IDs untouched[32m 3[2mms[22m[39m
 [32m✓[39m supabase/functions/_shared/__tests__/webhook-side-effects.test.ts[2m > [22mprocessWebhookSideEffectTask cart cleanup[2m > [22mdoes not reintroduce full-cart cleanup when unselected cart items still exist[32m 1[2mms[22m[39m
 [32m✓[39m supabase/functions/_shared/__tests__/webhook-side-effects.test.ts[2m > [22mprocessWebhookSideEffectTask cart cleanup[2m > [22mkeeps selected cart cleanup idempotent when selected rows were already deleted[32m 1[2mms[22m[39m
 [32m✓[39m supabase/functions/_shared/__tests__/webhook-side-effects.test.ts[2m > [22mprocessWebhookSideEffectTask cart cleanup[2m > [22mmarks missing selected cart provenance as a permanent validation failure[32m 3[2mms[22m[39m
 [32m✓[39m supabase/functions/_shared/__tests__/webhook-side-effects.test.ts[2m > [22mprocessWebhookSideEffectTask cart cleanup[2m > [22mtreats mixed selected provenance as permanent and does not partially delete[32m 1[2mms[22m[39m
 [32m✓[39m supabase/functions/_shared/__tests__/webhook-side-effects.test.ts[2m > [22mprocessWebhookSideEffectTask cart cleanup[2m > [22mrejects selected provenance that points to another user's cart item[32m 3[2mms[22m[39m
 [32m✓[39m supabase/functions/_shared/__tests__/webhook-side-effects.test.ts[2m > [22mprocessWebhookSideEffectTask cart cleanup[2m > [22mkeeps transient selected cart delete failures retryable[32m 1[2mms[22m[39m
 [32m✓[39m supabase/functions/_shared/__tests__/webhook-side-effects.test.ts[2m > [22mprocessWebhookSideEffectTask cart cleanup[2m > [22mredacts selected cart DB errors even when they contain permanent-pattern words[32m 1[2mms[22m[39m
 [32m✓[39m src/pages/__tests__/sales-report.test.tsx[2m > [22mSalesReport[2m > [22mrenders report sections, formatted values, and empty states[33m 384[2mms[22m[39m
 [32m✓[39m src/pages/__tests__/sales-report.test.tsx[2m > [22mSalesReport[2m > [22mrenders the sold-products empty state without affecting other sections[32m 25[2mms[22m[39m
 [32m✓[39m src/pages/__tests__/sales-report.test.tsx[2m > [22mSalesReport[2m > [22mrenders localized fallback for sold products without a product name[32m 16[2mms[22m[39m
 [32m✓[39m src/pages/__tests__/sales-report.test.tsx[2m > [22mSalesReport[2m > [22mrebuilds daily report filters when the date range changes[33m 508[2mms[22m[39m
 [32m✓[39m src/pages/__tests__/sales-report.test.tsx[2m > [22mSalesReport[2m > [22mrenders the Export PDF button[32m 15[2mms[22m[39m
 [32m✓[39m src/pages/__tests__/sales-report.test.tsx[2m > [22mSalesReport[2m > [22mdisables the Export PDF button while data is loading[32m 18[2mms[22m[39m
 [32m✓[39m src/pages/__tests__/sales-report.test.tsx[2m > [22mSalesReport[2m > [22mopens the export modal when the Export PDF button is clicked[32m 104[2mms[22m[39m
 [32m✓[39m src/pages/__tests__/sales-report.test.tsx[2m > [22mSalesReport[2m > [22mrenders all four section checkboxes in the correct order with all selected by default[32m 169[2mms[22m[39m
 [32m✓[39m src/pages/__tests__/sales-report.test.tsx[2m > [22mSalesReport[2m > [22mdisables the confirm button when zero sections are selected[32m 290[2mms[22m[39m
 [32m✓[39m src/pages/__tests__/sales-report.test.tsx[2m > [22mSalesReport[2m > [22mcloses the modal on cancel without calling RPC or PDF helper[32m 108[2mms[22m[39m
 [32m✓[39m src/pages/__tests__/sales-report.test.tsx[2m > [22mSalesReport[2m > [22mresets all sections to selected by default when reopening the modal after cancel[32m 177[2mms[22m[39m
 [32m✓[39m src/pages/__tests__/sales-report.test.tsx[2m > [22mSalesReport[2m > [22mcalls RPC with active date range and passes selected sections to buildSalesReportPdf on confirm[32m 180[2mms[22m[39m
 [32m✓[39m src/pages/__tests__/sales-report.test.tsx[2m > [22mSalesReport[2m > [22mpasses empty arrays when RPC returns null data[32m 109[2mms[22m[39m
 [32m✓[39m src/pages/__tests__/sales-report.test.tsx[2m > [22mSalesReport[2m > [22mshows success message on successful export[32m 104[2mms[22m[39m
 [32m✓[39m src/pages/__tests__/sales-report.test.tsx[2m > [22mSalesReport[2m > [22mshows error message on RPC error[32m 73[2mms[22m[39m
 [32m✓[39m src/pages/__tests__/sales-report.test.tsx[2m > [22mSalesReport[2m > [22mshows error message when RPC throws[32m 70[2mms[22m[39m
 [32m✓[39m src/pages/__tests__/sales-report.test.tsx[2m > [22mSalesReport[2m > [22mpasses only selected sections to buildSalesReportPdf[32m 130[2mms[22m[39m
 [32m✓[39m src/pages/__tests__/sales-report.test.tsx[2m > [22mSalesReport[2m > [22mdisables the Export PDF button when no date range is selected[32m 25[2mms[22m[39m
 [32m✓[39m src/pages/__tests__/details.test.tsx[2m > [22mdetail and dashboard pages[2m > [22mrenders customer profile, localized active action, and recent-order query[33m 709[2mms[22m[39m
 [32m✓[39m src/pages/__tests__/details.test.tsx[2m > [22mdetail and dashboard pages[2m > [22mrenders customer profile fallbacks for missing fields[32m 39[2mms[22m[39m
 [32m✓[39m src/pages/__tests__/details.test.tsx[2m > [22mdetail and dashboard pages[2m > [22mrenders the English missing-email fallback when customer email is null[32m 63[2mms[22m[39m
 [32m✓[39m src/pages/__tests__/details.test.tsx[2m > [22mdetail and dashboard pages[2m > [22mrenders the English missing-email fallback when customer email is missing[32m 17[2mms[22m[39m
 [32m✓[39m src/pages/__tests__/details.test.tsx[2m > [22mdetail and dashboard pages[2m > [22mrenders the English missing-email fallback when customer email is blank[32m 69[2mms[22m[39m
 [32m✓[39m src/pages/__tests__/details.test.tsx[2m > [22mdetail and dashboard pages[2m > [22mrenders the Indonesian missing-email fallback through the translation mock[32m 40[2mms[22m[39m
 [32m✓[39m src/pages/__tests__/details.test.tsx[2m > [22mdetail and dashboard pages[2m > [22mkeeps the customer profile visible when recent orders fail[32m 158[2mms[22m[39m
 [32m✓[39m src/pages/__tests__/details.test.tsx[2m > [22mdetail and dashboard pages[2m > [22mannounces the recent orders loading state to assistive technology[32m 126[2mms[22m[39m
 [32m✓[39m src/pages/__tests__/details.test.tsx[2m > [22mdetail and dashboard pages[2m > [22mrenders explicit alt text for image-backed customer avatars[32m 168[2mms[22m[39m
 [32m✓[39m src/pages/__tests__/details.test.tsx[2m > [22mdetail and dashboard pages[2m > [22mcalls unblock handler for banned customer accounts[32m 63[2mms[22m[39m
 [32m✓[39m src/pages/__tests__/details.test.tsx[2m > [22mdetail and dashboard pages[2m > [22mrenders recent orders and opens a selected order[32m 175[2mms[22m[39m
 [32m✓[39m src/pages/__tests__/details.test.tsx[2m > [22mdetail and dashboard pages[2m > [22mrenders no-orders empty state[32m 48[2mms[22m[39m
 [32m✓[39m src/pages/__tests__/details.test.tsx[2m > [22mdetail and dashboard pages[2m > [22mopens all transactions with a Refine indexed customer filter[32m 61[2mms[22m[39m
 [32m✓[39m src/pages/__tests__/details.test.tsx[2m > [22mdetail and dashboard pages[2m > [22mkeeps recent-order querying and all-transactions navigation disabled without a customer id[32m 69[2mms[22m[39m
 [32m✓[39m src/pages/__tests__/details.test.tsx[2m > [22mdetail and dashboard pages[2m > [22mrenders product detail content including images and status[32m 25[2mms[22m[39m
 [32m✓[39m src/pages/__tests__/details.test.tsx[2m > [22mdetail and dashboard pages[2m > [22mpreserves line breaks for long plain-text product descriptions[32m 13[2mms[22m[39m
 [32m✓[39m src/pages/__tests__/details.test.tsx[2m > [22mdetail and dashboard pages[2m > [22mrenders category details with logo and created date[32m 33[2mms[22m[39m
 [32m✓[39m src/pages/__tests__/details.test.tsx[2m > [22mdetail and dashboard pages[2m > [22mrenders dashboard stats, recent orders, low stock products, and navigation actions[32m 300[2mms[22m[39m
 [32m✓[39m src/pages/profile/__tests__/mfa.test.tsx[2m > [22mProfile MFA management[2m > [22menrolls a first TOTP factor from a dialog and refreshes the factor list[33m 613[2mms[22m[39m
 [32m✓[39m src/pages/profile/__tests__/mfa.test.tsx[2m > [22mProfile MFA management[2m > [22mhides setup actions when one verified factor already exists[32m 63[2mms[22m[39m
 [32m✓[39m src/pages/profile/__tests__/mfa.test.tsx[2m > [22mProfile MFA management[2m > [22mkeeps setup QR and manual secret out of the profile page until the setup dialog opens[32m 100[2mms[22m[39m
 [32m✓[39m src/pages/profile/__tests__/mfa.test.tsx[2m > [22mProfile MFA management[2m > [22mprevents cancel, modal close, and restart while enroll is still pending[32m 231[2mms[22m[39m
 [32m✓[39m src/pages/profile/__tests__/mfa.test.tsx[2m > [22mProfile MFA management[2m > [22mcloses safely without unenroll when enrollment fails before a factor ID exists[32m 107[2mms[22m[39m
 [32m✓[39m src/pages/profile/__tests__/mfa.test.tsx[2m > [22mProfile MFA management[2m > [22munenrolls the newly created unverified factor when setup is cancelled[32m 117[2mms[22m[39m
 [32m✓[39m src/pages/profile/__tests__/mfa.test.tsx[2m > [22mProfile MFA management[2m > [22mlists all TOTP factors with neutral status inside the manage dialog[32m 60[2mms[22m[39m
 [32m✓[39m src/pages/profile/__tests__/mfa.test.tsx[2m > [22mProfile MFA management[2m > [22mconfirms and unenrolls a factor when the session is already AAL2[32m 80[2mms[22m[39m
 [32m✓[39m src/pages/profile/__tests__/mfa.test.tsx[2m > [22mProfile MFA management[2m > [22mremoves one selected app when multiple verified TOTP factors already exist[32m 84[2mms[22m[39m
 [32m✓[39m src/pages/profile/__tests__/mfa.test.tsx[2m > [22mProfile MFA management[2m > [22mblocks unenroll with localized guidance when the current session is not AAL2[32m 72[2mms[22m[39m
 [32m✓[39m src/pages/profile/__tests__/mfa.test.tsx[2m > [22mProfile MFA management[2m > [22mkeeps profile MFA locale copy free of backup and cadangan terminology[32m 1[2mms[22m[39m
 [32m✓[39m src/pages/auth/__tests__/mfa-verify.test.tsx[2m > [22mMfaVerify[2m > [22mverifies a single verified TOTP factor, clears pending MFA state, and navigates to the stored return destination[33m 358[2mms[22m[39m
 [32m✓[39m src/pages/auth/__tests__/mfa-verify.test.tsx[2m > [22mMfaVerify[2m > [22mdefaults successful MFA navigation home when no safe return destination exists[32m 68[2mms[22m[39m
 [32m✓[39m src/pages/auth/__tests__/mfa-verify.test.tsx[2m > [22mMfaVerify[2m > [22mkeeps the admin on MFA verification with localized generic copy when the code is invalid[32m 137[2mms[22m[39m
 [32m✓[39m src/pages/auth/__tests__/mfa-verify.test.tsx[2m > [22mMfaVerify[2m > [22mshows retry and back actions when AAL status loading fails, then recovers without reloading[32m 68[2mms[22m[39m
 [32m✓[39m src/pages/auth/__tests__/mfa-verify.test.tsx[2m > [22mMfaVerify[2m > [22mshows retry and back actions when factor loading fails, then recovers without reloading[32m 51[2mms[22m[39m
 [32m✓[39m src/pages/auth/__tests__/mfa-verify.test.tsx[2m > [22mMfaVerify[2m > [22mkeeps the admin on MFA verification when the challenge call fails[32m 71[2mms[22m[39m
 [32m✓[39m src/pages/auth/__tests__/mfa-verify.test.tsx[2m > [22mMfaVerify[2m > [22mkeeps pending MFA state and stays on the page when refreshSession fails after verify[32m 69[2mms[22m[39m
 [32m✓[39m src/pages/auth/__tests__/mfa-verify.test.tsx[2m > [22mMfaVerify[2m > [22mshows safe recovery copy and signs out when no verified TOTP factors are available[32m 37[2mms[22m[39m
 [32m✓[39m src/pages/auth/__tests__/mfa-verify.test.tsx[2m > [22mMfaVerify[2m > [22mredirects to login and does not query MFA APIs when there is no session[32m 57[2mms[22m[39m
 [32m✓[39m src/pages/auth/__tests__/mfa-verify.test.tsx[2m > [22mMfaVerify[2m > [22mclears pending state and redirects home when MFA is already satisfied or unnecessary[32m 56[2mms[22m[39m
 [32m✓[39m src/pages/auth/__tests__/mfa-verify.test.tsx[2m > [22mMfaVerify[2m > [22mclears pending state and redirects home when MFA is already satisfied or unnecessary[32m 56[2mms[22m[39m
 [32m✓[39m src/pages/auth/__tests__/mfa-verify.test.tsx[2m > [22mMfaVerify[2m > [22mlets admins select among multiple verified TOTP factors and never challenges non-TOTP factors[32m 67[2mms[22m[39m
 [32m✓[39m src/components/map-location-picker/__tests__/index.test.tsx[2m > [22mMapLocationPicker[2m > [22mshows a recoverable alert and does not instantiate the map when the API key is missing[32m 260[2mms[22m[39m
 [32m✓[39m src/components/map-location-picker/__tests__/index.test.tsx[2m > [22mMapLocationPicker[2m > [22muses valid initial coordinates for the map center and draggable marker[32m 27[2mms[22m[39m
 [32m✓[39m src/components/map-location-picker/__tests__/index.test.tsx[2m > [22mMapLocationPicker[2m > [22mfalls back to Jakarta when initial coordinates are invalid[32m 9[2mms[22m[39m
 [32m✓[39m src/components/map-location-picker/__tests__/index.test.tsx[2m > [22mMapLocationPicker[2m > [22mupdates the marker and reports 6-decimal strings after a Google Places result with geometry is selected[32m 215[2mms[22m[39m
 [32m✓[39m src/components/map-location-picker/__tests__/index.test.tsx[2m > [22mMapLocationPicker[2m > [22mshows a recoverable error and keeps coordinates unchanged when a Google Places result has no geometry[32m 125[2mms[22m[39m
 [32m✓[39m src/components/map-location-picker/__tests__/index.test.tsx[2m > [22mMapLocationPicker[2m > [22mshows a recoverable search error and keeps coordinates unchanged when Google Places detail loading fails[32m 84[2mms[22m[39m
 [32m✓[39m src/components/map-location-picker/__tests__/index.test.tsx[2m > [22mMapLocationPicker[2m > [22mshows a recoverable Places unavailable message while keeping map click selection usable[32m 35[2mms[22m[39m
 [32m✓[39m src/components/map-location-picker/__tests__/index.test.tsx[2m > [22mMapLocationPicker[2m > [22mupdates the marker and reports 6-decimal strings after a map click[32m 51[2mms[22m[39m
 [32m✓[39m src/components/map-location-picker/__tests__/index.test.tsx[2m > [22mMapLocationPicker[2m > [22mupdates the marker and reports 6-decimal strings after marker drag[32m 45[2mms[22m[39m
 [32m✓[39m src/components/map-location-picker/__tests__/index.test.tsx[2m > [22mMapLocationPicker[2m > [22mignores map clicks without a latLng payload[32m 36[2mms[22m[39m
 [32m✓[39m src/components/map-location-picker/__tests__/index.test.tsx[2m > [22mMapLocationPicker[2m > [22mignores marker drags without a latLng payload[32m 22[2mms[22m[39m
 [32m✓[39m src/pages/__tests__/lists.test.tsx[2m > [22mlist pages[2m > [22mrenders customer rows and triggers ban/unban actions[33m 418[2mms[22m[39m
 [32m✓[39m src/pages/__tests__/lists.test.tsx[2m > [22mlist pages[2m > [22mrenders customer search input and keeps the permanent customer-only role filter[32m 44[2mms[22m[39m
 [32m✓[39m src/pages/__tests__/lists.test.tsx[2m > [22mlist pages[2m > [22mdoes not rewrite customer URL-synced pagination or filters before search input changes[32m 22[2mms[22m[39m
 [32m✓[39m src/pages/__tests__/lists.test.tsx[2m > [22mlist pages[2m > [22mdebounces customer search for 400ms before replacing search filters[32m 19[2mms[22m[39m
 [32m✓[39m src/pages/__tests__/lists.test.tsx[2m > [22mlist pages[2m > [22mbuilds customer OR search filters for name fragments[32m 9[2mms[22m[39m
 [32m✓[39m src/pages/__tests__/lists.test.tsx[2m > [22mlist pages[2m > [22mbuilds customer OR search filters for email fragments[32m 17[2mms[22m[39m
 [32m✓[39m src/pages/__tests__/lists.test.tsx[2m > [22mlist pages[2m > [22mbuilds customer OR search filters for phone fragments[32m 13[2mms[22m[39m
 [32m✓[39m src/pages/__tests__/lists.test.tsx[2m > [22mlist pages[2m > [22mescapes special customer search characters before building the OR filter[32m 11[2mms[22m[39m
 [32m✓[39m src/pages/__tests__/lists.test.tsx[2m > [22mlist pages[2m > [22mclears customer search by removing only the replaceable OR filter and resetting to page 1[32m 51[2mms[22m[39m
 [32m✓[39m src/pages/__tests__/lists.test.tsx[2m > [22mlist pages[2m > [22mrenders customer loading, empty, and error states with localized text[32m 13[2mms[22m[39m
 [32m✓[39m src/pages/__tests__/lists.test.tsx[2m > [22mlist pages[2m > [22mrenders product list values and row action buttons[32m 60[2mms[22m[39m
 [32m✓[39m src/pages/__tests__/lists.test.tsx[2m > [22mlist pages[2m > [22mrenders category list values and action buttons[32m 15[2mms[22m[39m
 [32m✓[39m src/pages/__tests__/lists.test.tsx[2m > [22mlist pages[2m > [22mrenders order rows with filters, tags, and show action[32m 91[2mms[22m[39m
 [32m✓[39m src/pages/__tests__/lists.test.tsx[2m > [22mlist pages[2m > [22mapplies the shipment-tracking order quick filter[32m 30[2mms[22m[39m
 [32m✓[39m src/pages/__tests__/lists.test.tsx[2m > [22mlist pages[2m > [22mshows the matching active order quick filter and clears filters with all[32m 38[2mms[22m[39m
 [32m✓[39m src/pages/__tests__/lists.test.tsx[2m > [22mlist pages[2m > [22mpreserves customer filter when clearing order quick filters[32m 29[2mms[22m[39m
 [32m✓[39m src/pages/__tests__/lists.test.tsx[2m > [22mlist pages[2m > [22mpreserves customer filter when applying an order quick filter[32m 28[2mms[22m[39m
 [32m✓[39m src/pages/__tests__/lists.test.tsx[2m > [22mlist pages[2m > [22mdoes not select all when order filters do not match a quick filter[32m 66[2mms[22m[39m
 [32m✓[39m src/pages/__tests__/lists.test.tsx[2m > [22mlist pages[2m > [22mopens order detail when clicking or pressing keyboard on an order row[32m 76[2mms[22m[39m
 [32m✓[39m src/pages/__tests__/lists.test.tsx[2m > [22mlist pages[2m > [22mrenders localized order empty and error states[32m 50[2mms[22m[39m
 [32m✓[39m src/components/header/notifications/__tests__/useAdminOrderNotifications.test.tsx[2m > [22museAdminOrderNotifications[2m > [22mdoes not query or subscribe without a user id[32m 21[2mms[22m[39m
 [32m✓[39m src/components/header/notifications/__tests__/useAdminOrderNotifications.test.tsx[2m > [22museAdminOrderNotifications[2m > [22mloads latest notifications and exact unread count for the current user[32m 63[2mms[22m[39m
 [32m✓[39m src/components/header/notifications/__tests__/useAdminOrderNotifications.test.tsx[2m > [22museAdminOrderNotifications[2m > [22mignores non-admin-dashboard initial rows even when they contain order routes[32m 58[2mms[22m[39m
 [32m✓[39m src/components/header/notifications/__tests__/useAdminOrderNotifications.test.tsx[2m > [22museAdminOrderNotifications[2m > [22madds one realtime notification[32m 58[2mms[22m[39m
 [32m✓[39m src/components/header/notifications/__tests__/useAdminOrderNotifications.test.tsx[2m > [22museAdminOrderNotifications[2m > [22mignores unrelated same-user realtime rows without changing unread count[32m 55[2mms[22m[39m
 [32m✓[39m src/components/header/notifications/__tests__/useAdminOrderNotifications.test.tsx[2m > [22museAdminOrderNotifications[2m > [22mdedupes by source_event_key[32m 58[2mms[22m[39m
 [32m✓[39m src/components/header/notifications/__tests__/useAdminOrderNotifications.test.tsx[2m > [22museAdminOrderNotifications[2m > [22mfalls back to id for dedupe when source event key is absent[32m 55[2mms[22m[39m
 [32m✓[39m src/components/header/notifications/__tests__/useAdminOrderNotifications.test.tsx[2m > [22museAdminOrderNotifications[2m > [22mremoves the realtime channel on cleanup[32m 12[2mms[22m[39m
 [32m✓[39m src/components/header/notifications/__tests__/useAdminOrderNotifications.test.tsx[2m > [22museAdminOrderNotifications[2m > [22mmarks a notification read idempotently before returning the route[32m 58[2mms[22m[39m
 [32m✓[39m src/components/header/notifications/__tests__/useAdminOrderNotifications.test.tsx[2m > [22museAdminOrderNotifications[2m > [22mdoes not decrement unread count twice when read/open receives the same stale object[32m 55[2mms[22m[39m
 [32m✓[39m src/components/header/notifications/__tests__/useAdminOrderNotifications.test.tsx[2m > [22museAdminOrderNotifications[2m > [22mignores malformed rows without an order id[32m 53[2mms[22m[39m
 [32m✓[39m src/components/header/notifications/__tests__/useAdminOrderNotifications.test.tsx[2m > [22museAdminOrderNotifications[2m > [22mopens one localized notification for query or subscription failures[32m 55[2mms[22m[39m
 [32m✓[39m src/pages/dashboard/__tests__/MonthlyOperationalTrendCard.test.tsx[2m > [22mMonthlyOperationalTrendCard[2m > [22mrenders populated operational trends with count and revenue line charts[33m 480[2mms[22m[39m
 [32m✓[39m src/pages/dashboard/__tests__/MonthlyOperationalTrendCard.test.tsx[2m > [22mMonthlyOperationalTrendCard[2m > [22mexposes a hidden data table with user-facing period labels for screen readers[32m 82[2mms[22m[39m
 [32m✓[39m src/pages/dashboard/__tests__/MonthlyOperationalTrendCard.test.tsx[2m > [22mMonthlyOperationalTrendCard[2m > [22msurfaces the 30-day operational context for daily granularity without changing selectable periods[32m 215[2mms[22m[39m
 [32m✓[39m src/pages/dashboard/__tests__/MonthlyOperationalTrendCard.test.tsx[2m > [22mMonthlyOperationalTrendCard[2m > [22mrenders a deterministic loading state before chart content[32m 11[2mms[22m[39m
 [32m✓[39m src/pages/dashboard/__tests__/MonthlyOperationalTrendCard.test.tsx[2m > [22mMonthlyOperationalTrendCard[2m > [22mrenders a safe generic error without leaking the error details[32m 28[2mms[22m[39m
 [32m✓[39m src/pages/dashboard/__tests__/MonthlyOperationalTrendCard.test.tsx[2m > [22mMonthlyOperationalTrendCard[2m > [22mruns the retry action when trend loading fails[32m 43[2mms[22m[39m
 [32m✓[39m src/pages/dashboard/__tests__/MonthlyOperationalTrendCard.test.tsx[2m > [22mMonthlyOperationalTrendCard[2m > [22mrenders an empty state when transformed rows are absent[32m 5[2mms[22m[39m
 [32m✓[39m src/pages/dashboard/__tests__/MonthlyOperationalTrendCard.test.tsx[2m > [22mMonthlyOperationalTrendCard[2m > [22mrenders zero-value rows with the line chart and zero summary[32m 49[2mms[22m[39m
 [32m✓[39m src/components/courier-picker-modal/__tests__/component.test.tsx[2m > [22mCourierPickerModal component[2m > [22mrenders grouped courier services and confirms selected values[33m 451[2mms[22m[39m
 [32m✓[39m src/components/courier-picker-modal/__tests__/component.test.tsx[2m > [22mCourierPickerModal component[2m > [22msupports select-all and clear-all actions[33m 317[2mms[22m[39m
 [32m✓[39m src/components/courier-picker-modal/__tests__/component.test.tsx[2m > [22mCourierPickerModal component[2m > [22mfilters visible courier services by search input[32m 29[2mms[22m[39m
 [32m✓[39m src/components/courier-picker-modal/__tests__/component.test.tsx[2m > [22mCourierPickerModal component[2m > [22mrenders loading and error fallback states[32m 12[2mms[22m[39m
 [32m✓[39m src/components/header/notifications/__tests__/AdminOrderNotifications.test.tsx[2m > [22mAdminOrderNotifications[2m > [22mrenders unread order notification dropdown content with exact badge count[33m 409[2mms[22m[39m
 [32m✓[39m src/components/header/notifications/__tests__/AdminOrderNotifications.test.tsx[2m > [22mAdminOrderNotifications[2m > [22muses localized customer fallback in English and Indonesian[32m 32[2mms[22m[39m
 [32m✓[39m src/components/header/notifications/__tests__/AdminOrderNotifications.test.tsx[2m > [22mAdminOrderNotifications[2m > [22mmarks read then navigates to the returned order route[32m 113[2mms[22m[39m
 [32m✓[39m src/components/header/notifications/__tests__/AdminOrderNotifications.test.tsx[2m > [22mAdminOrderNotifications[2m > [22mrenders localized empty state[32m 9[2mms[22m[39m
 [32m✓[39m src/components/header/notifications/__tests__/AdminOrderNotifications.test.tsx[2m > [22mAdminOrderNotifications[2m > [22mcaps the unread badge display at 99+[32m 8[2mms[22m[39m
 [32m✓[39m src/pages/__tests__/home-banners-admin.test.tsx[2m > [22mhome banner admin UX[2m > [22mrenders list badges for placement, CTA status, image status, and active status[32m 81[2mms[22m[39m
 [32m✓[39m src/pages/__tests__/home-banners-admin.test.tsx[2m > [22mhome banner admin UX[2m > [22mrenders form and confirms when saving an active banner[33m 513[2mms[22m[39m
 [32m✓[39m src/hooks/__tests__/useSupabaseUpload.test.ts[2m > [22museSupabaseUpload[2m > [22mrejects invalid files before upload and shows an error message[32m 21[2mms[22m[39m
 [32m✓[39m src/hooks/__tests__/useSupabaseUpload.test.ts[2m > [22museSupabaseUpload[2m > [22mreplaces the previous single file upload and stores the canonical path[32m 60[2mms[22m[39m
 [32m✓[39m src/hooks/__tests__/useSupabaseUpload.test.ts[2m > [22museSupabaseUpload[2m > [22mappends uploaded files when the field value is an array[32m 55[2mms[22m[39m
 [32m✓[39m src/hooks/__tests__/useSupabaseUpload.test.ts[2m > [22museSupabaseUpload[2m > [22mremoves stored files and clears array values on delete[32m 54[2mms[22m[39m
 [32m✓[39m src/hooks/__tests__/useSupabaseUpload.test.ts[2m > [22museSupabaseUpload[2m > [22mremoves stored files referenced by public URL and clears single values on delete[32m 55[2mms[22m[39m
 [32m✓[39m src/components/__tests__/uploads.test.tsx[2m > [22mupload components[2m > [22mrenders AvatarUpload with replacement semantics and existing file state[32m 49[2mms[22m[39m
 [32m✓[39m src/components/__tests__/uploads.test.tsx[2m > [22mupload components[2m > [22mdelegates avatar removal to the upload hook[32m 222[2mms[22m[39m
 [32m✓[39m src/components/__tests__/uploads.test.tsx[2m > [22mupload components[2m > [22mrenders AvatarUpload empty state with accessible label[32m 6[2mms[22m[39m
 [32m✓[39m src/components/__tests__/uploads.test.tsx[2m > [22mupload components[2m > [22mrenders CategoryLogoUpload empty state when there is no logo[32m 4[2mms[22m[39m
 [32m✓[39m src/components/__tests__/uploads.test.tsx[2m > [22mupload components[2m > [22mrenders ProductImageUpload with multiple uploads enabled and hides prompt at max count[32m 7[2mms[22m[39m
 [32m✓[39m src/components/__tests__/uploads.test.tsx[2m > [22mupload components[2m > [22mextracts the image url from the Upload file object before delegating removal[32m 27[2mms[22m[39m
 [32m✓[39m src/components/home-banner-media-library/__tests__/index.test.tsx[2m > [22mHomeBannerMediaLibrary[2m > [22mshows placement hint when no placement is selected[32m 42[2mms[22m[39m
 [32m✓[39m src/components/home-banner-media-library/__tests__/index.test.tsx[2m > [22mHomeBannerMediaLibrary[2m > [22mloads and displays media assets for selected placement[32m 134[2mms[22m[39m
 [32m✓[39m src/components/home-banner-media-library/__tests__/index.test.tsx[2m > [22mHomeBannerMediaLibrary[2m > [22mshows empty state when no assets found[32m 18[2mms[22m[39m
 [32m✓[39m src/components/home-banner-media-library/__tests__/index.test.tsx[2m > [22mHomeBannerMediaLibrary[2m > [22mblocks deletion when media is referenced by banners[32m 28[2mms[22m[39m
 [32m✓[39m src/components/home-banner-media-library/__tests__/index.test.tsx[2m > [22mHomeBannerMediaLibrary[2m > [22mallows deletion when media is not referenced[32m 25[2mms[22m[39m
 [32m✓[39m src/components/home-banner-media-library/__tests__/index.test.tsx[2m > [22mHomeBannerMediaLibrary[2m > [22mcalls onSelect when asset is clicked[32m 15[2mms[22m[39m
 [32m✓[39m src/components/biteship-area-search/__tests__/index.test.tsx[2m > [22mBiteshipAreaSearch[2m > [22mdoes not search before the minimum query length[32m 63[2mms[22m[39m
 [32m✓[39m src/components/biteship-area-search/__tests__/index.test.tsx[2m > [22mBiteshipAreaSearch[2m > [22mloads area options from the edge function and returns selected area data[32m 227[2mms[22m[39m
 [32m✓[39m src/components/biteship-area-search/__tests__/index.test.tsx[2m > [22mBiteshipAreaSearch[2m > [22mclears options when there is no session token[32m 6[2mms[22m[39m
 [32m✓[39m src/hooks/__tests__/useStoreBranding.test.tsx[2m > [22museStoreBranding[2m > [22muses a stable branding query key[32m 2[2mms[22m[39m
 [32m✓[39m src/hooks/__tests__/useStoreBranding.test.tsx[2m > [22museStoreBranding[2m > [22mloads store name and primary logo url from settings row 1[32m 94[2mms[22m[39m
 [32m✓[39m src/hooks/__tests__/useStoreBranding.test.tsx[2m > [22museStoreBranding[2m > [22mnormalizes blank branding values to null[32m 10[2mms[22m[39m
 [32m✓[39m src/hooks/__tests__/useStoreBranding.test.tsx[2m > [22museStoreBranding[2m > [22mconverts stored relative logo paths into public URLs for branding consumers[32m 63[2mms[22m[39m
 [32m✓[39m src/hooks/__tests__/useBiteshipCouriers.test.ts[2m > [22museBiteshipCouriers[2m > [22muses fallback couriers when there is no authenticated session token[32m 73[2mms[22m[39m
 [32m✓[39m src/hooks/__tests__/useBiteshipCouriers.test.ts[2m > [22museBiteshipCouriers[2m > [22mnormalizes courier responses from the edge function[32m 56[2mms[22m[39m
 [32m✓[39m src/hooks/__tests__/useBiteshipCouriers.test.ts[2m > [22museBiteshipCouriers[2m > [22mfalls back when the edge function request fails[32m 65[2mms[22m[39m
 [32m✓[39m src/contexts/color-mode/__tests__/index.test.tsx[2m > [22mColorModeContextProvider[2m > [22muses the stored color mode when available[32m 38[2mms[22m[39m
 [32m✓[39m src/contexts/color-mode/__tests__/index.test.tsx[2m > [22mColorModeContextProvider[2m > [22mfalls back to system preference when there is no stored mode[32m 6[2mms[22m[39m
 [32m✓[39m src/contexts/color-mode/__tests__/index.test.tsx[2m > [22mColorModeContextProvider[2m > [22mtoggles the mode and persists it to localStorage[32m 230[2mms[22m[39m
 [32m✓[39m src/hooks/__tests__/useBanToggle.test.tsx[2m > [22museBanToggle[2m > [22mopens a confirmation modal before banning a customer[32m 24[2mms[22m[39m
 [32m✓[39m src/hooks/__tests__/useBanToggle.test.tsx[2m > [22museBanToggle[2m > [22mopens a confirmation modal before unbanning a customer[32m 4[2mms[22m[39m
 [32m✓[39m src/hooks/__tests__/useBanToggle.test.tsx[2m > [22museBanToggle[2m > [22minvokes the unban function after confirmation, invalidates refine caches, and shows success feedback[32m 59[2mms[22m[39m
 [32m✓[39m src/hooks/__tests__/useBanToggle.test.tsx[2m > [22museBanToggle[2m > [22mresolves ban errors into user-facing modal feedback[32m 57[2mms[22m[39m
 [32m✓[39m src/components/header/__tests__/header.test.tsx[2m > [22mHeader[2m > [22mrenders user info and sticky styles when identity is available[32m 51[2mms[22m[39m
 [32m✓[39m src/components/header/__tests__/header.test.tsx[2m > [22mHeader[2m > [22mchanges locale and toggles color mode from header controls[32m 11[2mms[22m[39m
 [32m✓[39m src/components/header/__tests__/header.test.tsx[2m > [22mHeader[2m > [22mhides the profile dropdown trigger when no identity exists[32m 5[2mms[22m[39m
 [32m✓[39m src/__tests__/App.test.tsx[2m > [22mApp[2m > [22mregisters core Refine resources and document title behavior[32m 57[2mms[22m[39m
 [32m✓[39m src/__tests__/App.test.tsx[2m > [22mApp[2m > [22mbuilds document titles from resource, action, and params[32m 5[2mms[22m[39m
 [32m✓[39m src/__tests__/App.test.tsx[2m > [22mApp[2m > [22mfalls back to the translated app title when store branding is unavailable[32m 5[2mms[22m[39m
[90mstdout[2m | supabase/functions/_shared/__tests__/biteship-order.test.ts[2m > [22m[2mBiteship runtime API key[2m > [22m[2mauthorizes order creation with the runtime API key without storing it in the snapshot payload
[22m[39m[biteship] Creating order for order order-1

[90mstdout[2m | supabase/functions/_shared/__tests__/biteship-order.test.ts[2m > [22m[2mBiteship runtime API key[2m > [22m[2mredacts provider error bodies when Biteship order creation fails
[22m[39m[biteship] Creating order for order order-1

[90mstdout[2m | supabase/functions/_shared/__tests__/biteship-order.test.ts[2m > [22m[2mBiteship runtime API key[2m > [22m[2mredacts provider error bodies when duplicate Biteship order retrieval fails
[22m[39m[biteship] Creating order for order order-1

 [32m✓[39m supabase/functions/_shared/__tests__/biteship-order.test.ts[2m > [22mfetchOrderShippingAddress[2m > [22mfetches address data explicitly through shipping_address_id[32m 2[2mms[22m[39m
 [32m✓[39m supabase/functions/_shared/__tests__/biteship-order.test.ts[2m > [22mbuildBiteshipOrderPayload[2m > [22muses immutable snapshot origin and shipper fields instead of rotated live settings[32m 2[2mms[22m[39m
 [32m✓[39m supabase/functions/_shared/__tests__/biteship-order.test.ts[2m > [22mbuildBiteshipOrderPayload[2m > [22mfails retryably when a snapshot is partial before building a Biteship payload[32m 1[2mms[22m[39m
 [32m✓[39m supabase/functions/_shared/__tests__/biteship-order.test.ts[2m > [22mbuildBiteshipOrderPayload[2m > [22mfails retryably when snapshot version metadata has empty metadata object[32m 0[2mms[22m[39m
 [32m✓[39m supabase/functions/_shared/__tests__/biteship-order.test.ts[2m > [22mbuildBiteshipOrderPayload[2m > [22mfails retryably when snapshot version metadata has missing version_number[32m 0[2mms[22m[39m
 [32m✓[39m supabase/functions/_shared/__tests__/biteship-order.test.ts[2m > [22mbuildBiteshipOrderPayload[2m > [22mfails retryably when snapshot version metadata has empty version_id[32m 0[2mms[22m[39m
 [32m✓[39m supabase/functions/_shared/__tests__/biteship-order.test.ts[2m > [22mbuildBiteshipOrderPayload[2m > [22mfails retryably when snapshot version metadata has non-positive version_number[32m 0[2mms[22m[39m
 [32m✓[39m supabase/functions/_shared/__tests__/biteship-order.test.ts[2m > [22mbuildBiteshipOrderPayload[2m > [22mcreates snapshots from versioned runtime origin metadata instead of rotated live settings[32m 3[2mms[22m[39m
 [32m✓[39m supabase/functions/_shared/__tests__/biteship-order.test.ts[2m > [22mbuildBiteshipOrderPayload[2m > [22mfails with a clear error when instant courier orders have no destination coordinate[32m 0[2mms[22m[39m
 [32m✓[39m supabase/functions/_shared/__tests__/biteship-order.test.ts[2m > [22mbuildBiteshipOrderPayload[2m > [22mallows regular courier payloads without destination coordinate[32m 1[2mms[22m[39m
 [32m✓[39m supabase/functions/_shared/__tests__/biteship-order.test.ts[2m > [22mbuildBiteshipOrderPayload[2m > [22momits destination_note when address_note is blank[32m 0[2mms[22m[39m
 [32m✓[39m supabase/functions/_shared/__tests__/biteship-order.test.ts[2m > [22mbuildBiteshipOrderPayload[2m > [22mincludes destination_coordinate for instant courier payloads when address has coordinates[32m 0[2mms[22m[39m
 [32m✓[39m supabase/functions/_shared/__tests__/biteship-order.test.ts[2m > [22mbuildBiteshipOrderPayload[2m > [22mbuilds coordinate-only location fields for instant-capable courier companies[32m 0[2mms[22m[39m
 [32m✓[39m supabase/functions/_shared/__tests__/biteship-order.test.ts[2m > [22mbuildBiteshipOrderPayload[2m > [22mfails before Biteship call when instant origin coordinates are missing[32m 0[2mms[22m[39m
 [32m✓[39m supabase/functions/_shared/__tests__/biteship-order.test.ts[2m > [22mbuildBiteshipOrderPayload[2m > [22mbuilds standard payloads with origin and destination area ids when present[32m 0[2mms[22m[39m
 [32m✓[39m supabase/functions/_shared/__tests__/biteship-order.test.ts[2m > [22mbuildBiteshipOrderPayload[2m > [22muses strict postal fallback for standard payloads only when area ids are absent[32m 0[2mms[22m[39m
 [32m✓[39m supabase/functions/_shared/__tests__/biteship-order.test.ts[2m > [22mbuildBiteshipOrderPayload[2m > [22muses strict destination postal parsing when area id is unavailable[32m 0[2mms[22m[39m
 [32m✓[39m supabase/functions/_shared/__tests__/biteship-order.test.ts[2m > [22mbuildBiteshipOrderPayload[2m > [22mrejects invalid destination postal values when building fallback payloads[32m 0[2mms[22m[39m
 [32m✓[39m supabase/functions/_shared/__tests__/biteship-order.test.ts[2m > [22mbuildBiteshipOrderPayload[2m > [22mprefers receiver_name from shipping address for destination contact name[32m 0[2mms[22m[39m
 [32m✓[39m supabase/functions/_shared/__tests__/biteship-order.test.ts[2m > [22mbuildBiteshipOrderPayload[2m > [22mfalls back to profile full_name when receiver_name is missing[32m 0[2mms[22m[39m
 [32m✓[39m supabase/functions/_shared/__tests__/biteship-order.test.ts[2m > [22mbuildBiteshipOrderPayload[2m > [22mfalls back to profile full_name when receiver_name is blank[32m 0[2mms[22m[39m
 [32m✓[39m supabase/functions/_shared/__tests__/biteship-order.test.ts[2m > [22mpersistBiteshipShipment[2m > [22mpersists origin_area_id when provided for standard shipments[32m 1[2mms[22m[39m
 [32m✓[39m supabase/functions/_shared/__tests__/biteship-order.test.ts[2m > [22mpersistBiteshipShipment[2m > [22mredacts shipping activity insert errors while keeping shipment persistence non-blocking[32m 1[2mms[22m[39m
 [32m✓[39m supabase/functions/_shared/__tests__/biteship-order.test.ts[2m > [22mBiteship runtime API key[2m > [22mloads the Biteship API key through runtime config without reading Edge secrets[32m 1[2mms[22m[39m
 [32m✓[39m supabase/functions/_shared/__tests__/biteship-order.test.ts[2m > [22mBiteship runtime API key[2m > [22mrejects a missing runtime API key without consulting the Edge secret[32m 1[2mms[22m[39m
 [32m✓[39m supabase/functions/_shared/__tests__/biteship-order.test.ts[2m > [22mBiteship runtime API key[2m > [22mdoes not fall back to the Edge secret when runtime config is unavailable[32m 0[2mms[22m[39m
 [32m✓[39m supabase/functions/_shared/__tests__/biteship-order.test.ts[2m > [22mBiteship runtime API key[2m > [22mdoes not fall back to the Edge secret when runtime config is invalid[32m 0[2mms[22m[39m
 [32m✓[39m supabase/functions/_shared/__tests__/biteship-order.test.ts[2m > [22mBiteship runtime API key[2m > [22mthrows a safe error when the runtime Biteship API key is missing[32m 0[2mms[22m[39m
 [32m✓[39m supabase/functions/_shared/__tests__/biteship-order.test.ts[2m > [22mBiteship runtime API key[2m > [22mauthorizes order creation with the runtime API key without storing it in the snapshot payload[32m 4[2mms[22m[39m
 [32m✓[39m supabase/functions/_shared/__tests__/biteship-order.test.ts[2m > [22mBiteship runtime API key[2m > [22mredacts provider error bodies when Biteship order creation fails[32m 1[2mms[22m[39m
 [32m✓[39m supabase/functions/_shared/__tests__/biteship-order.test.ts[2m > [22mBiteship runtime API key[2m > [22mredacts provider error bodies when duplicate Biteship order retrieval fails[32m 2[2mms[22m[39m
 [32m✓[39m scripts/edge-runtime-smoke.ts[2m > [22mmock-only Edge Runtime smoke validation[2m > [22mrejects checkout requests before admin RPC when authentication fails[32m 7[2mms[22m[39m
 [32m✓[39m scripts/edge-runtime-smoke.ts[2m > [22mmock-only Edge Runtime smoke validation[2m > [22mrejects manual Midtrans confirmation before admin access when no user is authenticated[32m 1[2mms[22m[39m
 [32m✓[39m scripts/edge-runtime-smoke.ts[2m > [22mmock-only Edge Runtime smoke validation[2m > [22mrejects pending Midtrans reconciliation without a service-role bearer before listing orders[32m 1[2mms[22m[39m
 [32m✓[39m scripts/edge-runtime-smoke.ts[2m > [22mmock-only Edge Runtime smoke validation[2m > [22mrejects webhook side-effect processing without a service-role bearer before loading tasks[32m 1[2mms[22m[39m
 [32m✓[39m scripts/edge-runtime-smoke.ts[2m > [22mmock-only Edge Runtime smoke validation[2m > [22mrejects Biteship requests without bearer auth before provider or runtime config access[32m 3[2mms[22m[39m
 [32m✓[39m scripts/edge-runtime-smoke.ts[2m > [22mmock-only Edge Runtime smoke validation[2m > [22mrejects push webhooks without a service-role bearer before creating an admin client[32m 1[2mms[22m[39m
 [32m✓[39m scripts/edge-runtime-smoke.ts[2m > [22mmock-only Edge Runtime smoke validation[2m > [22mrejects malformed Midtrans webhook payloads before admin client creation[32m 5[2mms[22m[39m
 [32m✓[39m supabase/functions/_shared/__tests__/provider-env-cutover-source.test.ts[2m > [22mprovider environment cutover source guard[2m > [22mrejects all provider env fallbacks, aliases, reads, and environment object dumps in runtime source[32m 4[2mms[22m[39m
 [32m✓[39m supabase/functions/_shared/__tests__/provider-env-cutover-source.test.ts[2m > [22mprovider environment cutover source guard[2m > [22mrejects active setup guidance for legacy cleanup candidate env names[32m 47[2mms[22m[39m
 [32m✓[39m supabase/functions/_shared/__tests__/provider-env-cutover-source.test.ts[2m > [22mprovider environment cutover source guard[2m > [22mallows historical cleanup notes and tests only when legacy names are labelled as obsolete or cleanup candidates[32m 1[2mms[22m[39m
 [32m✓[39m supabase/functions/_shared/__tests__/provider-env-cutover-source.test.ts[2m > [22mprovider environment cutover source guard[2m > [22mdoes not classify protected Supabase bootstrap names as legacy cleanup candidates[32m 0[2mms[22m[39m
 [32m✓[39m src/components/layout/__tests__/title.test.tsx[2m > [22mlayout titles[2m > [22mrenders the main layout title with the store name when available[32m 34[2mms[22m[39m
 [32m✓[39m src/components/layout/__tests__/title.test.tsx[2m > [22mlayout titles[2m > [22mfalls back to the translated app name when the store name is unavailable[32m 5[2mms[22m[39m
 [32m✓[39m src/components/layout/__tests__/title.test.tsx[2m > [22mlayout titles[2m > [22mrenders the auth title in expanded mode using the store name[32m 3[2mms[22m[39m
 [32m✓[39m src/components/layout/__tests__/title.test.tsx[2m > [22mlayout titles[2m > [22mfalls back to the translated app name on auth pages when the store name is unavailable[32m 3[2mms[22m[39m
 [32m✓[39m src/components/layout/__tests__/title.test.tsx[2m > [22mlayout titles[2m > [22mfalls back to the local logo when the configured image fails to load[32m 6[2mms[22m[39m
[90mstdout[2m | supabase/functions/biteship/__tests__/index.test.ts[2m > [22m[2mBiteship proxy runtime configuration[2m > [22m[2muses runtime config for rates and strips client-supplied origin fields
[22m[39m[biteship] provider_call {
  action: [32m'rates'[39m,
  endpoint: [32m'/v1/rates/couriers'[39m,
  group: [32m'standard'[39m,
  method: [32m'POST'[39m,
  provider: [32m'biteship'[39m,
  requestId: [32m'biteship-rates-1'[39m
}

[90mstdout[2m | supabase/functions/biteship/__tests__/index.test.ts[2m > [22m[2mBiteship proxy runtime configuration[2m > [22m[2muses runtime shipper and origin fields for admin-authorized draft orders
[22m[39m[biteship] provider_call {
  action: [32m'draft_order'[39m,
  endpoint: [32m'/v1/draft_orders'[39m,
  method: [32m'POST'[39m,
  provider: [32m'biteship'[39m,
  requestId: [32m'1abb38b4-4f8f-4d93-a803-92c0b9053ecb'[39m
}

[90mstdout[2m | supabase/functions/biteship/__tests__/index.test.ts[2m > [22m[2mBiteship proxy runtime configuration[2m > [22m[2muses stored Biteship tracking ID for Biteship-created shipments
[22m[39m[biteship] provider_call {
  action: [32m'track_public'[39m,
  endpoint: [32m'/v1/public-track'[39m,
  method: [32m'GET'[39m,
  provider: [32m'biteship'[39m,
  requestId: [32m'f923b091-4c68-47b9-868f-9d24c43d4b3b'[39m
}

[90mstdout[2m | supabase/functions/biteship/__tests__/index.test.ts[2m > [22m[2mBiteship proxy runtime configuration[2m > [22m[2mreturns a safe not-ready response when Biteship public tracking is unavailable
[22m[39m[biteship] provider_call {
  action: [32m'track_public'[39m,
  endpoint: [32m'/v1/public-track'[39m,
  method: [32m'GET'[39m,
  provider: [32m'biteship'[39m,
  requestId: [32m'9e1cfbfd-6017-4c8a-845e-31553faa7e49'[39m
}

[90mstdout[2m | supabase/functions/biteship/__tests__/index.test.ts[2m > [22m[2mBiteship proxy runtime configuration[2m > [22m[2mreturns a safe not-ready response when Biteship tracking ID retrieval fails
[22m[39m[biteship] provider_call {
  action: [32m'track_public'[39m,
  endpoint: [32m'/v1/public-track'[39m,
  method: [32m'GET'[39m,
  provider: [32m'biteship'[39m,
  requestId: [32m'1c1a635a-2111-4ede-baa3-aba6915414db'[39m
}

[90mstdout[2m | supabase/functions/biteship/__tests__/index.test.ts[2m > [22m[2mBiteship proxy runtime configuration[2m > [22m[2mreturns a sanitized provider error for unknown public tracking 400 codes
[22m[39m[biteship] provider_call {
  action: [32m'track_public'[39m,
  endpoint: [32m'/v1/public-track'[39m,
  method: [32m'GET'[39m,
  provider: [32m'biteship'[39m,
  requestId: [32m'8672321f-c524-4523-9077-fdee7223ad68'[39m
}

[90mstdout[2m | supabase/functions/biteship/__tests__/index.test.ts[2m > [22m[2mBiteship proxy runtime configuration[2m > [22m[2mallows draft orders for service-role internal callers without user profile lookups
[22m[39m[biteship] provider_call {
  action: [32m'draft_order'[39m,
  endpoint: [32m'/v1/draft_orders'[39m,
  method: [32m'POST'[39m,
  provider: [32m'biteship'[39m,
  requestId: [32m'82a090d7-40ae-41a4-b112-80470700c715'[39m
}

[90mstdout[2m | supabase/functions/biteship/__tests__/index.test.ts[2m > [22m[2mBiteship proxy runtime configuration[2m > [22m[2mredacts raw Biteship provider errors and request payloads from caller responses and logs
[22m[39m[biteship] provider_call {
  action: [32m'draft_order'[39m,
  endpoint: [32m'/v1/draft_orders'[39m,
  method: [32m'POST'[39m,
  provider: [32m'biteship'[39m,
  requestId: [32m'biteship-provider-1'[39m
}

[90mstdout[2m | supabase/functions/biteship/__tests__/index.test.ts[2m > [22m[2mBiteship proxy runtime configuration[2m > [22m[2mreplaces unsafe request IDs in Biteship provider failure responses and logs
[22m[39m[biteship] provider_call {
  action: [32m'draft_order'[39m,
  endpoint: [32m'/v1/draft_orders'[39m,
  method: [32m'POST'[39m,
  provider: [32m'biteship'[39m,
  requestId: [32m'1ef0cfed-6770-4b85-9ca5-d22e2385aa2d'[39m
}

[90mstdout[2m | supabase/functions/biteship/__tests__/index.test.ts[2m > [22m[2mBiteship proxy runtime configuration[2m > [22m[2mmaps generic Biteship aborts to stable 504 provider responses
[22m[39m[biteship] provider_call {
  action: [32m'maps'[39m,
  endpoint: [32m'/v1/maps/areas'[39m,
  method: [32m'GET'[39m,
  provider: [32m'biteship'[39m,
  requestId: [32m'biteship-abort-1'[39m
}

 [32m✓[39m supabase/functions/biteship/__tests__/index.test.ts[2m > [22mBiteship proxy runtime configuration[2m > [22muses runtime config for rates and strips client-supplied origin fields[32m 12[2mms[22m[39m
 [32m✓[39m supabase/functions/biteship/__tests__/index.test.ts[2m > [22mBiteship proxy runtime configuration[2m > [22mlogs rates provider calls with safe structured correlation metadata[32m 2[2mms[22m[39m
 [32m✓[39m supabase/functions/biteship/__tests__/index.test.ts[2m > [22mBiteship proxy runtime configuration[2m > [22muses runtime shipper and origin fields for admin-authorized draft orders[32m 4[2mms[22m[39m
 [32m✓[39m supabase/functions/biteship/__tests__/index.test.ts[2m > [22mBiteship proxy runtime configuration[2m > [22mlogs generic provider calls with safe structured correlation metadata[32m 2[2mms[22m[39m
 [32m✓[39m supabase/functions/biteship/__tests__/index.test.ts[2m > [22mBiteship proxy runtime configuration[2m > [22mlogs maps provider calls with a static endpoint label only[32m 2[2mms[22m[39m
 [32m✓[39m supabase/functions/biteship/__tests__/index.test.ts[2m > [22mBiteship proxy runtime configuration[2m > [22mlogs public tracking provider calls with a static endpoint label only[32m 1[2mms[22m[39m
 [32m✓[39m supabase/functions/biteship/__tests__/index.test.ts[2m > [22mBiteship proxy runtime configuration[2m > [22muses stored Biteship tracking ID for Biteship-created shipments[32m 3[2mms[22m[39m
 [32m✓[39m supabase/functions/biteship/__tests__/index.test.ts[2m > [22mBiteship proxy runtime configuration[2m > [22mreturns a safe not-ready response when Biteship public tracking is unavailable[32m 2[2mms[22m[39m
 [32m✓[39m supabase/functions/biteship/__tests__/index.test.ts[2m > [22mBiteship proxy runtime configuration[2m > [22mreturns a safe not-ready response when Biteship tracking ID retrieval fails[32m 4[2mms[22m[39m
 [32m✓[39m supabase/functions/biteship/__tests__/index.test.ts[2m > [22mBiteship proxy runtime configuration[2m > [22mreturns a sanitized provider error for unknown public tracking 400 codes[32m 3[2mms[22m[39m
 [32m✓[39m supabase/functions/biteship/__tests__/index.test.ts[2m > [22mBiteship proxy runtime configuration[2m > [22mdenies draft orders without admin role or order id before runtime config or provider fetch[32m 1[2mms[22m[39m
 [32m✓[39m supabase/functions/biteship/__tests__/index.test.ts[2m > [22mBiteship proxy runtime configuration[2m > [22mdenies customer draft orders with an order id before runtime config or provider fetch[32m 2[2mms[22m[39m
 [32m✓[39m supabase/functions/biteship/__tests__/index.test.ts[2m > [22mBiteship proxy runtime configuration[2m > [22mdenies customer draft orders for owned orders before unsafe client fields can reach Biteship[32m 1[2mms[22m[39m
 [32m✓[39m supabase/functions/biteship/__tests__/index.test.ts[2m > [22mBiteship proxy runtime configuration[2m > [22mdenies service-role bearer access to non-draft actions before provider fetch[32m 1[2mms[22m[39m
 [32m✓[39m supabase/functions/biteship/__tests__/index.test.ts[2m > [22mBiteship proxy runtime configuration[2m > [22mallows draft orders for service-role internal callers without user profile lookups[32m 2[2mms[22m[39m
 [32m✓[39m supabase/functions/biteship/__tests__/index.test.ts[2m > [22mBiteship proxy runtime configuration[2m > [22mredacts runtime settings resolution errors from logs[32m 1[2mms[22m[39m
 [32m✓[39m supabase/functions/biteship/__tests__/index.test.ts[2m > [22mBiteship proxy runtime configuration[2m > [22mreturns a safe config error without outbound calls when the runtime API key is missing[32m 1[2mms[22m[39m
 [32m✓[39m supabase/functions/biteship/__tests__/index.test.ts[2m > [22mBiteship proxy runtime configuration[2m > [22mreturns a safe config error without outbound calls when standard rates origin is missing[32m 1[2mms[22m[39m
 [32m✓[39m supabase/functions/biteship/__tests__/index.test.ts[2m > [22mBiteship proxy runtime configuration[2m > [22mredacts raw Biteship provider errors and request payloads from caller responses and logs[32m 2[2mms[22m[39m
 [32m✓[39m supabase/functions/biteship/__tests__/index.test.ts[2m > [22mBiteship proxy runtime configuration[2m > [22mreplaces unsafe request IDs in Biteship provider failure responses and logs[32m 2[2mms[22m[39m
 [32m✓[39m supabase/functions/biteship/__tests__/index.test.ts[2m > [22mBiteship proxy runtime configuration[2m > [22mmaps generic Biteship aborts to stable 504 provider responses[32m 1[2mms[22m[39m
 [32m✓[39m supabase/functions/biteship/__tests__/index.test.ts[2m > [22mBiteship proxy runtime configuration[2m > [22mkeeps direct create_order disabled before any settings reads or Biteship calls[32m 1[2mms[22m[39m
 [32m✓[39m supabase/functions/biteship/__tests__/index.test.ts[2m > [22mBiteship proxy runtime configuration[2m > [22mkeeps direct track disabled before any settings reads or Biteship calls[32m 0[2mms[22m[39m
 [32m✓[39m supabase/functions/push/__tests__/index.test.ts[2m > [22mcreatePushHandler[2m > [22manswers browser preflight without auth[32m 7[2mms[22m[39m
 [32m✓[39m supabase/functions/push/__tests__/index.test.ts[2m > [22mcreatePushHandler[2m > [22mkeeps service-role delivery bearer required and includes CORS on auth failure[32m 2[2mms[22m[39m
 [32m✓[39m supabase/functions/push/__tests__/index.test.ts[2m > [22mcreatePushHandler[2m > [22mincludes CORS headers on unsupported webhook validation responses[32m 1[2mms[22m[39m
 [32m✓[39m supabase/functions/push/__tests__/index.test.ts[2m > [22mcreatePushHandler[2m > [22mincludes CORS headers on internal configuration errors[32m 1[2mms[22m[39m
 [32m✓[39m supabase/functions/push/__tests__/index.test.ts[2m > [22mcreatePushHandler[2m > [22msends an authenticated mobile test notification without notification inserts[32m 6[2mms[22m[39m
 [32m✓[39m supabase/functions/push/__tests__/index.test.ts[2m > [22mcreatePushHandler[2m > [22mrejects test notification requests without a bearer JWT[32m 1[2mms[22m[39m
 [32m✓[39m supabase/functions/push/__tests__/index.test.ts[2m > [22mcreatePushHandler[2m > [22mrejects test notification requests with an invalid user JWT[32m 1[2mms[22m[39m
 [32m✓[39m supabase/functions/push/__tests__/index.test.ts[2m > [22mcreatePushHandler[2m > [22mreturns a controlled missing token result for authenticated test notifications[32m 1[2mms[22m[39m
 [32m✓[39m supabase/functions/push/__tests__/index.test.ts[2m > [22mcreatePushHandler[2m > [22mreturns a controlled invalid token result for authenticated test notifications[32m 2[2mms[22m[39m
 [32m✓[39m supabase/functions/push/__tests__/index.test.ts[2m > [22mcreatePushHandler[2m > [22mlogs token revoke and cleanup failures with safe structured correlation metadata[32m 1[2mms[22m[39m
 [32m✓[39m supabase/functions/push/__tests__/index.test.ts[2m > [22mcreatePushHandler[2m > [22mskips admin dashboard notifications before profile lookup or Expo access[32m 1[2mms[22m[39m
 [32m✓[39m supabase/functions/push/__tests__/index.test.ts[2m > [22mcreatePushHandler[2m > [22mdelivers one notification to all active profile push tokens and records tickets[32m 3[2mms[22m[39m
 [32m✓[39m supabase/functions/push/__tests__/index.test.ts[2m > [22mcreatePushHandler[2m > [22mlogs delivery persistence failures with safe structured correlation metadata[32m 1[2mms[22m[39m
 [32m✓[39m supabase/functions/push/__tests__/index.test.ts[2m > [22mcreatePushHandler[2m > [22msends notifications without Expo authorization when push security is not configured[32m 1[2mms[22m[39m
 [32m✓[39m supabase/functions/push/__tests__/index.test.ts[2m > [22mcreatePushHandler[2m > [22mrecords malformed profile push tokens while still delivering to valid devices[32m 1[2mms[22m[39m
 [32m✓[39m supabase/functions/push/__tests__/index.test.ts[2m > [22mcreatePushHandler[2m > [22mdoes not record deliveries when Expo returns top-level send errors[32m 1[2mms[22m[39m
 [32m✓[39m supabase/functions/push/__tests__/index.test.ts[2m > [22mcreatePushHandler[2m > [22mreplaces unsafe request IDs in push provider failure responses and logs[32m 1[2mms[22m[39m
 [32m✓[39m supabase/functions/push/__tests__/index.test.ts[2m > [22mcreatePushHandler[2m > [22mrecords retryable Expo ticket errors as terminal send failures[32m 1[2mms[22m[39m
 [32m✓[39m supabase/functions/push/__tests__/index.test.ts[2m > [22mcreatePushHandler[2m > [22mfalls back to the legacy profile token only when no active device rows exist[32m 1[2mms[22m[39m
 [32m✓[39m supabase/functions/push/__tests__/index.test.ts[2m > [22mcreatePushHandler[2m > [22mpreserves profile lookup failures for legacy fallback[32m 1[2mms[22m[39m
 [32m✓[39m supabase/functions/push/__tests__/index.test.ts[2m > [22mcreatePushHandler[2m > [22mlogs active token lookup failures with safe structured correlation metadata[32m 1[2mms[22m[39m
 [32m✓[39m supabase/functions/push/__tests__/index.test.ts[2m > [22mcreatePushHandler[2m > [22mlogs legacy token lookup failures with safe structured correlation metadata[32m 1[2mms[22m[39m
 [32m✓[39m supabase/functions/push/__tests__/index.test.ts[2m > [22mcreatePushHandler[2m > [22mrevokes only the token row and matching legacy value for DeviceNotRegistered[32m 1[2mms[22m[39m
 [32m✓[39m supabase/functions/push/__tests__/index.test.ts[2m > [22mcreatePushHandler[2m > [22mpolls Expo receipts, updates deliveries, and revokes unregistered receipt tokens[32m 2[2mms[22m[39m
 [32m✓[39m supabase/functions/push/__tests__/index.test.ts[2m > [22mcreatePushHandler[2m > [22mlogs pending receipt lookup failures with safe structured correlation metadata[32m 1[2mms[22m[39m
 [32m✓[39m supabase/functions/push/__tests__/index.test.ts[2m > [22mcreatePushHandler[2m > [22mlogs receipt update failures with safe structured correlation metadata[32m 1[2mms[22m[39m
 [32m✓[39m supabase/functions/push/__tests__/index.test.ts[2m > [22mcreatePushHandler[2m > [22mpolls receipts without Expo authorization when push security is not configured[32m 1[2mms[22m[39m
 [32m✓[39m supabase/functions/push/__tests__/index.test.ts[2m > [22mcreatePushHandler[2m > [22mdoes not update deliveries when Expo returns top-level receipt errors[32m 1[2mms[22m[39m
 [32m✓[39m supabase/functions/push/__tests__/index.test.ts[2m > [22mcreatePushHandler[2m > [22mredacts Expo send and receipt network error log details[32m 1[2mms[22m[39m
 [32m✓[39m supabase/functions/push/__tests__/index.test.ts[2m > [22mcreatePushHandler[2m > [22mkeeps retryable receipt errors eligible for the next receipt poll[32m 1[2mms[22m[39m
 [32m✓[39m src/pages/reports/__tests__/sales-pdf-export.test.ts[2m > [22mgenerateSalesPdfFilename[2m > [22mbuilds a stable filename from report metadata[32m 1[2mms[22m[39m
 [32m✓[39m src/pages/reports/__tests__/sales-pdf-export.test.ts[2m > [22mbuildSalesReportPdf[2m > [22mbuilds a landscape A4 PDF and saves with the generated filename[32m 20[2mms[22m[39m
 [32m✓[39m src/pages/reports/__tests__/sales-pdf-export.test.ts[2m > [22mbuildSalesReportPdf[2m > [22mrenders the report title only in the document header, not inside table page hooks[32m 3[2mms[22m[39m
 [32m✓[39m src/pages/reports/__tests__/sales-pdf-export.test.ts[2m > [22mbuildSalesReportPdf[2m > [22muses localeLabels.emptyValueText for formatter fallbacks[32m 1[2mms[22m[39m
 [32m✓[39m src/pages/reports/__tests__/sales-pdf-export.test.ts[2m > [22mbuildSalesReportPdf[2m > [22mrenders empty sections with the empty report text[32m 1[2mms[22m[39m
 [32m✓[39m supabase/functions/integration-config/__tests__/index.test.ts[2m > [22mcreateIntegrationConfigHandler[2m > [22mhandles CORS preflight[32m 5[2mms[22m[39m
 [32m✓[39m supabase/functions/integration-config/__tests__/index.test.ts[2m > [22mcreateIntegrationConfigHandler[2m > [22mrequires a valid bearer token[32m 3[2mms[22m[39m
 [32m✓[39m supabase/functions/integration-config/__tests__/index.test.ts[2m > [22mcreateIntegrationConfigHandler[2m > [22mrejects non-admin callers before any integration config RPC[32m 1[2mms[22m[39m
 [32m✓[39m supabase/functions/integration-config/__tests__/index.test.ts[2m > [22mcreateIntegrationConfigHandler[2m > [22mlists masked config summary through the service-role summary wrapper[32m 2[2mms[22m[39m
 [32m✓[39m supabase/functions/integration-config/__tests__/index.test.ts[2m > [22mcreateIntegrationConfigHandler[2m > [22mstrips unsafe secret fields from Midtrans summary responses[32m 2[2mms[22m[39m
 [32m✓[39m supabase/functions/integration-config/__tests__/index.test.ts[2m > [22mcreateIntegrationConfigHandler[2m > [22madds safe Biteship health only when summary requests Biteship keys[32m 3[2mms[22m[39m
 [32m✓[39m supabase/functions/integration-config/__tests__/index.test.ts[2m > [22mcreateIntegrationConfigHandler[2m > [22mreports missing Biteship runtime keys safely and omits health for non-Biteship summaries[32m 3[2mms[22m[39m
 [32m✓[39m supabase/functions/integration-config/__tests__/index.test.ts[2m > [22mcreateIntegrationConfigHandler[2m > [22mreports unknown legacy drift when the legacy settings lookup fails[32m 1[2mms[22m[39m
 [32m✓[39m supabase/functions/integration-config/__tests__/index.test.ts[2m > [22mcreateIntegrationConfigHandler[2m > [22mrotates a secret without echoing submitted plaintext[32m 1[2mms[22m[39m
 [32m✓[39m supabase/functions/integration-config/__tests__/index.test.ts[2m > [22mcreateIntegrationConfigHandler[2m > [22mupdates a non-secret value through the service-role update wrapper[32m 2[2mms[22m[39m
 [32m✓[39m supabase/functions/integration-config/__tests__/index.test.ts[2m > [22mcreateIntegrationConfigHandler[2m > [22mlists audit entries with an optional key and bounded limit[32m 1[2mms[22m[39m
 [32m✓[39m supabase/functions/integration-config/__tests__/index.test.ts[2m > [22mcreateIntegrationConfigHandler[2m > [22mvalidates payload { action: 'rotateSecret', key: 'midtrans.server_key', secret: '', reason: 'scheduled' }[32m 1[2mms[22m[39m
 [32m✓[39m supabase/functions/integration-config/__tests__/index.test.ts[2m > [22mcreateIntegrationConfigHandler[2m > [22mvalidates payload { action: 'rotateSecret', key: 'midtrans.server_key', secret: 'TEST_SENTINEL_SECRET_DO_NOT_LEAK', reason: '' }[32m 0[2mms[22m[39m
 [32m✓[39m supabase/functions/integration-config/__tests__/index.test.ts[2m > [22mcreateIntegrationConfigHandler[2m > [22mvalidates payload { action: 'updateValue', key: 'biteship.origin_postal_code', value: undefined, reason: 'warehouse moved' }[32m 0[2mms[22m[39m
 [32m✓[39m supabase/functions/integration-config/__tests__/index.test.ts[2m > [22mcreateIntegrationConfigHandler[2m > [22mvalidates payload { action: 'updateValue', key: 'biteship.origin_postal_code', value: '12345', reason: '' }[32m 1[2mms[22m[39m
 [32m✓[39m supabase/functions/integration-config/__tests__/index.test.ts[2m > [22mcreateIntegrationConfigHandler[2m > [22mvalidates payload { action: 'audit', limit: +0 }[32m 0[2mms[22m[39m
 [32m✓[39m supabase/functions/integration-config/__tests__/index.test.ts[2m > [22mcreateIntegrationConfigHandler[2m > [22mvalidates payload { action: 'unknown' }[32m 0[2mms[22m[39m
 [32m✓[39m supabase/functions/integration-config/__tests__/index.test.ts[2m > [22mcreateIntegrationConfigHandler[2m > [22mreturns sanitized backend errors without leaking raw details or secret placeholders[32m 2[2mms[22m[39m
 [32m✓[39m supabase/functions/integration-config/__tests__/index.test.ts[2m > [22mcreateIntegrationConfigHandler[2m > [22mreturns sanitized summary RPC failures without logging raw database details[32m 1[2mms[22m[39m
 [32m✓[39m supabase/functions/integration-config/__tests__/index.test.ts[2m > [22mcreateIntegrationConfigHandler[2m > [22mreplaces unsafe request IDs before RPC audit fields, responses, and logs[32m 1[2mms[22m[39m
 [32m✓[39m src/providers/__tests__/auth.test.ts[2m > [22mauthProvider[2m > [22mrejects OAuth logins for the admin panel[32m 8[2mms[22m[39m
 [32m✓[39m src/providers/__tests__/auth.test.ts[2m > [22mauthProvider[2m > [22msigns non-admin users out after a successful password login[32m 1[2mms[22m[39m
 [32m✓[39m src/providers/__tests__/auth.test.ts[2m > [22mauthProvider[2m > [22mallows admins to log in without MFA and clears stale pending state[32m 1[2mms[22m[39m
 [32m✓[39m src/providers/__tests__/auth.test.ts[2m > [22mauthProvider[2m > [22mkeeps the MFA verify redirect when the return-to URL points to products[32m 2[2mms[22m[39m
 [32m✓[39m src/providers/__tests__/auth.test.ts[2m > [22mauthProvider[2m > [22mdoes not persist unsafe return-to URLs for MFA-required logins[32m 1[2mms[22m[39m
 [32m✓[39m src/providers/__tests__/auth.test.ts[2m > [22mauthProvider[2m > [22mkeeps the normal redirect when the return-to URL points to products and MFA is not required[32m 1[2mms[22m[39m
 [32m✓[39m src/providers/__tests__/auth.test.ts[2m > [22mauthProvider[2m > [22mrequires MFA for admins when the assurance level moves from aal1 to aal2[32m 1[2mms[22m[39m
 [32m✓[39m src/providers/__tests__/auth.test.ts[2m > [22mauthProvider[2m > [22mfails admin login when MFA assurance lookup errors[32m 1[2mms[22m[39m
 [32m✓[39m src/providers/__tests__/auth.test.ts[2m > [22mauthProvider[2m > [22mfails check when there is no authenticated session[32m 1[2mms[22m[39m
 [32m✓[39m src/providers/__tests__/auth.test.ts[2m > [22mauthProvider[2m > [22msigns out authenticated users who are not admins during route checks[32m 0[2mms[22m[39m
 [32m✓[39m src/providers/__tests__/auth.test.ts[2m > [22mauthProvider[2m > [22mredirects authenticated admins to MFA verification when a pending login exists[32m 2[2mms[22m[39m
 [32m✓[39m src/providers/__tests__/auth.test.ts[2m > [22mauthProvider[2m > [22mrecreates pending MFA state when stored state belongs to another user but Supabase still requires MFA[32m 1[2mms[22m[39m
 [32m✓[39m src/providers/__tests__/auth.test.ts[2m > [22mauthProvider[2m > [22mrecreates pending MFA state when stored state is expired but Supabase still requires MFA[32m 1[2mms[22m[39m
 [32m✓[39m src/providers/__tests__/auth.test.ts[2m > [22mauthProvider[2m > [22mrecreates pending MFA state when stored state is malformed but Supabase still requires MFA[32m 1[2mms[22m[39m
 [32m✓[39m src/providers/__tests__/auth.test.ts[2m > [22mauthProvider[2m > [22mcreates pending MFA state when client storage is missing but Supabase still requires MFA[32m 1[2mms[22m[39m
 [32m✓[39m src/providers/__tests__/auth.test.ts[2m > [22mauthProvider[2m > [22mfails route checks closed when MFA assurance lookup errors[32m 0[2mms[22m[39m
 [32m✓[39m src/providers/__tests__/auth.test.ts[2m > [22mauthProvider[2m > [22mdoes not redirect pending MFA users away from the verification route[32m 1[2mms[22m[39m
 [32m✓[39m src/providers/__tests__/auth.test.ts[2m > [22mauthProvider[2m > [22mclears pending MFA state on logout[32m 0[2mms[22m[39m
 [32m✓[39m src/providers/__tests__/auth.test.ts[2m > [22mauthProvider[2m > [22mreturns identity fields from the profile record when available[32m 0[2mms[22m[39m
 [32m✓[39m supabase/functions/reconcile-pending-midtrans-payments/__tests__/index.test.ts[2m > [22mreconcile-pending-midtrans-payments handler currency validation[2m > [22mrejects missing service-role bearer before DB access[32m 6[2mms[22m[39m
 [32m✓[39m supabase/functions/reconcile-pending-midtrans-payments/__tests__/index.test.ts[2m > [22mreconcile-pending-midtrans-payments handler currency validation[2m > [22muses the default limit for malformed limit payloads and returns an empty happy path[32m 2[2mms[22m[39m
 [32m✓[39m supabase/functions/reconcile-pending-midtrans-payments/__tests__/index.test.ts[2m > [22mreconcile-pending-midtrans-payments handler currency validation[2m > [22mrecords a safe transition failure without payment upsert or side effects[32m 2[2mms[22m[39m
 [32m✓[39m supabase/functions/reconcile-pending-midtrans-payments/__tests__/index.test.ts[2m > [22mreconcile-pending-midtrans-payments handler currency validation[2m > [22mrecords a safe failure for a verified non-IDR currency without transition, payment upsert, or side effects[32m 1[2mms[22m[39m
 [32m✓[39m supabase/functions/reconcile-pending-midtrans-payments/__tests__/index.test.ts[2m > [22mreconcile-pending-midtrans-payments handler currency validation[2m > [22mrecords a safe failure for a missing verified currency without transition, payment upsert, or side effects[32m 1[2mms[22m[39m
 [32m✓[39m supabase/functions/reconcile-pending-midtrans-payments/__tests__/index.test.ts[2m > [22mreconcile-pending-midtrans-payments handler currency validation[2m > [22mrecords a safe failure for an absent verified currency without transition, payment upsert, or side effects[32m 1[2mms[22m[39m
 [32m✓[39m supabase/functions/reconcile-pending-midtrans-payments/__tests__/index.test.ts[2m > [22mreconcile-pending-midtrans-payments handler currency validation[2m > [22mredacts unexpected reconciliation handler errors from caller responses[32m 1[2mms[22m[39m
 [32m✓[39m supabase/functions/reconcile-pending-midtrans-payments/__tests__/index.test.ts[2m > [22mreconcile-pending-midtrans-payments handler currency validation[2m > [22mredacts per-order reconciliation errors from successful batch responses[32m 1[2mms[22m[39m
 [32m✓[39m supabase/functions/reconcile-pending-midtrans-payments/__tests__/index.test.ts[2m > [22mreconcile-pending-midtrans-payments handler currency validation[2m > [22mredacts orphan reconciliation RPC errors from logs[32m 1[2mms[22m[39m
 [32m✓[39m supabase/functions/reconcile-pending-midtrans-payments/__tests__/index.test.ts[2m > [22mreconcile-pending-midtrans-payments handler currency validation[2m > [22mapplies one transition, upserts payment, and triggers side effects for valid IDR settlement[32m 3[2mms[22m[39m
 [32m✓[39m supabase/functions/order-manager/__tests__/index.test.ts[2m > [22morder-manager Midtrans cancellation currency validation[2m > [22mrejects non-admin requests before DB access[32m 8[2mms[22m[39m
 [32m✓[39m supabase/functions/order-manager/__tests__/index.test.ts[2m > [22morder-manager Midtrans cancellation currency validation[2m > [22mrejects malformed transition requests before loading orders[32m 1[2mms[22m[39m
 [32m✓[39m supabase/functions/order-manager/__tests__/index.test.ts[2m > [22morder-manager Midtrans cancellation currency validation[2m > [22mreturns order not found for order read DB failures[32m 1[2mms[22m[39m
 [32m✓[39m supabase/functions/order-manager/__tests__/index.test.ts[2m > [22morder-manager Midtrans cancellation currency validation[2m > [22mtransitions a valid settled order to awaiting shipment and queues fulfillment side effects[32m 6[2mms[22m[39m
 [32m✓[39m supabase/functions/order-manager/__tests__/index.test.ts[2m > [22morder-manager Midtrans cancellation currency validation[2m > [22mretries transient Biteship tracking failures before mutating shipment state[32m 3[2mms[22m[39m
 [32m✓[39m supabase/functions/order-manager/__tests__/index.test.ts[2m > [22morder-manager Midtrans cancellation currency validation[2m > [22mreturns a stable retryable timeout when Biteship tracking aborts[32m 1[2mms[22m[39m
 [32m✓[39m supabase/functions/order-manager/__tests__/index.test.ts[2m > [22morder-manager Midtrans cancellation currency validation[2m > [22mdoes not retry non-retryable Biteship tracking validation failures[32m 1[2mms[22m[39m
 [32m✓[39m supabase/functions/order-manager/__tests__/index.test.ts[2m > [22morder-manager Midtrans cancellation currency validation[2m > [22mrejects Midtrans-backed cancellation with blank verified currency before order or payment mutation[32m 1[2mms[22m[39m
 [32m✓[39m supabase/functions/order-manager/__tests__/index.test.ts[2m > [22morder-manager Midtrans cancellation currency validation[2m > [22mrejects cancellable Midtrans status with missing verified currency before provider cancel[32m 1[2mms[22m[39m
 [32m✓[39m supabase/functions/order-manager/__tests__/index.test.ts[2m > [22morder-manager Midtrans cancellation currency validation[2m > [22muses stored non-IDR order currency when validating cancelled Midtrans status[32m 1[2mms[22m[39m
 [32m✓[39m supabase/functions/create-checkout-order/__tests__/index.test.ts[2m > [22mcreateCheckoutOrderHandler[2m > [22mreturns 400 for 'missing selected_cart_item_ids' and does not call RPC[32m 7[2mms[22m[39m
 [32m✓[39m supabase/functions/create-checkout-order/__tests__/index.test.ts[2m > [22mcreateCheckoutOrderHandler[2m > [22mreturns 400 for 'null selected_cart_item_ids' and does not call RPC[32m 1[2mms[22m[39m
 [32m✓[39m supabase/functions/create-checkout-order/__tests__/index.test.ts[2m > [22mcreateCheckoutOrderHandler[2m > [22mreturns 400 for 'non-array selected_cart_item_ids' and does not call RPC[32m 1[2mms[22m[39m
 [32m✓[39m supabase/functions/create-checkout-order/__tests__/index.test.ts[2m > [22mcreateCheckoutOrderHandler[2m > [22mreturns 400 for 'empty selected_cart_item_ids' and does not call RPC[32m 1[2mms[22m[39m
 [32m✓[39m supabase/functions/create-checkout-order/__tests__/index.test.ts[2m > [22mcreateCheckoutOrderHandler[2m > [22mreturns 400 for 'non-string selected_cart_item_ids ent…' and does not call RPC[32m 1[2mms[22m[39m
 [32m✓[39m supabase/functions/create-checkout-order/__tests__/index.test.ts[2m > [22mcreateCheckoutOrderHandler[2m > [22mreturns 400 for 'blank selected_cart_item_ids entry' and does not call RPC[32m 1[2mms[22m[39m
 [32m✓[39m supabase/functions/create-checkout-order/__tests__/index.test.ts[2m > [22mcreateCheckoutOrderHandler[2m > [22mreturns 400 for 'invalid UUID selected_cart_item_ids e…' and does not call RPC[32m 1[2mms[22m[39m
 [32m✓[39m supabase/functions/create-checkout-order/__tests__/index.test.ts[2m > [22mcreateCheckoutOrderHandler[2m > [22mreturns 400 for 'duplicate selected_cart_item_ids befo…' and does not call RPC[32m 0[2mms[22m[39m
 [32m✓[39m supabase/functions/create-checkout-order/__tests__/index.test.ts[2m > [22mcreateCheckoutOrderHandler[2m > [22msorts valid selected cart item IDs and forwards them to the checkout RPC[32m 3[2mms[22m[39m
 [32m✓[39m supabase/functions/create-checkout-order/__tests__/index.test.ts[2m > [22mcreateCheckoutOrderHandler[2m > [22mreturns 401 before RPC when authentication fails[32m 1[2mms[22m[39m
 [32m✓[39m supabase/functions/create-checkout-order/__tests__/index.test.ts[2m > [22mcreateCheckoutOrderHandler[2m > [22mblocks banned customers before checkout RPC and ignores user-editable request metadata[32m 1[2mms[22m[39m
 [32m✓[39m supabase/functions/create-checkout-order/__tests__/index.test.ts[2m > [22mcreateCheckoutOrderHandler[2m > [22mpreserves required shipping field validation before RPC[32m 1[2mms[22m[39m
 [32m✓[39m supabase/functions/create-checkout-order/__tests__/index.test.ts[2m > [22mcreateCheckoutOrderHandler[2m > [22mredacts checkout RPC errors from caller responses[32m 1[2mms[22m[39m
 [32m✓[39m supabase/functions/create-checkout-order/__tests__/index.test.ts[2m > [22mcreateCheckoutOrderHandler[2m > [22mreplaces unsafe request IDs in checkout error responses and logs[32m 1[2mms[22m[39m
 [32m✓[39m supabase/functions/create-checkout-order/__tests__/index.test.ts[2m > [22mcreateCheckoutOrderHandler[2m > [22mpreserves the successful checkout response payload[32m 1[2mms[22m[39m
 [32m✓[39m supabase/functions/confirm-order-received/__tests__/index.test.ts[2m > [22mconfirm-order-received handler[2m > [22mrejects missing authenticated user[32m 6[2mms[22m[39m
 [32m✓[39m supabase/functions/confirm-order-received/__tests__/index.test.ts[2m > [22mconfirm-order-received handler[2m > [22mrejects malformed input without mutating order state[32m 1[2mms[22m[39m
 [32m✓[39m supabase/functions/confirm-order-received/__tests__/index.test.ts[2m > [22mconfirm-order-received handler[2m > [22mdoes not expose another customer's order[32m 1[2mms[22m[39m
 [32m✓[39m supabase/functions/confirm-order-received/__tests__/index.test.ts[2m > [22mconfirm-order-received handler[2m > [22mrejects delivered orders that are not settled[32m 1[2mms[22m[39m
 [32m✓[39m supabase/functions/confirm-order-received/__tests__/index.test.ts[2m > [22mconfirm-order-received handler[2m > [22mrejects non-delivered orders before completion mutation[32m 1[2mms[22m[39m
 [32m✓[39m supabase/functions/confirm-order-received/__tests__/index.test.ts[2m > [22mconfirm-order-received handler[2m > [22mblocks banned customers before completion mutation and ignores user-editable request metadata[32m 1[2mms[22m[39m
 [32m✓[39m supabase/functions/confirm-order-received/__tests__/index.test.ts[2m > [22mconfirm-order-received handler[2m > [22mmarks a delivered settled order as customer completed and writes activity plus notification[32m 4[2mms[22m[39m
 [32m✓[39m supabase/functions/confirm-order-received/__tests__/index.test.ts[2m > [22mconfirm-order-received handler[2m > [22mkeeps already-completed orders idempotent without updating orders again[32m 2[2mms[22m[39m
 [32m✓[39m supabase/functions/confirm-order-received/__tests__/index.test.ts[2m > [22mconfirm-order-received handler[2m > [22mreturns a safe failure for order read database errors[32m 2[2mms[22m[39m
 [32m✓[39m supabase/functions/confirm-order-received/__tests__/index.test.ts[2m > [22mconfirm-order-received handler[2m > [22mcontinues when activity logging fails but notification succeeds[32m 3[2mms[22m[39m
 [32m✓[39m supabase/functions/confirm-order-received/__tests__/index.test.ts[2m > [22mconfirm-order-received handler[2m > [22mreturns a safe failure when durable notification insert fails[32m 3[2mms[22m[39m
 [32m✓[39m supabase/functions/cancel-user-order/__tests__/index.test.ts[2m > [22mcancel-user-order Midtrans currency validation[2m > [22mrejects unauthenticated requests before loading orders[32m 6[2mms[22m[39m
 [32m✓[39m supabase/functions/cancel-user-order/__tests__/index.test.ts[2m > [22mcancel-user-order Midtrans currency validation[2m > [22mrejects malformed request bodies before DB access[32m 1[2mms[22m[39m
 [32m✓[39m supabase/functions/cancel-user-order/__tests__/index.test.ts[2m > [22mcancel-user-order Midtrans currency validation[2m > [22mrejects non-owner cancellation before mutations[32m 1[2mms[22m[39m
 [32m✓[39m supabase/functions/cancel-user-order/__tests__/index.test.ts[2m > [22mcancel-user-order Midtrans currency validation[2m > [22mallows banned-user policy safe default by still cancelling an unpaid owned order[32m 3[2mms[22m[39m
 [32m✓[39m supabase/functions/cancel-user-order/__tests__/index.test.ts[2m > [22mcancel-user-order Midtrans currency validation[2m > [22mreturns provider config failure without transition or payment upsert[32m 2[2mms[22m[39m
 [32m✓[39m supabase/functions/cancel-user-order/__tests__/index.test.ts[2m > [22mcancel-user-order Midtrans currency validation[2m > [22mrejects a terminal Midtrans cancellation without verified currency before transition or payment upsert[32m 1[2mms[22m[39m
 [32m✓[39m supabase/functions/cancel-user-order/__tests__/index.test.ts[2m > [22mcancel-user-order Midtrans currency validation[2m > [22mrejects a cancellable Midtrans status with mismatched verified currency before provider cancel[32m 1[2mms[22m[39m
 [32m✓[39m supabase/functions/cancel-user-order/__tests__/index.test.ts[2m > [22mcancel-user-order Midtrans currency validation[2m > [22mredacts provider failure details from generic 500 responses and logs[32m 1[2mms[22m[39m
 [32m✓[39m src/pages/dashboard/__tests__/monthlyOperationalTrends.test.ts[2m > [22mmonthly operational trends[2m > [22mreturns twelve zero-filled chronological months for empty rows[32m 2[2mms[22m[39m
 [32m✓[39m src/pages/dashboard/__tests__/monthlyOperationalTrends.test.ts[2m > [22mmonthly operational trends[2m > [22mzero-fills a missing middle month without mutating input rows[32m 1[2mms[22m[39m
 [32m✓[39m src/pages/dashboard/__tests__/monthlyOperationalTrends.test.ts[2m > [22mmonthly operational trends[2m > [22mparses numeric strings and bigint-like values from Supabase serialization[32m 1[2mms[22m[39m
 [32m✓[39m src/pages/dashboard/__tests__/monthlyOperationalTrends.test.ts[2m > [22mmonthly operational trends[2m > [22mrecognizes only normalized YYYY-MM-01 month starts as aggregate months[32m 0[2mms[22m[39m
 [32m✓[39m src/pages/dashboard/__tests__/monthlyOperationalTrends.test.ts[2m > [22mmonthly operational trends[2m > [22mpreserves zero values for counts and revenue[32m 0[2mms[22m[39m
 [32m✓[39m src/pages/dashboard/__tests__/monthlyOperationalTrends.test.ts[2m > [22mmonthly operational trends[2m > [22muses already-aggregated operational columns without status filtering[32m 0[2mms[22m[39m
 [32m✓[39m src/pages/dashboard/__tests__/monthlyOperationalTrends.test.ts[2m > [22mmonthly operational trends[2m > [22mincludes the partial current month using Asia/Jakarta month boundaries[32m 0[2mms[22m[39m
 [32m✓[39m src/pages/dashboard/__tests__/monthlyOperationalTrends.test.ts[2m > [22mmonthly operational trends[2m > [22mbuilds default trend requests for each dashboard granularity[32m 0[2mms[22m[39m
 [32m✓[39m src/pages/dashboard/__tests__/monthlyOperationalTrends.test.ts[2m > [22mmonthly operational trends[2m > [22mbuilds granularity-aware operational trend data from RPC bucket rows[32m 12[2mms[22m[39m
 [32m✓[39m src/pages/dashboard/__tests__/monthlyOperationalTrends.test.ts[2m > [22mmonthly operational trends[2m > [22mformats bucket labels in Jakarta time instead of browser-local time[32m 0[2mms[22m[39m
 [32m✓[39m supabase/functions/_shared/__tests__/midtrans.test.ts[2m > [22mcalculateMidtransGrossAmount[2m > [22madds line item totals and shipping cost[32m 1[2mms[22m[39m
 [32m✓[39m supabase/functions/_shared/__tests__/midtrans.test.ts[2m > [22mbuildSnapPayload[2m > [22mincludes shipping and billing address mapped from shipping address[32m 1[2mms[22m[39m
 [32m✓[39m supabase/functions/_shared/__tests__/midtrans.test.ts[2m > [22mbuildSnapPayload[2m > [22mdoes not merge optional address_note into Midtrans address lines[32m 0[2mms[22m[39m
 [32m✓[39m supabase/functions/_shared/__tests__/midtrans.test.ts[2m > [22mbuildSnapPayload[2m > [22momits address blocks when shipping address is unavailable[32m 0[2mms[22m[39m
 [32m✓[39m supabase/functions/_shared/__tests__/midtrans.test.ts[2m > [22mbuildSnapPayload[2m > [22mfalls back to profile name for address person name when receiver_name is missing[32m 0[2mms[22m[39m
 [32m✓[39m supabase/functions/_shared/__tests__/midtrans.test.ts[2m > [22mbuildSnapPayload[2m > [22mfalls back to profile name for address person name when receiver_name is blank[32m 0[2mms[22m[39m
 [32m✓[39m supabase/functions/_shared/__tests__/midtrans.test.ts[2m > [22mbuildSnapPayload[2m > [22muses persisted order gross amount instead of recomputing from current item rows[32m 0[2mms[22m[39m
 [32m✓[39m supabase/functions/_shared/__tests__/midtrans.test.ts[2m > [22misIgnorableMidtransNoop[2m > [22mtreats duplicate payment transitions as ignorable only when the order status already matches[32m 0[2mms[22m[39m
 [32m✓[39m supabase/functions/_shared/__tests__/midtrans.test.ts[2m > [22misIgnorableMidtransNoop[2m > [22mkeeps the legacy payment-only fallback when order status is unavailable[32m 0[2mms[22m[39m
 [32m✓[39m supabase/functions/_shared/__tests__/midtrans.test.ts[2m > [22mvalidateMidtransTransitionCurrency[2m > [22mdefaults the expected order currency to IDR and normalizes inputs[32m 0[2mms[22m[39m
 [32m✓[39m supabase/functions/_shared/__tests__/midtrans.test.ts[2m > [22mvalidateMidtransTransitionCurrency[2m > [22mfails closed when the verified Midtrans currency is missing[32m 1[2mms[22m[39m
 [32m✓[39m supabase/functions/_shared/__tests__/midtrans.test.ts[2m > [22mvalidateMidtransTransitionCurrency[2m > [22mrejects payload and expected order currency mismatches[32m 0[2mms[22m[39m
 [32m✓[39m supabase/functions/_shared/__tests__/midtrans.test.ts[2m > [22mMidtrans runtime config resolution[2m > [22mmatches a grace signature and keeps the grace key and mode for status verification[32m 8[2mms[22m[39m
 [32m✓[39m supabase/functions/_shared/__tests__/midtrans.test.ts[2m > [22mMidtrans runtime config resolution[2m > [22mfails closed for active transaction config when runtime rows are missing[32m 1[2mms[22m[39m
 [32m✓[39m supabase/functions/_shared/__tests__/midtrans.test.ts[2m > [22mMidtrans runtime config resolution[2m > [22mdoes not use provider env fallback while selecting pre-signature webhook candidates[32m 1[2mms[22m[39m
 [32m✓[39m supabase/functions/_shared/__tests__/midtrans.test.ts[2m > [22mMidtrans runtime config resolution[2m > [22mfalls back to grace candidates when a legacy binding signature does not match[32m 1[2mms[22m[39m
 [32m✓[39m supabase/functions/_shared/__tests__/midtrans.test.ts[2m > [22mMidtrans runtime config resolution[2m > [22muses transaction-bound config versions before active or grace candidates[32m 1[2mms[22m[39m
 [32m✓[39m supabase/functions/confirm-midtrans-payment/__tests__/index.test.ts[2m > [22mconfirm-midtrans-payment handler currency validation[2m > [22mrejects unauthenticated requests before DB access[32m 6[2mms[22m[39m
 [32m✓[39m supabase/functions/confirm-midtrans-payment/__tests__/index.test.ts[2m > [22mconfirm-midtrans-payment handler currency validation[2m > [22mrejects malformed request bodies before DB access[32m 1[2mms[22m[39m
 [32m✓[39m supabase/functions/confirm-midtrans-payment/__tests__/index.test.ts[2m > [22mconfirm-midtrans-payment handler currency validation[2m > [22mrejects amount mismatch before transition, payment upsert, or side effects[32m 1[2mms[22m[39m
 [32m✓[39m supabase/functions/confirm-midtrans-payment/__tests__/index.test.ts[2m > [22mconfirm-midtrans-payment handler currency validation[2m > [22mreturns a safe failure when the transition is not persisted[32m 2[2mms[22m[39m
 [32m✓[39m supabase/functions/confirm-midtrans-payment/__tests__/index.test.ts[2m > [22mconfirm-midtrans-payment handler currency validation[2m > [22mrejects a verified non-IDR currency before transition, payment upsert, or side effects[32m 1[2mms[22m[39m
 [32m✓[39m supabase/functions/confirm-midtrans-payment/__tests__/index.test.ts[2m > [22mconfirm-midtrans-payment handler currency validation[2m > [22mredacts unexpected payment confirmation errors from caller responses[32m 1[2mms[22m[39m
 [32m✓[39m supabase/functions/confirm-midtrans-payment/__tests__/index.test.ts[2m > [22mconfirm-midtrans-payment handler currency validation[2m > [22mapplies one transition, upserts payment, and triggers side effects for valid IDR settlement[32m 2[2mms[22m[39m
 [32m✓[39m supabase/functions/ban-customer/__tests__/index.test.ts[2m > [22mcreateBanCustomerHandler[2m > [22mhandles CORS preflight[32m 4[2mms[22m[39m
 [32m✓[39m supabase/functions/ban-customer/__tests__/index.test.ts[2m > [22mcreateBanCustomerHandler[2m > [22mrequires an admin bearer token[32m 3[2mms[22m[39m
 [32m✓[39m supabase/functions/ban-customer/__tests__/index.test.ts[2m > [22mcreateBanCustomerHandler[2m > [22mrejects non-admin callers[32m 1[2mms[22m[39m
 [32m✓[39m supabase/functions/ban-customer/__tests__/index.test.ts[2m > [22mcreateBanCustomerHandler[2m > [22mprevents self-ban and admin target bans[32m 2[2mms[22m[39m
 [32m✓[39m supabase/functions/ban-customer/__tests__/index.test.ts[2m > [22mcreateBanCustomerHandler[2m > [22mupdates Auth and profile ban state without leaking raw backend errors[32m 2[2mms[22m[39m
 [32m✓[39m supabase/functions/ban-customer/__tests__/index.test.ts[2m > [22mcreateBanCustomerHandler[2m > [22mbans and unbans customers through the service-role client[32m 2[2mms[22m[39m
 [32m✓[39m supabase/functions/cleanup-orphan-storage/__tests__/index.test.ts[2m > [22mcreateCleanupHandler[2m > [22mreturns a dry-run report without deleting objects[32m 7[2mms[22m[39m
 [32m✓[39m supabase/functions/cleanup-orphan-storage/__tests__/index.test.ts[2m > [22mcreateCleanupHandler[2m > [22maborts delete mode when invalid references exist[32m 2[2mms[22m[39m
 [32m✓[39m supabase/functions/cleanup-orphan-storage/__tests__/index.test.ts[2m > [22mcreateCleanupHandler[2m > [22mredacts cleanup execution failures from caller responses[32m 1[2mms[22m[39m
 [32m✓[39m supabase/functions/cleanup-orphan-storage/__tests__/index.test.ts[2m > [22mcreateCleanupHandler[2m > [22mskips execution when another run is still active[32m 2[2mms[22m[39m
 [32m✓[39m supabase/functions/cleanup-orphan-storage/__tests__/index.test.ts[2m > [22mcreateCleanupHandler[2m > [22mquarantines old orphan files instead of deleting them in delete mode[32m 2[2mms[22m[39m
 [32m✓[39m supabase/functions/cleanup-orphan-storage/__tests__/index.test.ts[2m > [22mcreateCleanupHandler[2m > [22mpasses an orphan age threshold to the candidate lister[32m 1[2mms[22m[39m
 [32m✓[39m src/locales/__tests__/common-keys.test.ts[2m > [22mlocale files[2m > [22mhas key auth.accessDenied in both id and en locales[32m 1[2mms[22m[39m
 [32m✓[39m src/locales/__tests__/common-keys.test.ts[2m > [22mlocale files[2m > [22mhas key auth.oauthNotAllowed in both id and en locales[32m 0[2mms[22m[39m
 [32m✓[39m src/locales/__tests__/common-keys.test.ts[2m > [22mlocale files[2m > [22mhas key auth.registerDisabled in both id and en locales[32m 0[2mms[22m[39m
 [32m✓[39m src/locales/__tests__/common-keys.test.ts[2m > [22mlocale files[2m > [22mhas key auth.checkFailed in both id and en locales[32m 0[2mms[22m[39m
 [32m✓[39m src/locales/__tests__/common-keys.test.ts[2m > [22mlocale files[2m > [22mhas key auth.sessionNotFound in both id and en locales[32m 0[2mms[22m[39m
 [32m✓[39m src/locales/__tests__/common-keys.test.ts[2m > [22mlocale files[2m > [22mhas key auth.unexpectedError in both id and en locales[32m 0[2mms[22m[39m
 [32m✓[39m src/locales/__tests__/common-keys.test.ts[2m > [22mlocale files[2m > [22mhas key auth.loginFailed in both id and en locales[32m 0[2mms[22m[39m
 [32m✓[39m src/locales/__tests__/common-keys.test.ts[2m > [22mlocale files[2m > [22mhas key auth.invalidEmailOrPassword in both id and en locales[32m 0[2mms[22m[39m
 [32m✓[39m src/locales/__tests__/common-keys.test.ts[2m > [22mlocale files[2m > [22mhas key auth.forgotPasswordFailed in both id and en locales[32m 0[2mms[22m[39m
 [32m✓[39m src/locales/__tests__/common-keys.test.ts[2m > [22mlocale files[2m > [22mhas key auth.invalidEmail in both id and en locales[32m 0[2mms[22m[39m
 [32m✓[39m src/locales/__tests__/common-keys.test.ts[2m > [22mlocale files[2m > [22mhas key auth.updatePasswordFailed in both id and en locales[32m 0[2mms[22m[39m
 [32m✓[39m src/locales/__tests__/common-keys.test.ts[2m > [22mlocale files[2m > [22mhas key auth.invalidPassword in both id and en locales[32m 0[2mms[22m[39m
 [32m✓[39m src/locales/__tests__/common-keys.test.ts[2m > [22mlocale files[2m > [22mhas key auth.email in both id and en locales[32m 0[2mms[22m[39m
 [32m✓[39m src/locales/__tests__/common-keys.test.ts[2m > [22mlocale files[2m > [22mhas key auth.password in both id and en locales[32m 0[2mms[22m[39m
 [32m✓[39m src/locales/__tests__/common-keys.test.ts[2m > [22mlocale files[2m > [22mhas key auth.login.title in both id and en locales[32m 0[2mms[22m[39m
 [32m✓[39m src/locales/__tests__/common-keys.test.ts[2m > [22mlocale files[2m > [22mhas key auth.login.description in both id and en locales[32m 0[2mms[22m[39m
 [32m✓[39m src/locales/__tests__/common-keys.test.ts[2m > [22mlocale files[2m > [22mhas key auth.login.submit in both id and en locales[32m 0[2mms[22m[39m
 [32m✓[39m src/locales/__tests__/common-keys.test.ts[2m > [22mlocale files[2m > [22mhas key auth.login.forgotPassword in both id and en locales[32m 0[2mms[22m[39m
 [32m✓[39m src/locales/__tests__/common-keys.test.ts[2m > [22mlocale files[2m > [22mhas key pages.login.signin in both id and en locales[32m 0[2mms[22m[39m
 [32m✓[39m src/locales/__tests__/common-keys.test.ts[2m > [22mlocale files[2m > [22mhas key pages.register.buttons.haveAccount in both id and en locales[32m 0[2mms[22m[39m
 [32m✓[39m src/locales/__tests__/common-keys.test.ts[2m > [22mlocale files[2m > [22mhas key pages.forgotPassword.title in both id and en locales[32m 0[2mms[22m[39m
 [32m✓[39m src/locales/__tests__/common-keys.test.ts[2m > [22mlocale files[2m > [22mhas key pages.forgotPassword.fields.email in both id and en locales[32m 0[2mms[22m[39m
 [32m✓[39m src/locales/__tests__/common-keys.test.ts[2m > [22mlocale files[2m > [22mhas key pages.forgotPassword.errors.requiredEmail in both id and en locales[32m 0[2mms[22m[39m
 [32m✓[39m src/locales/__tests__/common-keys.test.ts[2m > [22mlocale files[2m > [22mhas key pages.forgotPassword.errors.validEmail in both id and en locales[32m 0[2mms[22m[39m
 [32m✓[39m src/locales/__tests__/common-keys.test.ts[2m > [22mlocale files[2m > [22mhas key pages.forgotPassword.buttons.haveAccount in both id and en locales[32m 0[2mms[22m[39m
 [32m✓[39m src/locales/__tests__/common-keys.test.ts[2m > [22mlocale files[2m > [22mhas key pages.forgotPassword.buttons.submit in both id and en locales[32m 0[2mms[22m[39m
 [32m✓[39m src/locales/__tests__/common-keys.test.ts[2m > [22mlocale files[2m > [22mhas key pages.forgotPassword.signin in both id and en locales[32m 0[2mms[22m[39m
 [32m✓[39m src/locales/__tests__/common-keys.test.ts[2m > [22mlocale files[2m > [22mhas key pages.updatePassword.title in both id and en locales[32m 0[2mms[22m[39m
 [32m✓[39m src/locales/__tests__/common-keys.test.ts[2m > [22mlocale files[2m > [22mhas key pages.updatePassword.fields.password in both id and en locales[32m 0[2mms[22m[39m
 [32m✓[39m src/locales/__tests__/common-keys.test.ts[2m > [22mlocale files[2m > [22mhas key pages.updatePassword.fields.confirmPassword in both id and en locales[32m 0[2mms[22m[39m
 [32m✓[39m src/locales/__tests__/common-keys.test.ts[2m > [22mlocale files[2m > [22mhas key pages.updatePassword.errors.requiredPassword in both id and en locales[32m 0[2mms[22m[39m
 [32m✓[39m src/locales/__tests__/common-keys.test.ts[2m > [22mlocale files[2m > [22mhas key pages.updatePassword.errors.requiredConfirmPassword in both id and en locales[32m 0[2mms[22m[39m
 [32m✓[39m src/locales/__tests__/common-keys.test.ts[2m > [22mlocale files[2m > [22mhas key pages.updatePassword.errors.confirmPasswordNotMatch in both id and en locales[32m 0[2mms[22m[39m
 [32m✓[39m src/locales/__tests__/common-keys.test.ts[2m > [22mlocale files[2m > [22mhas key pages.updatePassword.buttons.submit in both id and en locales[32m 0[2mms[22m[39m
 [32m✓[39m src/locales/__tests__/common-keys.test.ts[2m > [22mlocale files[2m > [22mhas key dashboard.dashboard in both id and en locales[32m 1[2mms[22m[39m
 [32m✓[39m src/locales/__tests__/common-keys.test.ts[2m > [22mlocale files[2m > [22mhas key dashboard.overview.title in both id and en locales[32m 0[2mms[22m[39m
 [32m✓[39m src/locales/__tests__/common-keys.test.ts[2m > [22mlocale files[2m > [22mhas key dashboard.overview.subtitle in both id and en locales[32m 0[2mms[22m[39m
 [32m✓[39m src/locales/__tests__/common-keys.test.ts[2m > [22mlocale files[2m > [22mhas key dashboard.kpis.revenue30d in both id and en locales[32m 0[2mms[22m[39m
 [32m✓[39m src/locales/__tests__/common-keys.test.ts[2m > [22mlocale files[2m > [22mhas key dashboard.kpis.orders30d in both id and en locales[32m 0[2mms[22m[39m
 [32m✓[39m src/locales/__tests__/common-keys.test.ts[2m > [22mlocale files[2m > [22mhas key dashboard.kpis.paymentSuccessRate in both id and en locales[32m 0[2mms[22m[39m
 [32m✓[39m src/locales/__tests__/common-keys.test.ts[2m > [22mlocale files[2m > [22mhas key dashboard.kpis.averageOrderValue in both id and en locales[32m 0[2mms[22m[39m
 [32m✓[39m src/locales/__tests__/common-keys.test.ts[2m > [22mlocale files[2m > [22mhas key dashboard.kpis.fulfillmentRisk in both id and en locales[32m 0[2mms[22m[39m
 [32m✓[39m src/locales/__tests__/common-keys.test.ts[2m > [22mlocale files[2m > [22mhas key dashboard.kpis.lowStockSkus in both id and en locales[32m 0[2mms[22m[39m
 [32m✓[39m src/locales/__tests__/common-keys.test.ts[2m > [22mlocale files[2m > [22mhas key dashboard.kpis.unavailable in both id and en locales[32m 0[2mms[22m[39m
 [32m✓[39m src/locales/__tests__/common-keys.test.ts[2m > [22mlocale files[2m > [22mhas key dashboard.kpis.periodNote in both id and en locales[32m 0[2mms[22m[39m
 [32m✓[39m src/locales/__tests__/common-keys.test.ts[2m > [22mlocale files[2m > [22mhas key dashboard.kpis.revenue30dContext in both id and en locales[32m 0[2mms[22m[39m
 [32m✓[39m src/locales/__tests__/common-keys.test.ts[2m > [22mlocale files[2m > [22mhas key dashboard.kpis.orders30dContext in both id and en locales[32m 0[2mms[22m[39m
 [32m✓[39m src/locales/__tests__/common-keys.test.ts[2m > [22mlocale files[2m > [22mhas key dashboard.kpis.paymentSuccessRateContext in both id and en locales[32m 0[2mms[22m[39m
 [32m✓[39m src/locales/__tests__/common-keys.test.ts[2m > [22mlocale files[2m > [22mhas key dashboard.kpis.averageOrderValueContext in both id and en locales[32m 0[2mms[22m[39m
 [32m✓[39m src/locales/__tests__/common-keys.test.ts[2m > [22mlocale files[2m > [22mhas key dashboard.kpis.fulfillmentRiskContext in both id and en locales[32m 0[2mms[22m[39m
 [32m✓[39m src/locales/__tests__/common-keys.test.ts[2m > [22mlocale files[2m > [22mhas key dashboard.alerts.title in both id and en locales[32m 0[2mms[22m[39m
 [32m✓[39m src/locales/__tests__/common-keys.test.ts[2m > [22mlocale files[2m > [22mhas key dashboard.alerts.metricsError.message in both id and en locales[32m 0[2mms[22m[39m
 [32m✓[39m src/locales/__tests__/common-keys.test.ts[2m > [22mlocale files[2m > [22mhas key dashboard.alerts.metricsError.description in both id and en locales[32m 0[2mms[22m[39m
 [32m✓[39m src/locales/__tests__/common-keys.test.ts[2m > [22mlocale files[2m > [22mhas key dashboard.alerts.lowStockError.message in both id and en locales[32m 0[2mms[22m[39m
 [32m✓[39m src/locales/__tests__/common-keys.test.ts[2m > [22mlocale files[2m > [22mhas key dashboard.alerts.lowStockError.description in both id and en locales[32m 0[2mms[22m[39m
 [32m✓[39m src/locales/__tests__/common-keys.test.ts[2m > [22mlocale files[2m > [22mhas key dashboard.alerts.recentOrdersError.message in both id and en locales[32m 0[2mms[22m[39m
 [32m✓[39m src/locales/__tests__/common-keys.test.ts[2m > [22mlocale files[2m > [22mhas key dashboard.alerts.recentOrdersError.description in both id and en locales[32m 0[2mms[22m[39m
 [32m✓[39m src/locales/__tests__/common-keys.test.ts[2m > [22mlocale files[2m > [22mhas key dashboard.alerts.fulfillmentRisk.message in both id and en locales[32m 0[2mms[22m[39m
 [32m✓[39m src/locales/__tests__/common-keys.test.ts[2m > [22mlocale files[2m > [22mhas key dashboard.alerts.fulfillmentRisk.description in both id and en locales[32m 0[2mms[22m[39m
 [32m✓[39m src/locales/__tests__/common-keys.test.ts[2m > [22mlocale files[2m > [22mhas key dashboard.alerts.lowStockRisk.message in both id and en locales[32m 0[2mms[22m[39m
 [32m✓[39m src/locales/__tests__/common-keys.test.ts[2m > [22mlocale files[2m > [22mhas key dashboard.alerts.lowStockRisk.description in both id and en locales[32m 0[2mms[22m[39m
 [32m✓[39m src/locales/__tests__/common-keys.test.ts[2m > [22mlocale files[2m > [22mhas key dashboard.alerts.noRisk.message in both id and en locales[32m 0[2mms[22m[39m
 [32m✓[39m src/locales/__tests__/common-keys.test.ts[2m > [22mlocale files[2m > [22mhas key dashboard.alerts.noRisk.description in both id and en locales[32m 0[2mms[22m[39m
 [32m✓[39m src/locales/__tests__/common-keys.test.ts[2m > [22mlocale files[2m > [22mhas key dashboard.alerts.loading.message in both id and en locales[32m 0[2mms[22m[39m
 [32m✓[39m src/locales/__tests__/common-keys.test.ts[2m > [22mlocale files[2m > [22mhas key dashboard.alerts.loading.description in both id and en locales[32m 0[2mms[22m[39m
 [32m✓[39m src/locales/__tests__/common-keys.test.ts[2m > [22mlocale files[2m > [22mhas key dashboard.recentOrders in both id and en locales[32m 0[2mms[22m[39m
 [32m✓[39m src/locales/__tests__/common-keys.test.ts[2m > [22mlocale files[2m > [22mhas key dashboard.lowStockAlerts in both id and en locales[32m 0[2mms[22m[39m
 [32m✓[39m src/locales/__tests__/common-keys.test.ts[2m > [22mlocale files[2m > [22mhas key dashboard.noRecentOrders in both id and en locales[32m 0[2mms[22m[39m
 [32m✓[39m src/locales/__tests__/common-keys.test.ts[2m > [22mlocale files[2m > [22mhas key dashboard.noLowStock in both id and en locales[32m 0[2mms[22m[39m
 [32m✓[39m src/locales/__tests__/common-keys.test.ts[2m > [22mlocale files[2m > [22mhas key dashboard.viewAll in both id and en locales[32m 0[2mms[22m[39m
 [32m✓[39m src/locales/__tests__/common-keys.test.ts[2m > [22mlocale files[2m > [22mhas key dashboard.viewAllOrders in both id and en locales[32m 0[2mms[22m[39m
 [32m✓[39m src/locales/__tests__/common-keys.test.ts[2m > [22mlocale files[2m > [22mhas key dashboard.viewAllProducts in both id and en locales[32m 0[2mms[22m[39m
 [32m✓[39m src/locales/__tests__/common-keys.test.ts[2m > [22mlocale files[2m > [22mhas key dashboard.orderId in both id and en locales[32m 0[2mms[22m[39m
 [32m✓[39m src/locales/__tests__/common-keys.test.ts[2m > [22mlocale files[2m > [22mhas key dashboard.fullOrderId in both id and en locales[32m 0[2mms[22m[39m
 [32m✓[39m src/locales/__tests__/common-keys.test.ts[2m > [22mlocale files[2m > [22mhas key dashboard.orderDate in both id and en locales[32m 0[2mms[22m[39m
 [32m✓[39m src/locales/__tests__/common-keys.test.ts[2m > [22mlocale files[2m > [22mhas key dashboard.orderTotal in both id and en locales[32m 0[2mms[22m[39m
 [32m✓[39m src/locales/__tests__/common-keys.test.ts[2m > [22mlocale files[2m > [22mhas key dashboard.orderStatus in both id and en locales[32m 0[2mms[22m[39m
 [32m✓[39m src/locales/__tests__/common-keys.test.ts[2m > [22mlocale files[2m > [22mhas key dashboard.productName in both id and en locales[32m 0[2mms[22m[39m
 [32m✓[39m src/locales/__tests__/common-keys.test.ts[2m > [22mlocale files[2m > [22mhas key dashboard.currentStock in both id and en locales[32m 0[2mms[22m[39m
 [32m✓[39m src/locales/__tests__/common-keys.test.ts[2m > [22mlocale files[2m > [22mhas key dashboard.tables.recentOrdersAriaLabel in both id and en locales[32m 0[2mms[22m[39m
 [32m✓[39m src/locales/__tests__/common-keys.test.ts[2m > [22mlocale files[2m > [22mhas key dashboard.tables.lowStockAriaLabel in both id and en locales[32m 0[2mms[22m[39m
 [32m✓[39m src/locales/__tests__/common-keys.test.ts[2m > [22mlocale files[2m > [22mhas key dashboard.monthlyTrends.title in both id and en locales[32m 0[2mms[22m[39m
 [32m✓[39m src/locales/__tests__/common-keys.test.ts[2m > [22mlocale files[2m > [22mhas key dashboard.monthlyTrends.revenue in both id and en locales[32m 0[2mms[22m[39m
 [32m✓[39m src/locales/__tests__/common-keys.test.ts[2m > [22mlocale files[2m > [22mhas key dashboard.monthlyTrends.orderCount in both id and en locales[32m 0[2mms[22m[39m
 [32m✓[39m src/locales/__tests__/common-keys.test.ts[2m > [22mlocale files[2m > [22mhas key dashboard.monthlyTrends.paidOrders in both id and en locales[32m 0[2mms[22m[39m
 [32m✓[39m src/locales/__tests__/common-keys.test.ts[2m > [22mlocale files[2m > [22mhas key dashboard.monthlyTrends.completedOrders in both id and en locales[32m 0[2mms[22m[39m
 [32m✓[39m src/locales/__tests__/common-keys.test.ts[2m > [22mlocale files[2m > [22mhas key dashboard.monthlyTrends.dataTableLabel in both id and en locales[32m 0[2mms[22m[39m
 [32m✓[39m src/locales/__tests__/common-keys.test.ts[2m > [22mlocale files[2m > [22mhas key dashboard.monthlyTrends.periodColumn in both id and en locales[32m 0[2mms[22m[39m
 [32m✓[39m src/locales/__tests__/common-keys.test.ts[2m > [22mlocale files[2m > [22mhas key dashboard.monthlyTrends.incomingColumn in both id and en locales[32m 0[2mms[22m[39m
 [32m✓[39m src/locales/__tests__/common-keys.test.ts[2m > [22mlocale files[2m > [22mhas key dashboard.monthlyTrends.paidColumn in both id and en locales[32m 0[2mms[22m[39m
 [32m✓[39m src/locales/__tests__/common-keys.test.ts[2m > [22mlocale files[2m > [22mhas key dashboard.monthlyTrends.completedColumn in both id and en locales[32m 0[2mms[22m[39m
 [32m✓[39m src/locales/__tests__/common-keys.test.ts[2m > [22mlocale files[2m > [22mhas key dashboard.monthlyTrends.revenueColumn in both id and en locales[32m 0[2mms[22m[39m
 [32m✓[39m src/locales/__tests__/common-keys.test.ts[2m > [22mlocale files[2m > [22mhas key dashboard.monthlyTrends.latest12Months in both id and en locales[32m 0[2mms[22m[39m
 [32m✓[39m src/locales/__tests__/common-keys.test.ts[2m > [22mlocale files[2m > [22mhas key dashboard.monthlyTrends.period.day in both id and en locales[32m 0[2mms[22m[39m
 [32m✓[39m src/locales/__tests__/common-keys.test.ts[2m > [22mlocale files[2m > [22mhas key dashboard.monthlyTrends.period.week in both id and en locales[32m 0[2mms[22m[39m
 [32m✓[39m src/locales/__tests__/common-keys.test.ts[2m > [22mlocale files[2m > [22mhas key dashboard.monthlyTrends.period.month in both id and en locales[32m 0[2mms[22m[39m
 [32m✓[39m src/locales/__tests__/common-keys.test.ts[2m > [22mlocale files[2m > [22mhas key dashboard.monthlyTrends.period.year in both id and en locales[32m 0[2mms[22m[39m
 [32m✓[39m src/locales/__tests__/common-keys.test.ts[2m > [22mlocale files[2m > [22mhas key dashboard.monthlyTrends.granularity.day in both id and en locales[32m 0[2mms[22m[39m
 [32m✓[39m src/locales/__tests__/common-keys.test.ts[2m > [22mlocale files[2m > [22mhas key dashboard.monthlyTrends.granularity.week in both id and en locales[32m 0[2mms[22m[39m
 [32m✓[39m src/locales/__tests__/common-keys.test.ts[2m > [22mlocale files[2m > [22mhas key dashboard.monthlyTrends.granularity.month in both id and en locales[32m 0[2mms[22m[39m
 [32m✓[39m src/locales/__tests__/common-keys.test.ts[2m > [22mlocale files[2m > [22mhas key dashboard.monthlyTrends.granularity.year in both id and en locales[32m 0[2mms[22m[39m
 [32m✓[39m src/locales/__tests__/common-keys.test.ts[2m > [22mlocale files[2m > [22mhas key dashboard.monthlyTrends.granularityAriaLabel in both id and en locales[32m 0[2mms[22m[39m
 [32m✓[39m src/locales/__tests__/common-keys.test.ts[2m > [22mlocale files[2m > [22mhas key dashboard.monthlyTrends.loading in both id and en locales[32m 0[2mms[22m[39m
 [32m✓[39m src/locales/__tests__/common-keys.test.ts[2m > [22mlocale files[2m > [22mhas key dashboard.monthlyTrends.emptyDescription in both id and en locales[32m 0[2mms[22m[39m
 [32m✓[39m src/locales/__tests__/common-keys.test.ts[2m > [22mlocale files[2m > [22mhas key dashboard.monthlyTrends.errorMessage in both id and en locales[32m 0[2mms[22m[39m
 [32m✓[39m src/locales/__tests__/common-keys.test.ts[2m > [22mlocale files[2m > [22mhas key dashboard.monthlyTrends.zeroValueSummary in both id and en locales[32m 0[2mms[22m[39m
 [32m✓[39m src/locales/__tests__/common-keys.test.ts[2m > [22mlocale files[2m > [22mhas key dashboard.monthlyTrends.chartAriaLabel in both id and en locales[32m 0[2mms[22m[39m
 [32m✓[39m src/locales/__tests__/common-keys.test.ts[2m > [22mlocale files[2m > [22mhas key dashboard.monthlyTrends.chartDescription in both id and en locales[32m 0[2mms[22m[39m
 [32m✓[39m src/locales/__tests__/common-keys.test.ts[2m > [22mlocale files[2m > [22mhas key dashboard.monthlyTrends.revenueTrendTitle in both id and en locales[32m 0[2mms[22m[39m
 [32m✓[39m src/locales/__tests__/common-keys.test.ts[2m > [22mlocale files[2m > [22mhas key dashboard.monthlyTrends.revenueTrendAriaLabel in both id and en locales[32m 0[2mms[22m[39m
 [32m✓[39m src/locales/__tests__/common-keys.test.ts[2m > [22mlocale files[2m > [22mhas key dashboard.monthlyTrends.revenueTrendDescription in both id and en locales[32m 0[2mms[22m[39m
 [32m✓[39m src/locales/__tests__/common-keys.test.ts[2m > [22mlocale files[2m > [22mhas key dashboard.retry in both id and en locales[32m 0[2mms[22m[39m
 [32m✓[39m src/locales/__tests__/common-keys.test.ts[2m > [22mlocale files[2m > [22mhas key orders.quickFilters.all in both id and en locales[32m 0[2mms[22m[39m
 [32m✓[39m src/locales/__tests__/common-keys.test.ts[2m > [22mlocale files[2m > [22mhas key orders.actionGuide.syncOnlyDescription in both id and en locales[32m 0[2mms[22m[39m
 [32m✓[39m src/locales/__tests__/common-keys.test.ts[2m > [22mlocale files[2m > [22mhas key settings.tabs.storeProfile in both id and en locales[32m 0[2mms[22m[39m
 [32m✓[39m src/locales/__tests__/common-keys.test.ts[2m > [22mlocale files[2m > [22mhas key settings.tabs.shippingSettings in both id and en locales[32m 0[2mms[22m[39m
 [32m✓[39m src/locales/__tests__/common-keys.test.ts[2m > [22mlocale files[2m > [22mhas key settings.tabs.paymentSettings in both id and en locales[32m 0[2mms[22m[39m
 [32m✓[39m src/locales/__tests__/common-keys.test.ts[2m > [22mlocale files[2m > [22mhas key settings.tabs.integrationConfig in both id and en locales[32m 0[2mms[22m[39m
 [32m✓[39m src/locales/__tests__/common-keys.test.ts[2m > [22mlocale files[2m > [22mhas key settings.integration.summary.loading in both id and en locales[32m 0[2mms[22m[39m
 [32m✓[39m src/locales/__tests__/common-keys.test.ts[2m > [22mlocale files[2m > [22mhas key settings.integration.summary.empty in both id and en locales[32m 0[2mms[22m[39m
 [32m✓[39m src/locales/__tests__/common-keys.test.ts[2m > [22mlocale files[2m > [22mhas key settings.integration.summary.error in both id and en locales[32m 0[2mms[22m[39m
 [32m✓[39m src/locales/__tests__/common-keys.test.ts[2m > [22mlocale files[2m > [22mhas key settings.integration.audit.actions.runtimeRead in both id and en locales[32m 0[2mms[22m[39m
 [32m✓[39m src/locales/__tests__/common-keys.test.ts[2m > [22mlocale files[2m > [22mhas key settings.integration.audit.actions.secretRotated in both id and en locales[32m 0[2mms[22m[39m
 [32m✓[39m src/locales/__tests__/common-keys.test.ts[2m > [22mlocale files[2m > [22mhas key settings.integration.audit.actions.valueUpdated in both id and en locales[32m 0[2mms[22m[39m
 [32m✓[39m src/locales/__tests__/common-keys.test.ts[2m > [22mlocale files[2m > [22mhas key settings.integration.audit.fallback.technical in both id and en locales[32m 0[2mms[22m[39m
 [32m✓[39m src/locales/__tests__/common-keys.test.ts[2m > [22mlocale files[2m > [22mhas key settings.integration.audit.fields.action in both id and en locales[32m 0[2mms[22m[39m
 [32m✓[39m src/locales/__tests__/common-keys.test.ts[2m > [22mlocale files[2m > [22mhas key settings.integration.audit.fields.actorId in both id and en locales[32m 0[2mms[22m[39m
 [32m✓[39m src/locales/__tests__/common-keys.test.ts[2m > [22mlocale files[2m > [22mhas key settings.integration.audit.fields.actorRole in both id and en locales[32m 0[2mms[22m[39m
 [32m✓[39m src/locales/__tests__/common-keys.test.ts[2m > [22mlocale files[2m > [22mhas key settings.integration.audit.fields.key in both id and en locales[32m 0[2mms[22m[39m
 [32m✓[39m src/locales/__tests__/common-keys.test.ts[2m > [22mlocale files[2m > [22mhas key settings.integration.audit.fields.newValue in both id and en locales[32m 0[2mms[22m[39m
 [32m✓[39m src/locales/__tests__/common-keys.test.ts[2m > [22mlocale files[2m > [22mhas key settings.integration.audit.fields.oldValue in both id and en locales[32m 0[2mms[22m[39m
 [32m✓[39m src/locales/__tests__/common-keys.test.ts[2m > [22mlocale files[2m > [22mhas key settings.integration.audit.fields.reason in both id and en locales[32m 0[2mms[22m[39m
 [32m✓[39m src/locales/__tests__/common-keys.test.ts[2m > [22mlocale files[2m > [22mhas key settings.integration.audit.fields.request in both id and en locales[32m 0[2mms[22m[39m
 [32m✓[39m src/locales/__tests__/common-keys.test.ts[2m > [22mlocale files[2m > [22mhas key settings.integration.audit.fields.source in both id and en locales[32m 0[2mms[22m[39m
 [32m✓[39m src/locales/__tests__/common-keys.test.ts[2m > [22mlocale files[2m > [22mhas key settings.integration.audit.fields.timestamp in both id and en locales[32m 0[2mms[22m[39m
 [32m✓[39m src/locales/__tests__/common-keys.test.ts[2m > [22mlocale files[2m > [22mhas key settings.integration.audit.fields.version in both id and en locales[32m 0[2mms[22m[39m
 [32m✓[39m src/locales/__tests__/common-keys.test.ts[2m > [22mlocale files[2m > [22mhas key settings.integration.audit.fields.versionId in both id and en locales[32m 0[2mms[22m[39m
 [32m✓[39m src/locales/__tests__/common-keys.test.ts[2m > [22mlocale files[2m > [22mhas key settings.integration.technical.description in both id and en locales[32m 0[2mms[22m[39m
 [32m✓[39m src/locales/__tests__/common-keys.test.ts[2m > [22mlocale files[2m > [22mhas key settings.payment.description in both id and en locales[32m 0[2mms[22m[39m
 [32m✓[39m src/locales/__tests__/common-keys.test.ts[2m > [22mlocale files[2m > [22mhas key settings.payment.summary.loading in both id and en locales[32m 0[2mms[22m[39m
 [32m✓[39m src/locales/__tests__/common-keys.test.ts[2m > [22mlocale files[2m > [22mhas key settings.payment.summary.error in both id and en locales[32m 0[2mms[22m[39m
 [32m✓[39m src/locales/__tests__/common-keys.test.ts[2m > [22mlocale files[2m > [22mhas key settings.payment.serverKey.label in both id and en locales[32m 0[2mms[22m[39m
 [32m✓[39m src/locales/__tests__/common-keys.test.ts[2m > [22mlocale files[2m > [22mhas key settings.payment.serverKey.description in both id and en locales[32m 0[2mms[22m[39m
 [32m✓[39m src/locales/__tests__/common-keys.test.ts[2m > [22mlocale files[2m > [22mhas key settings.payment.serverKey.placeholder in both id and en locales[32m 0[2mms[22m[39m
 [32m✓[39m src/locales/__tests__/common-keys.test.ts[2m > [22mlocale files[2m > [22mhas key settings.payment.serverKey.saveSuccess in both id and en locales[32m 0[2mms[22m[39m
 [32m✓[39m src/locales/__tests__/common-keys.test.ts[2m > [22mlocale files[2m > [22mhas key settings.payment.serverKey.saveError in both id and en locales[32m 0[2mms[22m[39m
 [32m✓[39m src/locales/__tests__/common-keys.test.ts[2m > [22mlocale files[2m > [22mhas key settings.payment.mode.label in both id and en locales[32m 0[2mms[22m[39m
 [32m✓[39m src/locales/__tests__/common-keys.test.ts[2m > [22mlocale files[2m > [22mhas key settings.payment.mode.description in both id and en locales[32m 0[2mms[22m[39m
 [32m✓[39m src/locales/__tests__/common-keys.test.ts[2m > [22mlocale files[2m > [22mhas key settings.payment.mode.sandbox in both id and en locales[32m 0[2mms[22m[39m
 [32m✓[39m src/locales/__tests__/common-keys.test.ts[2m > [22mlocale files[2m > [22mhas key settings.payment.mode.production in both id and en locales[32m 0[2mms[22m[39m
 [32m✓[39m src/locales/__tests__/common-keys.test.ts[2m > [22mlocale files[2m > [22mhas key settings.payment.mode.saveSuccess in both id and en locales[32m 0[2mms[22m[39m
 [32m✓[39m src/locales/__tests__/common-keys.test.ts[2m > [22mlocale files[2m > [22mhas key settings.payment.mode.saveError in both id and en locales[32m 0[2mms[22m[39m
 [32m✓[39m src/locales/__tests__/common-keys.test.ts[2m > [22mlocale files[2m > [22mhas key settings.shipping.description in both id and en locales[32m 0[2mms[22m[39m
 [32m✓[39m src/locales/__tests__/common-keys.test.ts[2m > [22mlocale files[2m > [22muses the approved dashboard page and overview labels[32m 0[2mms[22m[39m
 [32m✓[39m src/providers/__tests__/data.test.ts[2m > [22mdataProvider custom deletes[2m > [22mroutes order list reads through order_read_model[32m 2[2mms[22m[39m
 [32m✓[39m src/providers/__tests__/data.test.ts[2m > [22mdataProvider custom deletes[2m > [22mroutes order batch reads through order_read_model[32m 1[2mms[22m[39m
 [32m✓[39m src/providers/__tests__/data.test.ts[2m > [22mdataProvider custom deletes[2m > [22mroutes product list reads through admin_products and normalizes view fields[32m 1[2mms[22m[39m
 [32m✓[39m src/providers/__tests__/data.test.ts[2m > [22mdataProvider custom deletes[2m > [22mroutes dashboard operational metrics through the aggregate RPC[32m 1[2mms[22m[39m
 [32m✓[39m src/providers/__tests__/data.test.ts[2m > [22mdataProvider custom deletes[2m > [22mrequires all operational metrics RPC filters[32m 1[2mms[22m[39m
 [32m✓[39m src/providers/__tests__/data.test.ts[2m > [22mdataProvider custom deletes[2m > [22mroutes product detail reads through admin_products[32m 1[2mms[22m[39m
 [32m✓[39m src/providers/__tests__/data.test.ts[2m > [22mdataProvider custom deletes[2m > [22mroutes product batch reads through admin_products[32m 0[2mms[22m[39m
 [32m✓[39m src/providers/__tests__/data.test.ts[2m > [22mdataProvider custom deletes[2m > [22mhydrates order detail from order_read_model and merges order_items[32m 1[2mms[22m[39m
 [32m✓[39m src/providers/__tests__/data.test.ts[2m > [22mdataProvider custom deletes[2m > [22mkeeps non-order and non-product reads on their original resources[32m 0[2mms[22m[39m
 [32m✓[39m src/providers/__tests__/data.test.ts[2m > [22mdataProvider custom deletes[2m > [22mremoves a category logo from storage before deleting the record[32m 1[2mms[22m[39m
 [32m✓[39m src/providers/__tests__/data.test.ts[2m > [22mdataProvider custom deletes[2m > [22mremoves product images for valid storage URLs before bulk delete[32m 1[2mms[22m[39m
 [32m✓[39m src/providers/__tests__/data.test.ts[2m > [22mdataProvider custom deletes[2m > [22mremoves product images from storage before deleting a single product[32m 0[2mms[22m[39m
 [32m✓[39m src/providers/__tests__/data.test.ts[2m > [22mdataProvider custom deletes[2m > [22mremoves category logos before bulk deleting categories[32m 0[2mms[22m[39m
 [32m✓[39m src/providers/__tests__/data.test.ts[2m > [22mdataProvider custom deletes[2m > [22mcontinues deleting categories when logo cleanup lookup fails[32m 0[2mms[22m[39m
 [32m✓[39m src/providers/__tests__/data.test.ts[2m > [22mdataProvider custom deletes[2m > [22mremoves a home banner media file when no other banner references it[32m 0[2mms[22m[39m
 [32m✓[39m src/providers/__tests__/data.test.ts[2m > [22mdataProvider custom deletes[2m > [22mkeeps a home banner media file when another banner still references it[32m 0[2mms[22m[39m
 [32m✓[39m src/providers/__tests__/data.test.ts[2m > [22mdataProvider custom deletes[2m > [22mremoves a shared home banner media file once all referencing banners are deleted together[32m 0[2mms[22m[39m
 [32m✓[39m supabase/functions/process-webhook-side-effects/__tests__/index.test.ts[2m > [22mprocess-webhook-side-effects handler[2m > [22mdoes not start Deno.serve when importing the handler factory[32m 1[2mms[22m[39m
 [32m✓[39m supabase/functions/process-webhook-side-effects/__tests__/index.test.ts[2m > [22mprocess-webhook-side-effects handler[2m > [22mrejects missing service-role bearer before DB access[32m 4[2mms[22m[39m
 [32m✓[39m supabase/functions/process-webhook-side-effects/__tests__/index.test.ts[2m > [22mprocess-webhook-side-effects handler[2m > [22mprocesses one requested order id with a valid service-role bearer[32m 2[2mms[22m[39m
 [32m✓[39m supabase/functions/process-webhook-side-effects/__tests__/index.test.ts[2m > [22mprocess-webhook-side-effects handler[2m > [22muses safe default batch behavior for malformed JSON[32m 2[2mms[22m[39m
 [32m✓[39m supabase/functions/process-webhook-side-effects/__tests__/index.test.ts[2m > [22mprocess-webhook-side-effects handler[2m > [22mredacts caught worker errors from caller responses[32m 1[2mms[22m[39m
 [32m✓[39m supabase/functions/_shared/__tests__/biteship-runtime-source.test.ts[2m > [22mBiteship runtime config source migration[2m > [22mremoves direct Biteship provider env reads from runtime paths[32m 1[2mms[22m[39m
 [32m✓[39m supabase/functions/_shared/__tests__/biteship-runtime-source.test.ts[2m > [22mBiteship runtime config source migration[2m > [22muses the shared runtime config helper for Biteship API key lookups[32m 0[2mms[22m[39m
 [32m✓[39m supabase/functions/_shared/__tests__/biteship-runtime-source.test.ts[2m > [22mBiteship runtime config source migration[2m > [22mregisters the Biteship handler without a module-level API key guard[32m 0[2mms[22m[39m
 [32m✓[39m supabase/functions/_shared/__tests__/biteship-runtime-source.test.ts[2m > [22mBiteship runtime settings helper[2m > [22mloads runtime config settings without reading legacy store settings[32m 4[2mms[22m[39m
 [32m✓[39m supabase/functions/_shared/__tests__/biteship-runtime-source.test.ts[2m > [22mBiteship runtime settings helper[2m > [22mreports a safe missing API key diagnostic without exposing secret material[32m 1[2mms[22m[39m
 [32m✓[39m supabase/functions/_shared/__tests__/order-aggregate.test.ts[2m > [22mgetOrderAggregateById payment precedence[2m > [22mdefaults payment_status to pending when an order has no payment rows[32m 2[2mms[22m[39m
 [32m✓[39m supabase/functions/_shared/__tests__/order-aggregate.test.ts[2m > [22mgetOrderAggregateById payment precedence[2m > [22mignores stale orders.payment_status values from the base order row[32m 1[2mms[22m[39m
 [32m✓[39m supabase/functions/_shared/__tests__/order-aggregate.test.ts[2m > [22mgetOrderAggregateById payment precedence[2m > [22mderives payment_status from a single pending payment[32m 0[2mms[22m[39m
 [32m✓[39m supabase/functions/_shared/__tests__/order-aggregate.test.ts[2m > [22mgetOrderAggregateById payment precedence[2m > [22mderives payment_status from a single settled payment[32m 0[2mms[22m[39m
 [32m✓[39m supabase/functions/_shared/__tests__/order-aggregate.test.ts[2m > [22mgetOrderAggregateById payment precedence[2m > [22mhydrates currency from the latest payment snapshot[32m 0[2mms[22m[39m
 [32m✓[39m supabase/functions/_shared/__tests__/order-aggregate.test.ts[2m > [22mgetOrderAggregateById payment precedence[2m > [22mmatches order_read_model by using updated_at desc, created_at desc for multiple payment attempts[32m 7[2mms[22m[39m
 [32m✓[39m supabase/functions/_shared/__tests__/order-aggregate.test.ts[2m > [22mgetOrderAggregateById payment precedence[2m > [22mdocuments cleanup does not change business precedence and keeps latest-payment semantics[32m 0[2mms[22m[39m
 [32m✓[39m supabase/functions/_shared/__tests__/cleanup-orphan-storage.test.ts[2m > [22mnormalizeStorageReference[2m > [22mextracts bucket-relative paths from supported Supabase URLs[32m 1[2mms[22m[39m
 [32m✓[39m supabase/functions/_shared/__tests__/cleanup-orphan-storage.test.ts[2m > [22mnormalizeStorageReference[2m > [22maccepts already-relative storage paths and rejects unsafe values[32m 0[2mms[22m[39m
 [32m✓[39m supabase/functions/_shared/__tests__/cleanup-orphan-storage.test.ts[2m > [22mfilterManagedMediaPaths[2m > [22mkeeps only paths within the managed prefixes[32m 1[2mms[22m[39m
 [32m✓[39m supabase/functions/_shared/__tests__/cleanup-orphan-storage.test.ts[2m > [22mcollectReferencedMediaPaths[2m > [22mcollects known media references and reports invalid samples with row identifiers[32m 2[2mms[22m[39m
 [32m✓[39m supabase/functions/_shared/__tests__/cleanup-orphan-storage.test.ts[2m > [22mcollectReferencedMediaPaths[2m > [22mrespects the invalid reference sample limit while keeping a full count[32m 1[2mms[22m[39m
 [32m✓[39m supabase/functions/_shared/__tests__/cleanup-orphan-storage.test.ts[2m > [22mcollectReferencedMediaPaths[2m > [22mfails fast when one of the source queries errors[32m 1[2mms[22m[39m
 [32m✓[39m supabase/functions/_shared/__tests__/cleanup-orphan-storage.test.ts[2m > [22mcollectReferencedMediaPaths[2m > [22mloads additional pages when a table exceeds the first page size[32m 1[2mms[22m[39m
 [32m✓[39m supabase/functions/_shared/__tests__/cleanup-orphan-storage.test.ts[2m > [22mgetCleanupRequestError[2m > [22mrejects non-POST requests and invalid bearer tokens[32m 1[2mms[22m[39m
 [32m✓[39m supabase/functions/_shared/__tests__/cleanup-orphan-storage.test.ts[2m > [22mgetCleanupRequestError[2m > [22maccepts exact service-role bearer tokens and reports misconfiguration without naming secret env vars[32m 0[2mms[22m[39m
 [32m✓[39m supabase/functions/_shared/__tests__/cleanup-orphan-storage.test.ts[2m > [22mshared defaults[2m > [22mkeeps an explicit default sample limit for reporting[32m 0[2mms[22m[39m
 [32m✓[39m src/pages/dashboard/__tests__/dashboardKpis.test.ts[2m > [22mdashboard KPI view model[2m > [22mreturns zero-safe KPI values and a no-risk alert for zero orders[32m 2[2mms[22m[39m
 [32m✓[39m src/pages/dashboard/__tests__/dashboardKpis.test.ts[2m > [22mdashboard KPI view model[2m > [22mcomputes one-decimal payment success when paid orders are lower than total orders[32m 0[2mms[22m[39m
 [32m✓[39m src/pages/dashboard/__tests__/dashboardKpis.test.ts[2m > [22mdashboard KPI view model[2m > [22mcomputes a 100 percent payment success rate when every order is paid[32m 0[2mms[22m[39m
 [32m✓[39m src/pages/dashboard/__tests__/dashboardKpis.test.ts[2m > [22mdashboard KPI view model[2m > [22mkeeps average order value at zero when revenue is zero[32m 0[2mms[22m[39m
 [32m✓[39m src/pages/dashboard/__tests__/dashboardKpis.test.ts[2m > [22mdashboard KPI view model[2m > [22msurfaces paid versus completed order difference as fulfillment risk[32m 0[2mms[22m[39m
 [32m✓[39m src/pages/dashboard/__tests__/dashboardKpis.test.ts[2m > [22mdashboard KPI view model[2m > [22mclamps fulfillment risk to zero when completed orders exceed paid orders[32m 0[2mms[22m[39m
 [32m✓[39m src/pages/dashboard/__tests__/dashboardKpis.test.ts[2m > [22mdashboard KPI view model[2m > [22mreturns deterministic alert severities for stock and metrics errors[32m 0[2mms[22m[39m
 [32m✓[39m supabase/functions/_shared/__tests__/runtime-config.test.ts[2m > [22mruntime config log-safe helpers[2m > [22mdefines typed runtime keys for all non-secret Biteship snapshot origin fields[32m 2[2mms[22m[39m
 [32m✓[39m supabase/functions/_shared/__tests__/runtime-config.test.ts[2m > [22mruntime config log-safe helpers[2m > [22mmasks and fingerprints values without exposing plaintext[32m 2[2mms[22m[39m
 [32m✓[39m supabase/functions/_shared/__tests__/runtime-config.test.ts[2m > [22mruntime config database lookups[2m > [22mloads active config through the service-role RPC and reuses the TTL cache[32m 3[2mms[22m[39m
 [32m✓[39m supabase/functions/_shared/__tests__/runtime-config.test.ts[2m > [22mruntime config database lookups[2m > [22mreturns active and grace candidates with active first[32m 1[2mms[22m[39m
 [32m✓[39m supabase/functions/_shared/__tests__/runtime-config.test.ts[2m > [22mruntime config database lookups[2m > [22mloads an explicit config version by key and version number[32m 1[2mms[22m[39m
 [32m✓[39m supabase/functions/_shared/__tests__/runtime-config.test.ts[2m > [22mruntime config cutover errors[2m > [22mfails closed for required config without reading provider environment[32m 1[2mms[22m[39m
 [32m✓[39m supabase/functions/_shared/__tests__/runtime-config.test.ts[2m > [22mruntime config cutover errors[2m > [22mreturns null for optional missing config without provider fallback[32m 0[2mms[22m[39m
 [32m✓[39m supabase/functions/_shared/__tests__/runtime-config.test.ts[2m > [22mruntime config cutover errors[2m > [22mfails closed in pre-signature mode without provider fallback[32m 0[2mms[22m[39m
 [32m✓[39m supabase/functions/_shared/__tests__/runtime-config.test.ts[2m > [22mruntime config cutover errors[2m > [22mreports unavailable database lookups without leaking database messages[32m 0[2mms[22m[39m
 [32m✓[39m src/utils/__tests__/mfa.test.ts[2m > [22mmfa utils[2m > [22mexports the MFA verification route[32m 2[2mms[22m[39m
 [32m✓[39m src/utils/__tests__/mfa.test.ts[2m > [22mmfa utils[2m > [22mstores only safe pending MFA fields in a user-scoped sessionStorage key[32m 2[2mms[22m[39m
 [32m✓[39m src/utils/__tests__/mfa.test.ts[2m > [22mmfa utils[2m > [22momits unsafe post-MFA return destinations from pending state[32m 1[2mms[22m[39m
 [32m✓[39m src/utils/__tests__/mfa.test.ts[2m > [22mmfa utils[2m > [22mnormalizes safe relative post-MFA return destinations[32m 1[2mms[22m[39m
 [32m✓[39m src/utils/__tests__/mfa.test.ts[2m > [22mmfa utils[2m > [22mkeeps pending MFA state isolated per user and supports cleanup helpers[32m 2[2mms[22m[39m
 [32m✓[39m src/utils/__tests__/mfa.test.ts[2m > [22mmfa utils[2m > [22mexpires pending MFA state after ten minutes[32m 1[2mms[22m[39m
 [32m✓[39m src/utils/__tests__/mfa.test.ts[2m > [22mmfa utils[2m > [22mcleans up pending MFA entries whose stored user id does not match the lookup user[32m 0[2mms[22m[39m
 [32m✓[39m src/utils/__tests__/mfa.test.ts[2m > [22mmfa utils[2m > [22mcleans up malformed pending MFA JSON entries[32m 0[2mms[22m[39m
 [32m✓[39m src/utils/__tests__/mfa.test.ts[2m > [22mmfa utils[2m > [22mcleans up pending MFA entries with invalid shapes[32m 0[2mms[22m[39m
 [32m✓[39m src/utils/__tests__/mfa.test.ts[2m > [22mmfa utils[2m > [22mcleans up pending MFA entries with unsafe stored return destinations[32m 0[2mms[22m[39m
 [32m✓[39m src/utils/__tests__/mfa.test.ts[2m > [22mmfa utils[2m > [22mfilters only verified TOTP factors[32m 0[2mms[22m[39m
 [32m✓[39m supabase/migrations/__tests__/database-backed-integration-config-migration.test.ts[2m > [22mdatabase backed integration config migration[2m > [22mcreates private metadata, version, current pointer, audit, and Biteship snapshot tables[32m 2[2mms[22m[39m
 [32m✓[39m supabase/migrations/__tests__/database-backed-integration-config-migration.test.ts[2m > [22mdatabase backed integration config migration[2m > [22mseeds the v1 integration config key definitions without committed values[32m 1[2mms[22m[39m
 [32m✓[39m supabase/migrations/__tests__/database-backed-integration-config-migration.test.ts[2m > [22mdatabase backed integration config migration[2m > [22madds constraints and indexes for current versions, audit lookup, and snapshots[32m 0[2mms[22m[39m
 [32m✓[39m supabase/migrations/__tests__/database-backed-integration-config-migration.test.ts[2m > [22mdatabase backed integration config migration[2m > [22msupports active, grace, and terminal config version statuses[32m 0[2mms[22m[39m
 [32m✓[39m supabase/migrations/__tests__/database-backed-integration-config-migration.test.ts[2m > [22mdatabase backed integration config migration[2m > [22mtransitions previous active versions when a new current version is activated[32m 1[2mms[22m[39m
 [32m✓[39m supabase/migrations/__tests__/database-backed-integration-config-migration.test.ts[2m > [22mdatabase backed integration config migration[2m > [22mkeeps app tables free of plaintext secret columns[32m 1[2mms[22m[39m
 [32m✓[39m supabase/migrations/__tests__/database-backed-integration-config-migration.test.ts[2m > [22mdatabase backed integration config migration[2m > [22mdefines hardened service-role-only runtime and mutation RPCs[32m 1[2mms[22m[39m
 [32m✓[39m supabase/migrations/__tests__/database-backed-integration-config-migration.test.ts[2m > [22mdatabase backed integration config migration[2m > [22madds service-role public RPC wrappers without exposing private storage[32m 2[2mms[22m[39m
 [32m✓[39m supabase/migrations/__tests__/database-backed-integration-config-migration.test.ts[2m > [22mdatabase backed integration config migration[2m > [22mlimits Vault plaintext access to locked runtime and rotation routines[32m 1[2mms[22m[39m
 [32m✓[39m supabase/migrations/__tests__/database-backed-integration-config-migration.test.ts[2m > [22mdatabase backed integration config migration[2m > [22mreturns only masked metadata from summary and audit routines[32m 0[2mms[22m[39m
 [32m✓[39m supabase/migrations/__tests__/database-backed-integration-config-migration.test.ts[2m > [22mdatabase backed integration config migration[2m > [22mrevokes direct private table access from browser roles[32m 0[2mms[22m[39m
 [32m✓[39m src/constants/__tests__/orders.test.ts[2m > [22morder constants[2m > [22mmaps known order statuses to UI colors[32m 1[2mms[22m[39m
 [32m✓[39m src/constants/__tests__/orders.test.ts[2m > [22morder constants[2m > [22mmaps payment statuses to UI colors[32m 0[2mms[22m[39m
 [32m✓[39m src/constants/__tests__/orders.test.ts[2m > [22morder constants[2m > [22mbuilds translated status filter options in admin order[32m 1[2mms[22m[39m
 [32m✓[39m src/constants/__tests__/orders.test.ts[2m > [22morder constants[2m > [22mbuilds translated payment filter options in admin order[32m 1[2mms[22m[39m
 [32m✓[39m src/constants/__tests__/orders.test.ts[2m > [22morder constants[2m > [22mkeeps only the allowed admin status transitions[32m 0[2mms[22m[39m
 [32m✓[39m src/constants/__tests__/orders.test.ts[2m > [22morder constants[2m > [22mdoes not expose the legacy paid status as a target option[32m 1[2mms[22m[39m
 [32m✓[39m src/constants/__tests__/orders.test.ts[2m > [22morder constants[2m > [22mkeeps Biteship-managed awaiting_shipment orders on provider-driven transitions by default[32m 0[2mms[22m[39m
 [32m✓[39m src/constants/__tests__/orders.test.ts[2m > [22morder constants[2m > [22mkeeps downstream provider-managed shipping progress sync-driven[32m 0[2mms[22m[39m
 [32m✓[39m src/utils/__tests__/storage.test.ts[2m > [22mstorage utils[2m > [22msanitizeFilename[2m > [22mshould remove path separators[32m 2[2mms[22m[39m
 [32m✓[39m src/utils/__tests__/storage.test.ts[2m > [22mstorage utils[2m > [22msanitizeFilename[2m > [22mshould return 'image' for empty or invalid input[32m 0[2mms[22m[39m
 [32m✓[39m src/utils/__tests__/storage.test.ts[2m > [22mstorage utils[2m > [22msanitizeFilename[2m > [22mshould return normal filename as is[32m 0[2mms[22m[39m
 [32m✓[39m src/utils/__tests__/storage.test.ts[2m > [22mstorage utils[2m > [22msanitizeFilename[2m > [22mshould replace special characters with underscores[32m 0[2mms[22m[39m
 [32m✓[39m src/utils/__tests__/storage.test.ts[2m > [22mstorage utils[2m > [22msanitizeFilename[2m > [22mshould truncate to 100 characters[32m 0[2mms[22m[39m
 [32m✓[39m src/utils/__tests__/storage.test.ts[2m > [22mstorage utils[2m > [22mvalidateImageFile[2m > [22mshould return valid for a correct JPEG file[32m 1[2mms[22m[39m
 [32m✓[39m src/utils/__tests__/storage.test.ts[2m > [22mstorage utils[2m > [22mvalidateImageFile[2m > [22mshould return error for file that is too large[32m 4[2mms[22m[39m
 [32m✓[39m src/utils/__tests__/storage.test.ts[2m > [22mstorage utils[2m > [22mvalidateImageFile[2m > [22mshould return error for invalid MIME type[32m 0[2mms[22m[39m
 [32m✓[39m src/utils/__tests__/storage.test.ts[2m > [22mstorage utils[2m > [22mgetStoragePathFromPublicUrl[2m > [22mshould extract path correctly from a valid URL[32m 0[2mms[22m[39m
 [32m✓[39m src/utils/__tests__/storage.test.ts[2m > [22mstorage utils[2m > [22mgetStoragePathFromPublicUrl[2m > [22mshould return null for paths containing '..'[32m 0[2mms[22m[39m
 [32m✓[39m src/utils/__tests__/storage.test.ts[2m > [22mstorage utils[2m > [22mgetStoragePathFromPublicUrl[2m > [22mshould return null for empty string[32m 0[2mms[22m[39m
 [32m✓[39m src/utils/__tests__/storage.test.ts[2m > [22mstorage utils[2m > [22mgetStoragePathFromPublicUrl[2m > [22mshould return null for non-matching URL[32m 0[2mms[22m[39m
 [32m✓[39m src/utils/__tests__/storage.test.ts[2m > [22mstorage utils[2m > [22mgetStoragePathFromReference[2m > [22msupports both public URLs and bucket-relative paths[32m 0[2mms[22m[39m
 [32m✓[39m src/utils/__tests__/storage.test.ts[2m > [22mstorage utils[2m > [22mgetStoragePathFromReference[2m > [22mrejects unsafe or empty references[32m 0[2mms[22m[39m
 [32m✓[39m src/utils/__tests__/storage.test.ts[2m > [22mstorage utils[2m > [22mpublic URL helpers[2m > [22mbuilds and resolves public URLs from relative paths and preserves remote URLs[32m 0[2mms[22m[39m
 [32m✓[39m supabase/functions/_shared/__tests__/order-manager-mutation.test.ts[2m > [22morder-manager mutation helpers[2m > [22mcreates an empty shipment snapshot when no row exists[32m 1[2mms[22m[39m
 [32m✓[39m supabase/functions/_shared/__tests__/order-manager-mutation.test.ts[2m > [22morder-manager mutation helpers[2m > [22mnormalizes a live shipment row into a restoreable snapshot[32m 0[2mms[22m[39m
 [32m✓[39m supabase/functions/_shared/__tests__/order-manager-mutation.test.ts[2m > [22morder-manager mutation helpers[2m > [22mbuilds a restore payload only when a shipment existed before the mutation[32m 0[2mms[22m[39m
 [32m✓[39m supabase/functions/_shared/__tests__/order-manager-mutation.test.ts[2m > [22morder-manager mutation helpers[2m > [22mrolls back when a downstream mutation fails after the primary write succeeded[32m 1[2mms[22m[39m
 [32m✓[39m supabase/functions/_shared/__tests__/order-manager-mutation.test.ts[2m > [22morder-manager mutation helpers[2m > [22mdoes not rollback when the primary mutation never succeeded[32m 0[2mms[22m[39m
 [32m✓[39m supabase/functions/_shared/__tests__/order-manager-mutation.test.ts[2m > [22morder-manager mutation helpers[2m > [22msurfaces the original mutation error even when rollback also fails[32m 1[2mms[22m[39m
 [32m✓[39m supabase/functions/_shared/__tests__/request-id.test.ts[2m > [22mrequest ID helpers[2m > [22mpreserves a valid incoming request ID[32m 1[2mms[22m[39m
 [32m✓[39m supabase/functions/_shared/__tests__/request-id.test.ts[2m > [22mrequest ID helpers[2m > [22mgenerates a fallback when the incoming request ID is absent[32m 0[2mms[22m[39m
 [32m✓[39m supabase/functions/_shared/__tests__/request-id.test.ts[2m > [22mrequest ID helpers[2m > [22mreplaces oversized incoming request IDs[32m 0[2mms[22m[39m
 [32m✓[39m supabase/functions/_shared/__tests__/request-id.test.ts[2m > [22mrequest ID helpers[2m > [22mreplaces newline and control-character request IDs[32m 0[2mms[22m[39m
 [32m✓[39m supabase/functions/_shared/__tests__/request-id.test.ts[2m > [22mrequest ID helpers[2m > [22mreplaces non-ASCII and log-unsafe request IDs[32m 0[2mms[22m[39m
 [32m✓[39m supabase/functions/_shared/__tests__/request-id.test.ts[2m > [22mrequest ID helpers[2m > [22mpreserves existing headers while adding x-request-id[32m 1[2mms[22m[39m
 [32m✓[39m supabase/functions/_shared/__tests__/request-id.test.ts[2m > [22mrequest ID helpers[2m > [22mpreserves response status, body, and headers while adding x-request-id[32m 3[2mms[22m[39m
 [32m✓[39m supabase/functions/_shared/__tests__/biteship-rates.test.ts[2m > [22mshouldUseCoordinateOriginForRates[2m > [22mreturns true when instant-capable couriers are enabled and destination coordinates are present[32m 1[2mms[22m[39m
 [32m✓[39m supabase/functions/_shared/__tests__/biteship-rates.test.ts[2m > [22mshouldUseCoordinateOriginForRates[2m > [22mreturns false when destination coordinates are missing[32m 0[2mms[22m[39m
 [32m✓[39m supabase/functions/_shared/__tests__/biteship-rates.test.ts[2m > [22mshouldUseCoordinateOriginForRates[2m > [22mreturns false when store origin coordinates are missing[32m 0[2mms[22m[39m
 [32m✓[39m supabase/functions/_shared/__tests__/biteship-rates.test.ts[2m > [22mshouldUseCoordinateOriginForRates[2m > [22mreturns false when requested couriers are non-instant only[32m 0[2mms[22m[39m
 [32m✓[39m supabase/functions/_shared/__tests__/biteship-rates.test.ts[2m > [22mbuildRatesRequestPayloads[2m > [22mbuilds one standard area payload for standard-only couriers[32m 1[2mms[22m[39m
 [32m✓[39m supabase/functions/_shared/__tests__/biteship-rates.test.ts[2m > [22mbuildRatesRequestPayloads[2m > [22mbuilds one coordinate payload for instant-only couriers without area or postal fields[32m 0[2mms[22m[39m
 [32m✓[39m supabase/functions/_shared/__tests__/biteship-rates.test.ts[2m > [22mbuildRatesRequestPayloads[2m > [22msplits mixed couriers into standard area/postal and instant coordinate payloads[32m 0[2mms[22m[39m
 [32m✓[39m supabase/functions/_shared/__tests__/biteship-rates.test.ts[2m > [22mbuildRatesRequestPayloads[2m > [22mexcludes and reports instant couriers when destination coordinates are missing but still builds standard payload[32m 0[2mms[22m[39m
 [32m✓[39m supabase/functions/_shared/__tests__/biteship-rates.test.ts[2m > [22mbuildRatesRequestPayloads[2m > [22muses strict origin and destination postal fallbacks when area ids are absent[32m 0[2mms[22m[39m
 [32m✓[39m supabase/functions/_shared/__tests__/biteship-rates.test.ts[2m > [22mbuildRatesRequestPayloads[2m > [22mrejects invalid origin postal codes before building standard rate payloads[32m 1[2mms[22m[39m
 [32m✓[39m supabase/functions/_shared/__tests__/biteship-rates.test.ts[2m > [22mbuildRatesRequestPayloads[2m > [22mrejects invalid destination postal code fallbacks before building standard rate payloads[32m 0[2mms[22m[39m
 [32m✓[39m supabase/functions/_shared/__tests__/biteship-rates.test.ts[2m > [22mbuildRatesRequestPayloads[2m > [22mreports standard group when destination area and postal fallback are missing[32m 0[2mms[22m[39m
 [32m✓[39m supabase/functions/_shared/__tests__/biteship-rates.test.ts[2m > [22mbuildMergedRatesResponse[2m > [22mmerges successful pricing arrays and preserves warnings for partial failures[32m 0[2mms[22m[39m
 [32m✓[39m supabase/functions/_shared/__tests__/biteship-rates.test.ts[2m > [22mbuildMergedRatesResponse[2m > [22mreturns actionable diagnostics and upstream status when all groups fail[32m 0[2mms[22m[39m
 [32m✓[39m supabase/functions/create-snap-token/__tests__/payment-session.test.ts[2m > [22mcreate-snap-token payment session persistence[2m > [22mbinds the exact selected Midtrans config metadata when a new Snap token is stored[32m 4[2mms[22m[39m
 [32m✓[39m supabase/functions/create-snap-token/__tests__/payment-session.test.ts[2m > [22mcreate-snap-token payment session persistence[2m > [22mkeeps reused Snap tokens on their existing config binding instead of passing active secrets[32m 1[2mms[22m[39m
 [32m✓[39m supabase/functions/create-snap-token/__tests__/payment-session.test.ts[2m > [22mcreate-snap-token payment session persistence[2m > [22mcopies source binding metadata when a reused Snap token is persisted to another payment[32m 0[2mms[22m[39m
 [32m✓[39m supabase/functions/create-snap-token/__tests__/payment-session.test.ts[2m > [22mcreate-snap-token payment session persistence[2m > [22mrejects reused Snap token persistence without source payment metadata[32m 1[2mms[22m[39m
 [32m✓[39m supabase/functions/create-snap-token/__tests__/payment-session.test.ts[2m > [22mcreate-snap-token payment session persistence[2m > [22mrejects Midtrans session writes without an explicit config binding[32m 0[2mms[22m[39m
 [32m✓[39m src/utils/__tests__/slugify.test.ts[2m > [22mslugify[2m > [22mshould return an empty string for an empty string input[32m 1[2mms[22m[39m
 [32m✓[39m src/utils/__tests__/slugify.test.ts[2m > [22mslugify[2m > [22mshould return an empty string for null or undefined input[32m 0[2mms[22m[39m
 [32m✓[39m src/utils/__tests__/slugify.test.ts[2m > [22mslugify[2m > [22mshould convert a basic string to a slug[32m 0[2mms[22m[39m
 [32m✓[39m src/utils/__tests__/slugify.test.ts[2m > [22mslugify[2m > [22mshould remove special characters[32m 0[2mms[22m[39m
 [32m✓[39m src/utils/__tests__/slugify.test.ts[2m > [22mslugify[2m > [22mshould collapse multiple spaces and hyphens[32m 0[2mms[22m[39m
 [32m✓[39m src/utils/__tests__/slugify.test.ts[2m > [22mslugify[2m > [22mshould remove leading and trailing hyphens[32m 0[2mms[22m[39m
 [32m✓[39m src/utils/__tests__/slugify.test.ts[2m > [22mslugify[2m > [22mshould handle mixed case strings[32m 0[2mms[22m[39m
 [32m✓[39m supabase/functions/_shared/__tests__/checkout-order-aggregate-sql.test.ts[2m > [22mcheckout order aggregate SQL[2m > [22msnapshots the current product SKU into each order item[32m 1[2mms[22m[39m
 [32m✓[39m supabase/functions/_shared/__tests__/checkout-order-aggregate-sql.test.ts[2m > [22mcheckout order aggregate SQL[2m > [22mkeeps product_id as the relational key and stores SKU as a text snapshot[32m 0[2mms[22m[39m
 [32m✓[39m supabase/functions/_shared/__tests__/checkout-order-aggregate-sql.test.ts[2m > [22mcheckout order aggregate SQL[2m > [22mdoes not update historical order item SKU snapshots after insert[32m 0[2mms[22m[39m
 [32m✓[39m supabase/functions/_shared/__tests__/checkout-order-aggregate-sql.test.ts[2m > [22mcheckout order aggregate SQL[2m > [22mhardens checkout as a definer function while preserving SKU snapshots[32m 1[2mms[22m[39m
 [32m✓[39m supabase/functions/_shared/__tests__/checkout-order-aggregate-sql.test.ts[2m > [22mcheckout order aggregate SQL[2m > [22mkeeps checkout RPC private to the server-side service role[32m 0[2mms[22m[39m
 [32m✓[39m supabase/functions/_shared/__tests__/checkout-order-aggregate-sql.test.ts[2m > [22mcheckout order aggregate SQL[2m > [22mreplaces checkout RPC with the selected cart item signature[32m 0[2mms[22m[39m
 [32m✓[39m supabase/functions/_shared/__tests__/checkout-order-aggregate-sql.test.ts[2m > [22mcheckout order aggregate SQL[2m > [22mvalidates selected cart item IDs before creating a new checkout aggregate[32m 0[2mms[22m[39m
 [32m✓[39m supabase/functions/_shared/__tests__/checkout-order-aggregate-sql.test.ts[2m > [22mcheckout order aggregate SQL[2m > [22mlocks and aggregates only selected cart rows in deterministic order[32m 0[2mms[22m[39m
 [32m✓[39m supabase/functions/_shared/__tests__/checkout-order-aggregate-sql.test.ts[2m > [22mcheckout order aggregate SQL[2m > [22muses the selected-only aggregate for subtotal, item count, and payment gross amount[32m 1[2mms[22m[39m
 [32m✓[39m supabase/functions/_shared/__tests__/checkout-order-aggregate-sql.test.ts[2m > [22mcheckout order aggregate SQL[2m > [22mbuilds order_items only from the selected cart snapshot and never from the full cart[32m 0[2mms[22m[39m
 [32m✓[39m supabase/functions/_shared/__tests__/checkout-order-aggregate-sql.test.ts[2m > [22mcheckout order aggregate SQL[2m > [22mrejects invalid selected rows while allowing invalid unselected cart rows to remain outside the aggregate[32m 0[2mms[22m[39m
 [32m✓[39m supabase/functions/_shared/__tests__/checkout-order-aggregate-sql.test.ts[2m > [22mcheckout order aggregate SQL[2m > [22mpersists selected cart provenance on order items without deleting cart rows[32m 0[2mms[22m[39m
 [32m✓[39m supabase/functions/_shared/__tests__/checkout-order-aggregate-sql.test.ts[2m > [22mcheckout order aggregate SQL[2m > [22mpreserves SKU snapshots, idempotency lookup, and service-role grants[32m 0[2mms[22m[39m
 [32m✓[39m supabase/functions/_shared/__tests__/checkout-order-aggregate-sql.test.ts[2m > [22mcheckout order aggregate SQL[2m > [22mkeeps checkout coalesce syntax valid in the lint-fix migration[32m 0[2mms[22m[39m
 [32m✓[39m supabase/functions/_shared/__tests__/checkout-order-aggregate-sql.test.ts[2m > [22mcheckout order aggregate SQL[2m > [22madds admin-only SKU read views and grants them only to authenticated users[32m 0[2mms[22m[39m
 [32m✓[39m supabase/functions/_shared/__tests__/checkout-order-aggregate-sql.test.ts[2m > [22mcheckout order aggregate SQL[2m > [22mremoves customer SKU column access without broad product SELECT grants[32m 0[2mms[22m[39m
 [32m✓[39m supabase/functions/_shared/__tests__/checkout-order-aggregate-sql.test.ts[2m > [22mcheckout order aggregate SQL[2m > [22mrestricts admin SKU views to authenticated SELECT only[32m 0[2mms[22m[39m
 [32m✓[39m supabase/functions/_shared/__tests__/checkout-order-aggregate-sql.test.ts[2m > [22mcheckout order aggregate SQL[2m > [22mmoves admin SKU views to security-invoker wrappers over private gated functions[32m 0[2mms[22m[39m
 [32m✓[39m src/utils/__tests__/sku.test.ts[2m > [22msku utils[2m > [22mnormalizeSku[2m > [22mnormalizes whitespace, separators, and case[32m 2[2mms[22m[39m
 [32m✓[39m src/utils/__tests__/sku.test.ts[2m > [22msku utils[2m > [22mnormalizeSku[2m > [22mremoves special and non-ascii characters[32m 0[2mms[22m[39m
 [32m✓[39m src/utils/__tests__/sku.test.ts[2m > [22msku utils[2m > [22mnormalizeSku[2m > [22mreturns an empty string for blank input[32m 0[2mms[22m[39m
 [32m✓[39m src/utils/__tests__/sku.test.ts[2m > [22msku utils[2m > [22misValidSku[2m > [22maccepts only raw normalized SKUs[32m 1[2mms[22m[39m
 [32m✓[39m src/utils/__tests__/sku.test.ts[2m > [22msku utils[2m > [22misValidSku[2m > [22mrejects invalid length and character boundaries[32m 0[2mms[22m[39m
 [32m✓[39m src/utils/__tests__/sku.test.ts[2m > [22msku utils[2m > [22misValidSku[2m > [22maccepts values within regex and length constraints[32m 0[2mms[22m[39m
 [32m✓[39m src/utils/__tests__/sku.test.ts[2m > [22msku utils[2m > [22mgenerateSkuCandidate[2m > [22muses normalized category and product phrase tokens with a 4-character suffix[32m 2[2mms[22m[39m
 [32m✓[39m src/utils/__tests__/sku.test.ts[2m > [22msku utils[2m > [22mgenerateSkuCandidate[2m > [22mfalls back to PRD and ITEM when inputs are blank[32m 0[2mms[22m[39m
 [32m✓[39m src/utils/__tests__/sku.test.ts[2m > [22msku utils[2m > [22mgenerateSkuCandidate[2m > [22mkeeps the candidate within the allowed length[32m 1[2mms[22m[39m
 [32m✓[39m src/utils/__tests__/sku.test.ts[2m > [22msku utils[2m > [22misDuplicateSkuError[2m > [22mdetects Postgres unique constraint errors by code[32m 0[2mms[22m[39m
 [32m✓[39m src/utils/__tests__/sku.test.ts[2m > [22msku utils[2m > [22misDuplicateSkuError[2m > [22mdetects duplicate SKU constraint messages[32m 0[2mms[22m[39m
 [32m✓[39m src/utils/__tests__/sku.test.ts[2m > [22msku utils[2m > [22misDuplicateSkuError[2m > [22mignores unrelated errors[32m 0[2mms[22m[39m
 [32m✓[39m supabase/migrations/__tests__/push-delivery-retry-state-migration.test.ts[2m > [22mpush delivery retry state repair migration[2m > [22mkeeps retryable receipt errors eligible for receipt polling[32m 3[2mms[22m[39m
 [32m✓[39m supabase/migrations/__tests__/push-delivery-retry-state-migration.test.ts[2m > [22mpush delivery retry state repair migration[2m > [22mremoves retry schedules from terminal failures[32m 1[2mms[22m[39m
 [32m✓[39m supabase/migrations/__tests__/shipment-settings-schema-cleanup-migration.test.ts[2m > [22mshipment settings schema cleanup stabilization migration[2m > [22mdocuments retained ownership boundaries without removing schema[32m 3[2mms[22m[39m
 [32m✓[39m supabase/migrations/__tests__/shipment-settings-schema-cleanup-migration.test.ts[2m > [22mshipment settings schema cleanup stabilization migration[2m > [22mdoes not run destructive schema or data cleanup[32m 1[2mms[22m[39m
 [32m✓[39m supabase/migrations/__tests__/shipment-settings-schema-cleanup-migration.test.ts[2m > [22mshipment settings schema cleanup stabilization migration[2m > [22mreplaces the admin notification producer while preserving trigger semantics[32m 1[2mms[22m[39m
 [32m✓[39m supabase/migrations/__tests__/shipment-settings-schema-cleanup-migration.test.ts[2m > [22mshipment settings schema cleanup stabilization migration[2m > [22mderives notification payment status from the latest payment row[32m 1[2mms[22m[39m
 [32m✓[39m supabase/migrations/__tests__/shipment-settings-schema-cleanup-migration.test.ts[2m > [22mshipment settings schema cleanup stabilization migration[2m > [22mkeeps private function execution locked away from browser roles[32m 0[2mms[22m[39m
 [32m✓[39m supabase/migrations/__tests__/shipment-settings-schema-cleanup-migration.test.ts[2m > [22morder read-model customer/admin contract[2m > [22mkeeps order_read_model security-invoker with payment and shipment rollup fields[32m 1[2mms[22m[39m
 [32m✓[39m supabase/migrations/__tests__/midtrans-config-version-bindings-migration.test.ts[2m > [22mMidtrans config version binding migration[2m > [22mcreates a private payment binding table keyed by payment and Midtrans order ID[32m 4[2mms[22m[39m
 [32m✓[39m supabase/migrations/__tests__/midtrans-config-version-bindings-migration.test.ts[2m > [22mMidtrans config version binding migration[2m > [22mbinds both Midtrans config keys through composite version foreign keys[32m 3[2mms[22m[39m
 [32m✓[39m supabase/migrations/__tests__/midtrans-config-version-bindings-migration.test.ts[2m > [22mMidtrans config version binding migration[2m > [22mbackfills legacy Midtrans payments to migration-time active config metadata only[32m 0[2mms[22m[39m
 [32m✓[39m supabase/migrations/__tests__/midtrans-config-version-bindings-migration.test.ts[2m > [22mMidtrans config version binding migration[2m > [22mpreserves an existing transaction binding when Snap tokens are reused[32m 3[2mms[22m[39m
 [32m✓[39m supabase/migrations/__tests__/midtrans-config-version-bindings-migration.test.ts[2m > [22mMidtrans config version binding migration[2m > [22mreturns an existing target binding before reading active current config[32m 1[2mms[22m[39m
 [32m✓[39m supabase/migrations/__tests__/midtrans-config-version-bindings-migration.test.ts[2m > [22mMidtrans config version binding migration[2m > [22mcopies source transaction binding metadata for cross-payment Snap token reuse[32m 1[2mms[22m[39m
 [32m✓[39m supabase/migrations/__tests__/midtrans-config-version-bindings-migration.test.ts[2m > [22mMidtrans config version binding migration[2m > [22maccepts explicit selected config metadata for fresh Snap token bindings before active lookup[32m 1[2mms[22m[39m
 [32m✓[39m supabase/migrations/__tests__/midtrans-config-version-bindings-migration.test.ts[2m > [22mMidtrans config version binding migration[2m > [22mexposes only service-role RPC wrappers and stores no plaintext Midtrans secret[32m 1[2mms[22m[39m
 [32m✓[39m supabase/migrations/__tests__/biteship-snapshot-lifecycle-migration.test.ts[2m > [22mBiteship snapshot lifecycle migration[2m > [22mmakes order integration config snapshots immutable after insert[32m 1[2mms[22m[39m
 [32m✓[39m supabase/migrations/__tests__/biteship-snapshot-lifecycle-migration.test.ts[2m > [22mBiteship snapshot lifecycle migration[2m > [22madds service-role snapshot create/read RPCs without exposing secrets[32m 2[2mms[22m[39m
 [32m✓[39m supabase/migrations/__tests__/biteship-snapshot-lifecycle-migration.test.ts[2m > [22mBiteship snapshot lifecycle migration[2m > [22mrejects malformed per-key snapshot config version metadata[32m 0[2mms[22m[39m
 [32m✓[39m supabase/migrations/__tests__/biteship-snapshot-lifecycle-migration.test.ts[2m > [22mBiteship snapshot lifecycle migration[2m > [22madds runtime config definitions for versioned Biteship snapshot origin metadata[32m 0[2mms[22m[39m
 [32m✓[39m supabase/migrations/__tests__/biteship-snapshot-lifecycle-migration.test.ts[2m > [22mBiteship snapshot lifecycle migration[2m > [22mexposes snapshot RPCs only to service_role[32m 0[2mms[22m[39m
 [32m✓[39m src/pages/settings/__tests__/integration-config-client.test.ts[2m > [22mintegrationConfigClient request IDs[2m > [22msends x-request-id headers for secret rotation mutations[32m 3[2mms[22m[39m
 [32m✓[39m src/pages/settings/__tests__/integration-config-client.test.ts[2m > [22mintegrationConfigClient request IDs[2m > [22msends x-request-id headers for value update mutations[32m 1[2mms[22m[39m
 [32m✓[39m src/constants/__tests__/couriers.test.ts[2m > [22mcourier constants helpers[2m > [22mnormalizeCourierSelection[2m > [22mnormalizes casing and whitespace for company-only selections[32m 1[2mms[22m[39m
 [32m✓[39m src/constants/__tests__/couriers.test.ts[2m > [22mcourier constants helpers[2m > [22mnormalizeCourierSelection[2m > [22mnormalizes company and service selections[32m 0[2mms[22m[39m
 [32m✓[39m src/constants/__tests__/couriers.test.ts[2m > [22mcourier constants helpers[2m > [22mnormalizeCourierSelection[2m > [22mreturns null for empty or incomplete selections[32m 0[2mms[22m[39m
 [32m✓[39m src/constants/__tests__/couriers.test.ts[2m > [22mcourier constants helpers[2m > [22mgetCourierSelectionCompany[2m > [22mextracts the company code from normalized selections[32m 0[2mms[22m[39m
 [32m✓[39m src/constants/__tests__/couriers.test.ts[2m > [22mcourier constants helpers[2m > [22mgetCourierSelectionCompany[2m > [22mreturns null for invalid selections[32m 0[2mms[22m[39m
 [32m✓[39m src/constants/__tests__/couriers.test.ts[2m > [22mcourier constants helpers[2m > [22mgetFallbackCourierOption[2m > [22mreturns configured fallback options for known courier companies[32m 0[2mms[22m[39m
 [32m✓[39m src/constants/__tests__/couriers.test.ts[2m > [22mcourier constants helpers[2m > [22mgetFallbackCourierOption[2m > [22mcreates a generic fallback option for unknown courier companies[32m 0[2mms[22m[39m
 [32m✓[39m src/constants/__tests__/couriers.test.ts[2m > [22mcourier constants helpers[2m > [22mparseCouriers[2m > [22mparses, normalizes, and de-duplicates persisted courier selections[32m 0[2mms[22m[39m
 [32m✓[39m src/constants/__tests__/couriers.test.ts[2m > [22mcourier constants helpers[2m > [22mparseCouriers[2m > [22mreturns an empty array when persisted data is empty[32m 0[2mms[22m[39m
 [32m✓[39m src/constants/__tests__/couriers.test.ts[2m > [22mcourier constants helpers[2m > [22mserializeCouriers[2m > [22mserializes selections for storage[32m 0[2mms[22m[39m
 [32m✓[39m src/constants/__tests__/couriers.test.ts[2m > [22mcourier constants helpers[2m > [22mserializeCouriers[2m > [22mreturns null for an empty courier selection list[32m 0[2mms[22m[39m
 [32m✓[39m src/constants/__tests__/couriers.test.ts[2m > [22mcourier constants helpers[2m > [22mkeeps fallback courier services keyed by company and service[32m 0[2mms[22m[39m
 [32m✓[39m supabase/functions/_shared/__tests__/order-flow-rules.test.ts[2m > [22morder flow rules[2m > [22mrequires provider sync when Biteship-managed shipments enter shipped without a manual override[32m 1[2mms[22m[39m
 [32m✓[39m supabase/functions/_shared/__tests__/order-flow-rules.test.ts[2m > [22morder flow rules[2m > [22mallows explicit manual overrides for Biteship-managed shipped transitions[32m 0[2mms[22m[39m
 [32m✓[39m supabase/functions/_shared/__tests__/order-flow-rules.test.ts[2m > [22morder flow rules[2m > [22mdoes not require provider sync for non-shipped transitions[32m 0[2mms[22m[39m
 [32m✓[39m supabase/functions/_shared/__tests__/order-flow-rules.test.ts[2m > [22morder flow rules[2m > [22mkeeps downstream Biteship shipping progress sync-driven[32m 0[2mms[22m[39m
 [32m✓[39m supabase/functions/_shared/__tests__/order-flow-rules.test.ts[2m > [22morder flow rules[2m > [22mallows downstream Biteship shipping progress if manually overridden[32m 0[2mms[22m[39m
 [32m✓[39m supabase/functions/_shared/__tests__/order-flow-rules.test.ts[2m > [22morder flow rules[2m > [22mqueues Biteship fulfillment only for awaiting_shipment orders without a provider order yet[32m 0[2mms[22m[39m
 [32m✓[39m supabase/functions/_shared/__tests__/order-flow-rules.test.ts[2m > [22morder flow rules[2m > [22mderives settlement side effects so awaiting_shipment orders re-queue Biteship fulfillment[32m 1[2mms[22m[39m
 [32m✓[39m supabase/functions/_shared/__tests__/order-flow-rules.test.ts[2m > [22morder flow rules[2m > [22mrequires settled payment before admin fulfillment statuses[32m 0[2mms[22m[39m
 [32m✓[39m supabase/functions/_shared/__tests__/order-flow-rules.test.ts[2m > [22morder flow rules[2m > [22mrejects unpaid order progression into fulfillment statuses[32m 1[2mms[22m[39m
 [32m✓[39m supabase/functions/_shared/__tests__/order-flow-rules.test.ts[2m > [22morder flow rules[2m > [22mallows customer completion only for delivered paid orders[32m 0[2mms[22m[39m
 [32m✓[39m supabase/migrations/__tests__/live-advisor-remediation-migration.test.ts[2m > [22mlive advisor remediation migration[2m > [22madds explicit RLS policy blocks for every no-policy advisor table[32m 2[2mms[22m[39m
 [32m✓[39m supabase/migrations/__tests__/live-advisor-remediation-migration.test.ts[2m > [22mlive advisor remediation migration[2m > [22mdoes not add broad browser-facing using true policies for advisor fixes[32m 1[2mms[22m[39m
 [32m✓[39m supabase/migrations/__tests__/live-advisor-remediation-migration.test.ts[2m > [22mlive advisor remediation migration[2m > [22mdocuments and encodes the claim_profile_push_token authenticated RPC decision[32m 0[2mms[22m[39m
 [32m✓[39m supabase/migrations/__tests__/live-advisor-remediation-migration.test.ts[2m > [22mlive advisor remediation migration[2m > [22madds idempotent FK indexes with exact advisor column order[32m 1[2mms[22m[39m
 [32m✓[39m supabase/migrations/__tests__/live-advisor-remediation-migration.test.ts[2m > [22mlive advisor remediation migration[2m > [22mconsolidates public addresses authenticated SELECT policy without losing owner or admin shipping reads[32m 1[2mms[22m[39m
 [32m✓[39m supabase/migrations/__tests__/integration-config-review-hardening-migration.test.ts[2m > [22mintegration config review hardening migration[2m > [22madds atomic Midtrans payment-session persistence RPCs[32m 2[2mms[22m[39m
 [32m✓[39m supabase/migrations/__tests__/integration-config-review-hardening-migration.test.ts[2m > [22mintegration config review hardening migration[2m > [22mkeeps Midtrans binding source in lookup rows so runtime can distinguish legacy backfills[32m 0[2mms[22m[39m
 [32m✓[39m supabase/migrations/__tests__/integration-config-review-hardening-migration.test.ts[2m > [22mintegration config review hardening migration[2m > [22mrevokes customer-readable access to sensitive Midtrans payload columns[32m 0[2mms[22m[39m
 [32m✓[39m supabase/migrations/__tests__/integration-config-review-hardening-migration.test.ts[2m > [22mintegration config review hardening migration[2m > [22mrejects invalid Biteship coordinate config values before versioning[32m 1[2mms[22m[39m
 [32m✓[39m supabase/migrations/__tests__/integration-config-review-hardening-migration.test.ts[2m > [22mintegration config review hardening migration[2m > [22mrefreshes explicit or source Midtrans bindings instead of reusing stale payment bindings[32m 0[2mms[22m[39m
 [32m✓[39m supabase/migrations/__tests__/integration-config-review-hardening-migration.test.ts[2m > [22mintegration config review hardening migration[2m > [22mrequires a source payment id before Snap token reuse can return or fall back[32m 0[2mms[22m[39m
 [32m✓[39m supabase/functions/_shared/__tests__/biteship-postal-code.test.ts[2m > [22mparseBiteshipPostalCode[2m > [22mparses 12345 into the existing numeric Biteship payload representation[32m 1[2mms[22m[39m
 [32m✓[39m supabase/functions/_shared/__tests__/biteship-postal-code.test.ts[2m > [22mparseBiteshipPostalCode[2m > [22mparses  12345  into the existing numeric Biteship payload representation[32m 0[2mms[22m[39m
 [32m✓[39m supabase/functions/_shared/__tests__/biteship-postal-code.test.ts[2m > [22mparseBiteshipPostalCode[2m > [22mparses 12345 into the existing numeric Biteship payload representation[32m 0[2mms[22m[39m
 [32m✓[39m supabase/functions/_shared/__tests__/biteship-postal-code.test.ts[2m > [22mparseBiteshipPostalCode[2m > [22mrejects invalid destination postal null before payload construction[32m 1[2mms[22m[39m
 [32m✓[39m supabase/functions/_shared/__tests__/biteship-postal-code.test.ts[2m > [22mparseBiteshipPostalCode[2m > [22mrejects invalid destination postal undefined before payload construction[32m 0[2mms[22m[39m
 [32m✓[39m supabase/functions/_shared/__tests__/biteship-postal-code.test.ts[2m > [22mparseBiteshipPostalCode[2m > [22mrejects invalid destination postal  before payload construction[32m 0[2mms[22m[39m
 [32m✓[39m supabase/functions/_shared/__tests__/biteship-postal-code.test.ts[2m > [22mparseBiteshipPostalCode[2m > [22mrejects invalid destination postal 1234 before payload construction[32m 0[2mms[22m[39m
 [32m✓[39m supabase/functions/_shared/__tests__/biteship-postal-code.test.ts[2m > [22mparseBiteshipPostalCode[2m > [22mrejects invalid destination postal 123456 before payload construction[32m 0[2mms[22m[39m
 [32m✓[39m supabase/functions/_shared/__tests__/biteship-postal-code.test.ts[2m > [22mparseBiteshipPostalCode[2m > [22mrejects invalid destination postal 12A45 before payload construction[32m 0[2mms[22m[39m
 [32m✓[39m supabase/functions/_shared/__tests__/biteship-postal-code.test.ts[2m > [22mparseBiteshipPostalCode[2m > [22mrejects invalid destination postal 40181.0 before payload construction[32m 0[2mms[22m[39m
 [32m✓[39m supabase/functions/_shared/__tests__/biteship-postal-code.test.ts[2m > [22mparseBiteshipPostalCode[2m > [22mrejects invalid destination postal NaN before payload construction[32m 0[2mms[22m[39m
 [32m✓[39m supabase/functions/_shared/__tests__/biteship-postal-code.test.ts[2m > [22mparseBiteshipPostalCode[2m > [22mrejects invalid destination postal 0 before payload construction[32m 0[2mms[22m[39m
 [32m✓[39m supabase/functions/_shared/__tests__/biteship-postal-code.test.ts[2m > [22mparseBiteshipPostalCode[2m > [22mnames origin_postal_code in origin validation errors[32m 0[2mms[22m[39m
 [32m✓[39m supabase/functions/_shared/__tests__/biteship-public-tracking.test.ts[2m > [22mbuildTrackingEndpoint[2m > [22mtrims and encodes tracking IDs safely[32m 1[2mms[22m[39m
 [32m✓[39m supabase/functions/_shared/__tests__/biteship-public-tracking.test.ts[2m > [22mbuildTrackingEndpoint[2m > [22mthrows when tracking ID is missing[32m 1[2mms[22m[39m
 [32m✓[39m supabase/functions/_shared/__tests__/biteship-public-tracking.test.ts[2m > [22mbuildPublicTrackingEndpoint[2m > [22mbuilds a public tracking endpoint with normalized courier code[32m 0[2mms[22m[39m
 [32m✓[39m supabase/functions/_shared/__tests__/biteship-public-tracking.test.ts[2m > [22mbuildPublicTrackingEndpoint[2m > [22mencodes path parameters safely[32m 0[2mms[22m[39m
 [32m✓[39m supabase/functions/_shared/__tests__/biteship-public-tracking.test.ts[2m > [22mbuildPublicTrackingEndpoint[2m > [22mthrows when waybill number is missing[32m 0[2mms[22m[39m
 [32m✓[39m supabase/functions/_shared/__tests__/biteship-public-tracking.test.ts[2m > [22mbuildPublicTrackingEndpoint[2m > [22mthrows when courier code is missing[32m 0[2mms[22m[39m
 [32m✓[39m supabase/functions/_shared/__tests__/biteship-public-tracking.test.ts[2m > [22mbuildOrderEndpoint[2m > [22mtrims and encodes order IDs safely[32m 0[2mms[22m[39m
 [32m✓[39m supabase/functions/_shared/__tests__/biteship-public-tracking.test.ts[2m > [22mbuildOrderEndpoint[2m > [22mthrows when order ID is missing[32m 0[2mms[22m[39m
 [32m✓[39m supabase/functions/create-snap-token/__tests__/snap-token-reuse-source.test.ts[2m > [22mcreate-snap-token Snap token reuse source shape[2m > [22mrejects cross-order idempotent Snap token reuse with a conflict before persistence[32m 1[2mms[22m[39m
 [32m✓[39m supabase/functions/create-snap-token/__tests__/snap-token-reuse-source.test.ts[2m > [22mcreate-snap-token Snap token reuse source shape[2m > [22mpasses the reused payment id as sourcePaymentId for every snap_token_reuse binding[32m 1[2mms[22m[39m
 [32m✓[39m supabase/functions/create-snap-token/__tests__/snap-token-reuse-source.test.ts[2m > [22mcreate-snap-token Snap token reuse source shape[2m > [22muses safe provider and lock failure messages instead of raw Midtrans/RPC details[32m 0[2mms[22m[39m
 [32m✓[39m supabase/functions/create-snap-token/__tests__/snap-token-reuse-source.test.ts[2m > [22mcreate-snap-token Snap token reuse source shape[2m > [22mlogs create-snap-token failures with stable categories only[32m 0[2mms[22m[39m
 [32m✓[39m supabase/functions/create-snap-token/__tests__/snap-token-reuse-source.test.ts[2m > [22mcreate-snap-token Snap token reuse source shape[2m > [22mresolves and returns a sanitized request ID for every response path[32m 0[2mms[22m[39m
 [32m✓[39m supabase/migrations/__tests__/push-delivery-tracking-and-receipts-migration.test.ts[2m > [22mpush delivery tracking and receipts migration[2m > [22mcreates profile push token storage with owner-scoped RLS[32m 2[2mms[22m[39m
 [32m✓[39m supabase/migrations/__tests__/push-delivery-tracking-and-receipts-migration.test.ts[2m > [22mpush delivery tracking and receipts migration[2m > [22mcreates non-browser delivery persistence with retry and receipt metadata[32m 0[2mms[22m[39m
 [32m✓[39m supabase/migrations/__tests__/push-delivery-tracking-and-receipts-migration.test.ts[2m > [22mpush delivery tracking and receipts migration[2m > [22madds a guarded notification insert trigger that invokes the push function[32m 0[2mms[22m[39m
 [32m✓[39m supabase/migrations/__tests__/push-delivery-tracking-and-receipts-migration.test.ts[2m > [22mpush delivery tracking and receipts migration[2m > [22mschedules guarded Expo receipt polling through the push function[32m 0[2mms[22m[39m
 [32m✓[39m src/utils/__tests__/customerSearch.test.ts[2m > [22mcustomer search utils[2m > [22mreturns null for nullish, empty, and whitespace-only input[32m 1[2mms[22m[39m
 [32m✓[39m src/utils/__tests__/customerSearch.test.ts[2m > [22mcustomer search utils[2m > [22mnormalizes a basic search term into a Refine OR filter[32m 1[2mms[22m[39m
 [32m✓[39m src/utils/__tests__/customerSearch.test.ts[2m > [22mcustomer search utils[2m > [22muses only the allowlisted customer fields[32m 0[2mms[22m[39m
 [32m✓[39m src/utils/__tests__/customerSearch.test.ts[2m > [22mcustomer search utils[2m > [22mtrims and limits the raw search term to 100 characters[32m 0[2mms[22m[39m
 [32m✓[39m src/utils/__tests__/customerSearch.test.ts[2m > [22mcustomer search utils[2m > [22mescapes special characters that could affect the OR filter syntax[32m 0[2mms[22m[39m
 [32m✓[39m supabase/migrations/__tests__/reject-invalid-expo-push-tokens-migration.test.ts[2m > [22mreject invalid Expo push tokens migration[2m > [22mcleans invalid active token rows and legacy profile mirrors[32m 2[2mms[22m[39m
 [32m✓[39m supabase/migrations/__tests__/reject-invalid-expo-push-tokens-migration.test.ts[2m > [22mreject invalid Expo push tokens migration[2m > [22madds guarded token format constraints[32m 1[2mms[22m[39m
 [32m✓[39m supabase/migrations/__tests__/reject-invalid-expo-push-tokens-migration.test.ts[2m > [22mreject invalid Expo push tokens migration[2m > [22mreplaces the authenticated RPC with server-side Expo token validation[32m 0[2mms[22m[39m
